Archive member included to satisfy reference by file (symbol)

c:/intelfpga_lite/21.1/nios2eds/bin/gnu/h-x86_64-mingw32/bin/../lib/gcc/nios2-elf/10.3.1\libgcc.a(lib2-divmod.o)
                              obj/default/FatFileSystem.o (__udivsi3)
c:/intelfpga_lite/21.1/nios2eds/bin/gnu/h-x86_64-mingw32/bin/../lib/gcc/nios2-elf/10.3.1\libgcc.a(divsf3.o)
                              obj/default/FatFileSystem.o (__divsf3)
c:/intelfpga_lite/21.1/nios2eds/bin/gnu/h-x86_64-mingw32/bin/../lib/gcc/nios2-elf/10.3.1\libgcc.a(mulsf3.o)
                              obj/default/FatFileSystem.o (__mulsf3)
c:/intelfpga_lite/21.1/nios2eds/bin/gnu/h-x86_64-mingw32/bin/../lib/gcc/nios2-elf/10.3.1\libgcc.a(floatunsisf.o)
                              obj/default/FatFileSystem.o (__floatunsisf)
c:/intelfpga_lite/21.1/nios2eds/bin/gnu/h-x86_64-mingw32/bin/../lib/gcc/nios2-elf/10.3.1\libgcc.a(divdf3.o)
                              obj/default/FatFileSystem.o (__divdf3)
c:/intelfpga_lite/21.1/nios2eds/bin/gnu/h-x86_64-mingw32/bin/../lib/gcc/nios2-elf/10.3.1\libgcc.a(extendsfdf2.o)
                              obj/default/FatFileSystem.o (__extendsfdf2)
c:/intelfpga_lite/21.1/nios2eds/bin/gnu/h-x86_64-mingw32/bin/../lib/gcc/nios2-elf/10.3.1\libgcc.a(truncdfsf2.o)
                              obj/default/FatFileSystem.o (__truncdfsf2)
c:/intelfpga_lite/21.1/nios2eds/bin/gnu/h-x86_64-mingw32/bin/../lib/gcc/nios2-elf/10.3.1\libgcc.a(_clzsi2.o)
                              c:/intelfpga_lite/21.1/nios2eds/bin/gnu/h-x86_64-mingw32/bin/../lib/gcc/nios2-elf/10.3.1\libgcc.a(divsf3.o) (__clzsi2)
c:/intelfpga_lite/21.1/nios2eds/bin/gnu/h-x86_64-mingw32/bin/../lib/gcc/nios2-elf/10.3.1\libgcc.a(_clz.o)
                              c:/intelfpga_lite/21.1/nios2eds/bin/gnu/h-x86_64-mingw32/bin/../lib/gcc/nios2-elf/10.3.1\libgcc.a(_clzsi2.o) (__clz_tab)
c:/intelfpga_lite/21.1/nios2eds/bin/gnu/h-x86_64-mingw32/bin/../lib/gcc/nios2-elf/10.3.1/../../../../../H-x86_64-mingw32/nios2-elf/lib\libc.a(lib_a-fclose.o)
                              obj/default/LCD.o (fclose)
c:/intelfpga_lite/21.1/nios2eds/bin/gnu/h-x86_64-mingw32/bin/../lib/gcc/nios2-elf/10.3.1/../../../../../H-x86_64-mingw32/nios2-elf/lib\libc.a(lib_a-fflush.o)
                              c:/intelfpga_lite/21.1/nios2eds/bin/gnu/h-x86_64-mingw32/bin/../lib/gcc/nios2-elf/10.3.1/../../../../../H-x86_64-mingw32/nios2-elf/lib\libc.a(lib_a-fclose.o) (__sflush_r)
c:/intelfpga_lite/21.1/nios2eds/bin/gnu/h-x86_64-mingw32/bin/../lib/gcc/nios2-elf/10.3.1/../../../../../H-x86_64-mingw32/nios2-elf/lib\libc.a(lib_a-findfp.o)
                              c:/intelfpga_lite/21.1/nios2eds/bin/gnu/h-x86_64-mingw32/bin/../lib/gcc/nios2-elf/10.3.1/../../../../../H-x86_64-mingw32/nios2-elf/lib\libc.a(lib_a-fclose.o) (__sinit)
c:/intelfpga_lite/21.1/nios2eds/bin/gnu/h-x86_64-mingw32/bin/../lib/gcc/nios2-elf/10.3.1/../../../../../H-x86_64-mingw32/nios2-elf/lib\libc.a(lib_a-fopen.o)
                              obj/default/LCD.o (fopen)
c:/intelfpga_lite/21.1/nios2eds/bin/gnu/h-x86_64-mingw32/bin/../lib/gcc/nios2-elf/10.3.1/../../../../../H-x86_64-mingw32/nios2-elf/lib\libc.a(lib_a-freer.o)
                              c:/intelfpga_lite/21.1/nios2eds/bin/gnu/h-x86_64-mingw32/bin/../lib/gcc/nios2-elf/10.3.1/../../../../../H-x86_64-mingw32/nios2-elf/lib\libc.a(lib_a-fclose.o) (_free_r)
c:/intelfpga_lite/21.1/nios2eds/bin/gnu/h-x86_64-mingw32/bin/../lib/gcc/nios2-elf/10.3.1/../../../../../H-x86_64-mingw32/nios2-elf/lib\libc.a(lib_a-fseek.o)
                              c:/intelfpga_lite/21.1/nios2eds/bin/gnu/h-x86_64-mingw32/bin/../lib/gcc/nios2-elf/10.3.1/../../../../../H-x86_64-mingw32/nios2-elf/lib\libc.a(lib_a-fopen.o) (_fseek_r)
c:/intelfpga_lite/21.1/nios2eds/bin/gnu/h-x86_64-mingw32/bin/../lib/gcc/nios2-elf/10.3.1/../../../../../H-x86_64-mingw32/nios2-elf/lib\libc.a(lib_a-fseeko.o)
                              c:/intelfpga_lite/21.1/nios2eds/bin/gnu/h-x86_64-mingw32/bin/../lib/gcc/nios2-elf/10.3.1/../../../../../H-x86_64-mingw32/nios2-elf/lib\libc.a(lib_a-fseek.o) (_fseeko_r)
c:/intelfpga_lite/21.1/nios2eds/bin/gnu/h-x86_64-mingw32/bin/../lib/gcc/nios2-elf/10.3.1/../../../../../H-x86_64-mingw32/nios2-elf/lib\libc.a(lib_a-fstatr.o)
                              c:/intelfpga_lite/21.1/nios2eds/bin/gnu/h-x86_64-mingw32/bin/../lib/gcc/nios2-elf/10.3.1/../../../../../H-x86_64-mingw32/nios2-elf/lib\libc.a(lib_a-fseeko.o) (_fstat_r)
c:/intelfpga_lite/21.1/nios2eds/bin/gnu/h-x86_64-mingw32/bin/../lib/gcc/nios2-elf/10.3.1/../../../../../H-x86_64-mingw32/nios2-elf/lib\libc.a(lib_a-fwalk.o)
                              c:/intelfpga_lite/21.1/nios2eds/bin/gnu/h-x86_64-mingw32/bin/../lib/gcc/nios2-elf/10.3.1/../../../../../H-x86_64-mingw32/nios2-elf/lib\libc.a(lib_a-findfp.o) (_fwalk)
c:/intelfpga_lite/21.1/nios2eds/bin/gnu/h-x86_64-mingw32/bin/../lib/gcc/nios2-elf/10.3.1/../../../../../H-x86_64-mingw32/nios2-elf/lib\libc.a(lib_a-fwrite.o)
                              obj/default/LCD.o (fwrite)
[...]
Memory Configuration

Name             Origin             Length             Attributes
cfi_flash        0x0000000002800000 0x0000000000800000
reset            0x0000000003040000 0x0000000000000020
onchip_memory2   0x0000000003040020 0x000000000003ffe0
*default*        0x0000000000000000 0xffffffffffffffff

Linker script and memory map

LOAD c:/Users/Robin/Documents/NHLStenden/FPGA/QuartusPrimeProjects/DE2-115_V.1.0.6_SystemCD/DE2_115_demonstrations/DE2_115_SD_Card_Audio_Player_Copy/Software/Audio_Player_test1_bsp//obj/HAL/src/crt0.o
LOAD obj/default/AUDIO.o
LOAD obj/default/FatFileSystem.o
LOAD obj/default/FatInternal.o
LOAD obj/default/I2C.o
LOAD obj/default/LCD.o
LOAD obj/default/LED.o
LOAD obj/default/SEG7.o
LOAD obj/default/WaveLib.o
LOAD obj/default/crc16.o
LOAD obj/default/crc7.o
LOAD obj/default/debug.o
LOAD obj/default/hello_world.o
LOAD obj/default/sd_hal.o
LOAD obj/default/sd_lib.o
LOAD obj/default/sd_protocol.o
LOAD c:/intelfpga_lite/21.1/nios2eds/bin/gnu/h-x86_64-mingw32/bin/../lib/gcc/nios2-elf/10.3.1/../../../../../H-x86_64-mingw32/nios2-elf/lib\libstdc++.a
LOAD c:/intelfpga_lite/21.1/nios2eds/bin/gnu/h-x86_64-mingw32/bin/../lib/gcc/nios2-elf/10.3.1/../../../../../H-x86_64-mingw32/nios2-elf/lib\libm.a
LOAD c:/intelfpga_lite/21.1/nios2eds/bin/gnu/h-x86_64-mingw32/bin/../lib/gcc/nios2-elf/10.3.1\libgcc.a
START GROUP
LOAD c:/intelfpga_lite/21.1/nios2eds/bin/gnu/h-x86_64-mingw32/bin/../lib/gcc/nios2-elf/10.3.1/../../../../../H-x86_64-mingw32/nios2-elf/lib\libc.a
LOAD c:/intelfpga_lite/21.1/nios2eds/bin/gnu/h-x86_64-mingw32/bin/../lib/gcc/nios2-elf/10.3.1\libgcc.a
LOAD c:/Users/Robin/Documents/NHLStenden/FPGA/QuartusPrimeProjects/DE2-115_V.1.0.6_SystemCD/DE2_115_demonstrations/DE2_115_SD_Card_Audio_Player_Copy/Software/Audio_Player_test1_bsp/\libhal_bsp.a
LOAD c:/intelfpga_lite/21.1/nios2eds/bin/gnu/h-x86_64-mingw32/bin/../lib/gcc/nios2-elf/10.3.1/../../../../../H-x86_64-mingw32/nios2-elf/lib\libm.a
END GROUP
LOAD c:/intelfpga_lite/21.1/nios2eds/bin/gnu/h-x86_64-mingw32/bin/../lib/gcc/nios2-elf/10.3.1\libgcc.a
                0x0000000002800000                __alt_mem_cfi_flash = 0x2800000
                0x0000000003040000                __alt_mem_onchip_memory2 = 0x3040000

.entry          0x0000000003040000       0x20
 *(.entry)
 .entry         0x0000000003040000       0x20 c:/Users/Robin/Documents/NHLStenden/FPGA/QuartusPrimeProjects/DE2-115_V.1.0.6_SystemCD/DE2_115_demonstrations/DE2_115_SD_Card_Audio_Player_Copy/Software/Audio_Player_test1_bsp//obj/HAL/src/crt0.o
                0x0000000003040000                __reset

.exceptions     0x0000000003040020      0x194
                0x0000000003040020                PROVIDE (__ram_exceptions_start = ABSOLUTE (.))
                0x0000000003040020                . = ALIGN (0x20)
 *(.irq)
 *(.exceptions.entry.label)
 .exceptions.entry.label
                0x0000000003040020        0x0 c:/Users/Robin/Documents/NHLStenden/FPGA/QuartusPrimeProjects/DE2-115_V.1.0.6_SystemCD/DE2_115_demonstrations/DE2_115_SD_Card_Audio_Player_Copy/Software/Audio_Player_test1_bsp/\libhal_bsp.a(alt_irq_entry.o)
                0x0000000003040020                alt_irq_entry
 .exceptions.entry.label
                0x0000000003040020        0x0 c:/Users/Robin/Documents/NHLStenden/FPGA/QuartusPrimeProjects/DE2-115_V.1.0.6_SystemCD/DE2_115_demonstrations/DE2_115_SD_Card_Audio_Player_Copy/Software/Audio_Player_test1_bsp/\libhal_bsp.a(alt_exception_entry.o)
                0x0000000003040020                alt_exception
 *(.exceptions.entry.user)
 *(.exceptions.entry.ecc_fatal)
 *(.exceptions.entry)
 .exceptions.entry
                0x0000000003040020       0x54 c:/Users/Robin/Documents/NHLStenden/FPGA/QuartusPrimeProjects/DE2-115_V.1.0.6_SystemCD/DE2_115_demonstrations/DE2_115_SD_Card_Audio_Player_Copy/Software/Audio_Player_test1_bsp/\libhal_bsp.a(alt_exception_entry.o)
 *(.exceptions.irqtest.user)
 *(.exceptions.irqtest)
 .exceptions.irqtest
                0x0000000003040074       0x10 c:/Users/Robin/Documents/NHLStenden/FPGA/QuartusPrimeProjects/DE2-115_V.1.0.6_SystemCD/DE2_115_demonstrations/DE2_115_SD_Card_Audio_Player_Copy/Software/Audio_Player_test1_bsp/\libhal_bsp.a(alt_irq_entry.o)
 *(.exceptions.irqhandler.user)
 *(.exceptions.irqhandler)
 .exceptions.irqhandler
                0x0000000003040084        0x4 c:/Users/Robin/Documents/NHLStenden/FPGA/QuartusPrimeProjects/DE2-115_V.1.0.6_SystemCD/DE2_115_demonstrations/DE2_115_SD_Card_Audio_Player_Copy/Software/Audio_Player_test1_bsp/\libhal_bsp.a(alt_irq_entry.o)
 *(.exceptions.irqreturn.user)
 *(.exceptions.irqreturn)
 .exceptions.irqreturn
                0x0000000003040088        0x4 c:/Users/Robin/Documents/NHLStenden/FPGA/QuartusPrimeProjects/DE2-115_V.1.0.6_SystemCD/DE2_115_demonstrations/DE2_115_SD_Card_Audio_Player_Copy/Software/Audio_Player_test1_bsp/\libhal_bsp.a(alt_irq_entry.o)
 *(.exceptions.notirq.label)
 .exceptions.notirq.label
                0x000000000304008c        0x0 c:/Users/Robin/Documents/NHLStenden/FPGA/QuartusPrimeProjects/DE2-115_V.1.0.6_SystemCD/DE2_115_demonstrations/DE2_115_SD_Card_Audio_Player_Copy/Software/Audio_Player_test1_bsp/\libhal_bsp.a(alt_irq_entry.o)
 *(.exceptions.notirq.user)
 *(.exceptions.notirq)
 .exceptions.notirq
                0x000000000304008c        0x8 c:/Users/Robin/Documents/NHLStenden/FPGA/QuartusPrimeProjects/DE2-115_V.1.0.6_SystemCD/DE2_115_demonstrations/DE2_115_SD_Card_Audio_Player_Copy/Software/Audio_Player_test1_bsp/\libhal_bsp.a(alt_exception_entry.o)
 *(.exceptions.soft.user)
 *(.exceptions.soft)
 *(.exceptions.unknown.user)
 *(.exceptions.unknown)
 .exceptions.unknown
                0x0000000003040094        0x4 c:/Users/Robin/Documents/NHLStenden/FPGA/QuartusPrimeProjects/DE2-115_V.1.0.6_SystemCD/DE2_115_demonstrations/DE2_115_SD_Card_Audio_Player_Copy/Software/Audio_Player_test1_bsp/\libhal_bsp.a(alt_exception_entry.o)
 *(.exceptions.exit.label)
 .exceptions.exit.label
                0x0000000003040098        0x0 c:/Users/Robin/Documents/NHLStenden/FPGA/QuartusPrimeProjects/DE2-115_V.1.0.6_SystemCD/DE2_115_demonstrations/DE2_115_SD_Card_Audio_Player_Copy/Software/Audio_Player_test1_bsp/\libhal_bsp.a(alt_irq_entry.o)
 .exceptions.exit.label
                0x0000000003040098        0x0 c:/Users/Robin/Documents/NHLStenden/FPGA/QuartusPrimeProjects/DE2-115_V.1.0.6_SystemCD/DE2_115_demonstrations/DE2_115_SD_Card_Audio_Player_Copy/Software/Audio_Player_test1_bsp/\libhal_bsp.a(alt_exception_entry.o)
 *(.exceptions.exit.user)
 *(.exceptions.exit)
 .exceptions.exit
                0x0000000003040098       0x54 c:/Users/Robin/Documents/NHLStenden/FPGA/QuartusPrimeProjects/DE2-115_V.1.0.6_SystemCD/DE2_115_demonstrations/DE2_115_SD_Card_Audio_Player_Copy/Software/Audio_Player_test1_bsp/\libhal_bsp.a(alt_exception_entry.o)
 *(.exceptions)
 .exceptions    0x00000000030400ec       0xc8 c:/Users/Robin/Documents/NHLStenden/FPGA/QuartusPrimeProjects/DE2-115_V.1.0.6_SystemCD/DE2_115_demonstrations/DE2_115_SD_Card_Audio_Player_Copy/Software/Audio_Player_test1_bsp/\libhal_bsp.a(alt_irq_handler.o)
                0x00000000030400ec                alt_irq_handler
                0x00000000030401b4                PROVIDE (__ram_exceptions_end = ABSOLUTE (.))
                0x0000000003040020                PROVIDE (__flash_exceptions_start = LOADADDR (.exceptions))

.text           0x00000000030401b4    0x1f9ac
                [!provide]                        PROVIDE (stext = ABSOLUTE (.))
 *(.interp)
 *(.hash)
 *(.dynsym)
 *(.dynstr)
 *(.gnu.version)
 *(.gnu.version_d)
 *(.gnu.version_r)
 *(.rel.init)
 *(.rela.init)
 *(.rel.text .rel.text.* .rel.gnu.linkonce.t.*)
 *(.rela.text .rela.text.* .rela.gnu.linkonce.t.*)
 *(.rel.fini)
 *(.rela.fini)
 *(.rel.rodata .rel.rodata.* .rel.gnu.linkonce.r.*)
 *(.rela.rodata .rela.rodata.* .rela.gnu.linkonce.r.*)
 *(.rel.data .rel.data.* .rel.gnu.linkonce.d.*)
 *(.rela.data .rela.data.* .rela.gnu.linkonce.d.*)
 *(.rel.tdata .rel.tdata.* .rel.gnu.linkonce.td.*)
 *(.rela.tdata .rela.tdata.* .rela.gnu.linkonce.td.*)
 *(.rel.tbss .rel.tbss.* .rel.gnu.linkonce.tb.*)
 *(.rela.tbss .rela.tbss.* .rela.gnu.linkonce.tb.*)
 *(.rel.ctors)
 *(.rela.ctors)
 *(.rel.dtors)
 *(.rela.dtors)
 *(.rel.got)
 *(.rela.got)
 *(.rel.sdata .rel.sdata.* .rel.gnu.linkonce.s.*)
 *(.rela.sdata .rela.sdata.* .rela.gnu.linkonce.s.*)
 *(.rel.sbss .rel.sbss.* .rel.gnu.linkonce.sb.*)
 *(.rela.sbss .rela.sbss.* .rela.gnu.linkonce.sb.*)
 *(.rel.sdata2 .rel.sdata2.* .rel.gnu.linkonce.s2.*)
 *(.rela.sdata2 .rela.sdata2.* .rela.gnu.linkonce.s2.*)
 *(.rel.sbss2 .rel.sbss2.* .rel.gnu.linkonce.sb2.*)
 *(.rela.sbss2 .rela.sbss2.* .rela.gnu.linkonce.sb2.*)
 *(.rel.bss .rel.bss.* .rel.gnu.linkonce.b.*)
 *(.rela.bss .rela.bss.* .rela.gnu.linkonce.b.*)
 *(.rel.plt)
 *(.rela.plt)
 *(.rel.dyn)
 *(.init)
 *(.plt)
 *(.text .stub .text.* .gnu.linkonce.t.*)
 .text          0x00000000030401b4       0x4c c:/Users/Robin/Documents/NHLStenden/FPGA/QuartusPrimeProjects/DE2-115_V.1.0.6_SystemCD/DE2_115_demonstrations/DE2_115_SD_Card_Audio_Player_Copy/Software/Audio_Player_test1_bsp//obj/HAL/src/crt0.o
                0x00000000030401b4                _start
 .text          0x0000000003040200      0xcf8 obj/default/AUDIO.o
                0x0000000003040200                AUDIO_Init
                0x0000000003040388                AUDIO_InterfaceActive
                0x00000000030403d0                AUDIO_MicBoost
                0x0000000003040444                AUDIO_AdcEnableHighPassFilter
                0x00000000030404b8                AUDIO_DacDeemphasisControl
                0x0000000003040570                AUDIO_DacEnableZeroCross
                0x0000000003040648                AUDIO_DacEnableSoftMute
                0x00000000030406d0                AUDIO_MicMute
                0x0000000003040758                AUDIO_LineInMute
                0x0000000003040830                AUDIO_SetInputSource
                0x00000000030408bc                AUDIO_SetSampleRate
                0x000000000304099c                AUDIO_SetLineInVol
                0x0000000003040aac                AUDIO_SetLineOutVol
                0x0000000003040bbc                AUDIO_EnableByPass
                0x0000000003040c44                AUDIO_EnableSiteTone
                0x0000000003040ccc                aduio_RegWrite
                0x0000000003040dc0                AUDIO_DacFifoNotFull
                0x0000000003040df8                AUDIO_DacFifoSetData
                0x0000000003040e44                AUDIO_AdcFifoNotEmpty
                0x0000000003040e7c                AUDIO_AdcFifoGetData
                0x0000000003040ecc                AUDIO_FifoClear
 .text          0x0000000003040ef8     0x13f4 obj/default/FatFileSystem.o
                0x0000000003040ef8                Fat_Mount
                0x0000000003040f3c                Fat_Unmount
                0x0000000003040f8c                Fat_Type
                0x0000000003040ff8                Fat_FileBrowseBegin
                0x000000000304106c                Fat_FileBrowseNext
                0x00000000030414dc                Fat_FileCount
                0x0000000003041550                fatSameLongFilename
                0x00000000030415e4                fatComposeShortFilename
                0x000000000304178c                Fat_FileExist
                0x0000000003041850                Fat_FileOpen
                0x0000000003041a7c                Fat_FileSize
                0x0000000003041ac4                Fat_FileRead
                0x0000000003041f64                Fat_FileSeek
                0x0000000003042080                Fat_FileClose
                0x00000000030420c8                Fat_SpeedTest
 .text          0x00000000030422ec     0x1880 obj/default/FatInternal.o
                0x00000000030422ec                fat16ClusterType
                0x000000000304239c                fat32ClusterType
                0x0000000003042468                fatNextCluster
                0x00000000030425d4                fatFindUnusedCluster
                0x0000000003042758                fatDelClusterList
                0x0000000003042948                fatDumpDate
                0x00000000030429d4                fatDumpTime
                0x0000000003042a60                fatIsLastDir
                0x0000000003042aa4                fatIsValidDir
                0x0000000003042b48                fatIsUnusedDir
                0x0000000003042b90                fatDump
                0x00000000030432b8                fatArray2Value
                0x0000000003043340                fatReadSecter
                0x00000000030433d8                fatFindDirectory
                0x0000000003043488                fatFindUnusedDirectory
                0x00000000030435b0                fatMount
                0x00000000030439a0                SD_ReadBlock512
                0x00000000030439dc                SD_WriteBlock512
                0x0000000003043a18                fatMountSdcard
 .text          0x0000000003043b6c      0x730 obj/default/I2C.o
                0x0000000003043b6c                I2C_Write
                0x0000000003043c6c                I2C_Read
                0x0000000003043d94                I2C_MultipleRead
                0x0000000003043f10                i2c_start
                0x0000000003043f9c                i2c_stop
                0x0000000003044014                i2c_write
                0x0000000003044144                i2c_read
 .text          0x000000000304429c      0x36c obj/default/LCD.o
                0x000000000304429c                LCD_Open
                0x00000000030442ec                LCD_TextOut
                0x000000000304434c                LCD_Clear
                0x00000000030443d4                LCD_Close
                0x0000000003044414                LCD_Init
                0x00000000030444a0                LCD_Show_Text
                0x0000000003044524                LCD_Line2
                0x0000000003044560                LCD_Test
 .text          0x0000000003044608      0x130 obj/default/LED.o
                0x0000000003044608                LED_AllOn
                0x0000000003044638                LED_AllOff
                0x0000000003044668                LED_Display
                0x00000000030446b4                LED_LightCount
 .text          0x0000000003044738      0x2f8 obj/default/SEG7.o
                0x0000000003044738                SEG7_Clear
                0x000000000304479c                SEG7_Full
                0x0000000003044800                SEG7_Number
                0x0000000003044874                SEG7_Hex
                0x0000000003044944                SEG7_Decimal
 .text          0x0000000003044a30      0x504 obj/default/WaveLib.o
                0x0000000003044a30                waveGetChunkOffset
                0x0000000003044b60                WAVE_IsWaveFile
                0x0000000003044cac                Wave_GetSampleRate
                0x0000000003044d40                Wave_GetChannelNum
                0x0000000003044dc0                Wave_GetSampleBitNum
                0x0000000003044e40                Wave_GetDataByteSize
                0x0000000003044ed4                Wave_GetWaveOffset
 .text          0x0000000003044f34       0xa0 obj/default/crc16.o
                0x0000000003044f34                crc16
 .text          0x0000000003044fd4       0xc0 obj/default/crc7.o
                0x0000000003044fd4                crc7_byte
                0x0000000003045024                crc7
 .text          0x0000000003045094      0x1b0 obj/default/debug.o
                0x0000000003045094                debug_output
                0x00000000030450c8                myprintf
                0x0000000003045134                myprintf_hexarray
                0x00000000030451bc                myprintf_dwordarray
 .text          0x0000000003045244     0x15c8 obj/default/hello_world.o
                0x0000000003045244                welcome_display
                0x00000000030452b4                demo_introduce
                0x0000000003045354                update_status
                0x00000000030453e4                DisplayTime
                0x0000000003045438                lcd_open
                0x0000000003045464                lcd_display
                0x000000000304549c                led_display
                0x00000000030454d0                led_display_count
                0x000000000304550c                wait_sdcard_insert
                0x00000000030455b8                is_supporrted_sample_rate
                0x0000000003045654                build_wave_play_list
                0x0000000003045a2c                waveplay_start
                0x0000000003045c8c                waveplay_execute
                0x0000000003045f3c                waveplay_stop
                0x0000000003045f5c                handle_key
                0x000000000304614c                IRDA_init
                0x00000000030461f4                handle_IrDA
                0x000000000304650c                Fat_Test
                0x00000000030467c4                main
 .text          0x000000000304680c      0x690 obj/default/sd_hal.o
                0x000000000304680c                SDHAL_IsSupport4Bits
                0x0000000003046838                SDHAL_Init
                0x0000000003046894                SDHAL_SendCmd
                0x000000000304697c                SDHAL_GetResponse
                0x0000000003046b68                SDHAL_ReadData
                0x0000000003046c90                SDHAL_WriteData
                0x0000000003046e3c                SDHAL_DummyClock
 .text          0x0000000003046e9c      0x430 obj/default/sd_lib.o
                0x0000000003046e9c                SDLIB_Init
                0x00000000030471d4                SDLIB_ReadBlock512
                0x0000000003047250                SDLIB_WriteBlock512
 .text          0x00000000030472cc     0x1664 obj/default/sd_protocol.o
                0x00000000030472cc                SD_Init
                0x00000000030472f8                SD_IsSupport4Bits
                0x0000000003047320                SD_CMD0
                0x00000000030473ac                SD_CMD8
                0x000000000304753c                SD_CMD55
                0x00000000030476c0                SD_ACMD41
                0x000000000304784c                SD_CMD2
                0x00000000030479d4                SD_CMD3
                0x0000000003047b60                SD_CMD9
                0x0000000003047d10                SD_CMD10
                0x0000000003047ec0                SD_CMD7
                0x0000000003048040                SD_CMD16
                0x00000000030481e0                SD_ACMD6
                0x000000000304836c                SD_ACMD42
                0x00000000030484ec                SD_CMD17
                0x0000000003048694                SD_CMD24
                0x000000000304883c                SD_ReadData
                0x000000000304887c                SD_WriteData
                0x00000000030488bc                ArrayToU32
 .text          0x0000000003048930      0x1b4 c:/intelfpga_lite/21.1/nios2eds/bin/gnu/h-x86_64-mingw32/bin/../lib/gcc/nios2-elf/10.3.1\libgcc.a(lib2-divmod.o)
                0x0000000003048930                __divsi3
                0x00000000030489b0                __modsi3
                0x0000000003048a24                __udivsi3
                0x0000000003048a88                __umodsi3
 .text          0x0000000003048ae4      0x3f8 c:/intelfpga_lite/21.1/nios2eds/bin/gnu/h-x86_64-mingw32/bin/../lib/gcc/nios2-elf/10.3.1\libgcc.a(divsf3.o)
                0x0000000003048ae4                __divsf3
 .text          0x0000000003048edc      0x3b4 c:/intelfpga_lite/21.1/nios2eds/bin/gnu/h-x86_64-mingw32/bin/../lib/gcc/nios2-elf/10.3.1\libgcc.a(mulsf3.o)
                0x0000000003048edc                __mulsf3
 .text          0x0000000003049290       0xfc c:/intelfpga_lite/21.1/nios2eds/bin/gnu/h-x86_64-mingw32/bin/../lib/gcc/nios2-elf/10.3.1\libgcc.a(floatunsisf.o)
                0x0000000003049290                __floatunsisf
 .text          0x000000000304938c      0x850 c:/intelfpga_lite/21.1/nios2eds/bin/gnu/h-x86_64-mingw32/bin/../lib/gcc/nios2-elf/10.3.1\libgcc.a(divdf3.o)
                0x000000000304938c                __divdf3
 .text          0x0000000003049bdc       0xfc c:/intelfpga_lite/21.1/nios2eds/bin/gnu/h-x86_64-mingw32/bin/../lib/gcc/nios2-elf/10.3.1\libgcc.a(extendsfdf2.o)
                0x0000000003049bdc                __extendsfdf2
 .text          0x0000000003049cd8      0x170 c:/intelfpga_lite/21.1/nios2eds/bin/gnu/h-x86_64-mingw32/bin/../lib/gcc/nios2-elf/10.3.1\libgcc.a(truncdfsf2.o)
                0x0000000003049cd8                __truncdfsf2
 .text          0x0000000003049e48       0x54 c:/intelfpga_lite/21.1/nios2eds/bin/gnu/h-x86_64-mingw32/bin/../lib/gcc/nios2-elf/10.3.1\libgcc.a(_clzsi2.o)
                0x0000000003049e48                __clzsi2
 .text          0x0000000003049e9c        0x0 c:/intelfpga_lite/21.1/nios2eds/bin/gnu/h-x86_64-mingw32/bin/../lib/gcc/nios2-elf/10.3.1\libgcc.a(_clz.o)
 .text          0x0000000003049e9c        0x0 c:/intelfpga_lite/21.1/nios2eds/bin/gnu/h-x86_64-mingw32/bin/../lib/gcc/nios2-elf/10.3.1/../../../../../H-x86_64-mingw32/nios2-elf/lib\libc.a(lib_a-fclose.o)
 .text._fclose_r.part.0
                0x0000000003049e9c       0xc0 c:/intelfpga_lite/21.1/nios2eds/bin/gnu/h-x86_64-mingw32/bin/../lib/gcc/nios2-elf/10.3.1/../../../../../H-x86_64-mingw32/nios2-elf/lib\libc.a(lib_a-fclose.o)
 .text._fclose_r
                0x0000000003049f5c       0x70 c:/intelfpga_lite/21.1/nios2eds/bin/gnu/h-x86_64-mingw32/bin/../lib/gcc/nios2-elf/10.3.1/../../../../../H-x86_64-mingw32/nios2-elf/lib\libc.a(lib_a-fclose.o)
                0x0000000003049f5c                _fclose_r
 .text.fclose   0x0000000003049fcc       0x70 c:/intelfpga_lite/21.1/nios2eds/bin/gnu/h-x86_64-mingw32/bin/../lib/gcc/nios2-elf/10.3.1/../../../../../H-x86_64-mingw32/nios2-elf/lib\libc.a(lib_a-fclose.o)
                0x0000000003049fcc                fclose
 .text          0x000000000304a03c        0x0 c:/intelfpga_lite/21.1/nios2eds/bin/gnu/h-x86_64-mingw32/bin/../lib/gcc/nios2-elf/10.3.1/../../../../../H-x86_64-mingw32/nios2-elf/lib\libc.a(lib_a-fflush.o)
 .text.__sflush_r
                0x000000000304a03c      0x228 c:/intelfpga_lite/21.1/nios2eds/bin/gnu/h-x86_64-mingw32/bin/../lib/gcc/nios2-elf/10.3.1/../../../../../H-x86_64-mingw32/nios2-elf/lib\libc.a(lib_a-fflush.o)
                0x000000000304a03c                __sflush_r
 .text._fflush_r
                0x000000000304a264       0x60 c:/intelfpga_lite/21.1/nios2eds/bin/gnu/h-x86_64-mingw32/bin/../lib/gcc/nios2-elf/10.3.1/../../../../../H-x86_64-mingw32/nios2-elf/lib\libc.a(lib_a-fflush.o)
                0x000000000304a264                _fflush_r
 .text.fflush   0x000000000304a2c4       0x84 c:/intelfpga_lite/21.1/nios2eds/bin/gnu/h-x86_64-mingw32/bin/../lib/gcc/nios2-elf/10.3.1/../../../../../H-x86_64-mingw32/nios2-elf/lib\libc.a(lib_a-fflush.o)
                0x000000000304a2c4                fflush
 .text          0x000000000304a348        0x0 c:/intelfpga_lite/21.1/nios2eds/bin/gnu/h-x86_64-mingw32/bin/../lib/gcc/nios2-elf/10.3.1/../../../../../H-x86_64-mingw32/nios2-elf/lib\libc.a(lib_a-findfp.o)
 .text.__fp_lock
                0x000000000304a348        0x8 c:/intelfpga_lite/21.1/nios2eds/bin/gnu/h-x86_64-mingw32/bin/../lib/gcc/nios2-elf/10.3.1/../../../../../H-x86_64-mingw32/nios2-elf/lib\libc.a(lib_a-findfp.o)
 .text._cleanup_r
                0x000000000304a350        0xc c:/intelfpga_lite/21.1/nios2eds/bin/gnu/h-x86_64-mingw32/bin/../lib/gcc/nios2-elf/10.3.1/../../../../../H-x86_64-mingw32/nios2-elf/lib\libc.a(lib_a-findfp.o)
                0x000000000304a350                _cleanup_r
 .text.__fp_unlock
                0x000000000304a35c        0x8 c:/intelfpga_lite/21.1/nios2eds/bin/gnu/h-x86_64-mingw32/bin/../lib/gcc/nios2-elf/10.3.1/../../../../../H-x86_64-mingw32/nios2-elf/lib\libc.a(lib_a-findfp.o)
 .text.__sinit.part.0
                0x000000000304a364      0x168 c:/intelfpga_lite/21.1/nios2eds/bin/gnu/h-x86_64-mingw32/bin/../lib/gcc/nios2-elf/10.3.1/../../../../../H-x86_64-mingw32/nios2-elf/lib\libc.a(lib_a-findfp.o)
 .text.__sfmoreglue
                0x000000000304a4cc       0x68 c:/intelfpga_lite/21.1/nios2eds/bin/gnu/h-x86_64-mingw32/bin/../lib/gcc/nios2-elf/10.3.1/../../../../../H-x86_64-mingw32/nios2-elf/lib\libc.a(lib_a-findfp.o)
                0x000000000304a4cc                __sfmoreglue
 .text.__sfp    0x000000000304a534      0x154 c:/intelfpga_lite/21.1/nios2eds/bin/gnu/h-x86_64-mingw32/bin/../lib/gcc/nios2-elf/10.3.1/../../../../../H-x86_64-mingw32/nios2-elf/lib\libc.a(lib_a-findfp.o)
                0x000000000304a534                __sfp
 .text._cleanup
                0x000000000304a688       0x14 c:/intelfpga_lite/21.1/nios2eds/bin/gnu/h-x86_64-mingw32/bin/../lib/gcc/nios2-elf/10.3.1/../../../../../H-x86_64-mingw32/nios2-elf/lib\libc.a(lib_a-findfp.o)
                0x000000000304a688                _cleanup
 .text.__sinit  0x000000000304a69c       0x10 c:/intelfpga_lite/21.1/nios2eds/bin/gnu/h-x86_64-mingw32/bin/../lib/gcc/nios2-elf/10.3.1/../../../../../H-x86_64-mingw32/nios2-elf/lib\libc.a(lib_a-findfp.o)
                0x000000000304a69c                __sinit
 .text.__sfp_lock_acquire
                0x000000000304a6ac        0x4 c:/intelfpga_lite/21.1/nios2eds/bin/gnu/h-x86_64-mingw32/bin/../lib/gcc/nios2-elf/10.3.1/../../../../../H-x86_64-mingw32/nios2-elf/lib\libc.a(lib_a-findfp.o)
                0x000000000304a6ac                __sfp_lock_acquire
 .text.__sfp_lock_release
                0x000000000304a6b0        0x4 c:/intelfpga_lite/21.1/nios2eds/bin/gnu/h-x86_64-mingw32/bin/../lib/gcc/nios2-elf/10.3.1/../../../../../H-x86_64-mingw32/nios2-elf/lib\libc.a(lib_a-findfp.o)
                0x000000000304a6b0                __sfp_lock_release
 .text.__sinit_lock_acquire
                0x000000000304a6b4        0x4 c:/intelfpga_lite/21.1/nios2eds/bin/gnu/h-x86_64-mingw32/bin/../lib/gcc/nios2-elf/10.3.1/../../../../../H-x86_64-mingw32/nios2-elf/lib\libc.a(lib_a-findfp.o)
                0x000000000304a6b4                __sinit_lock_acquire
 .text.__sinit_lock_release
                0x000000000304a6b8        0x4 c:/intelfpga_lite/21.1/nios2eds/bin/gnu/h-x86_64-mingw32/bin/../lib/gcc/nios2-elf/10.3.1/../../../../../H-x86_64-mingw32/nios2-elf/lib\libc.a(lib_a-findfp.o)
                0x000000000304a6b8                __sinit_lock_release
 .text.__fp_lock_all
                0x000000000304a6bc       0x14 c:/intelfpga_lite/21.1/nios2eds/bin/gnu/h-x86_64-mingw32/bin/../lib/gcc/nios2-elf/10.3.1/../../../../../H-x86_64-mingw32/nios2-elf/lib\libc.a(lib_a-findfp.o)
                0x000000000304a6bc                __fp_lock_all
 .text.__fp_unlock_all
                0x000000000304a6d0       0x14 c:/intelfpga_lite/21.1/nios2eds/bin/gnu/h-x86_64-mingw32/bin/../lib/gcc/nios2-elf/10.3.1/../../../../../H-x86_64-mingw32/nios2-elf/lib\libc.a(lib_a-findfp.o)
                0x000000000304a6d0                __fp_unlock_all
 .text          0x000000000304a6e4        0x0 c:/intelfpga_lite/21.1/nios2eds/bin/gnu/h-x86_64-mingw32/bin/../lib/gcc/nios2-elf/10.3.1/../../../../../H-x86_64-mingw32/nios2-elf/lib\libc.a(lib_a-fopen.o)
 .text._fopen_r
                0x000000000304a6e4       0xf0 c:/intelfpga_lite/21.1/nios2eds/bin/gnu/h-x86_64-mingw32/bin/../lib/gcc/nios2-elf/10.3.1/../../../../../H-x86_64-mingw32/nios2-elf/lib\libc.a(lib_a-fopen.o)
                0x000000000304a6e4                _fopen_r
 .text.fopen    0x000000000304a7d4       0x18 c:/intelfpga_lite/21.1/nios2eds/bin/gnu/h-x86_64-mingw32/bin/../lib/gcc/nios2-elf/10.3.1/../../../../../H-x86_64-mingw32/nios2-elf/lib\libc.a(lib_a-fopen.o)
                0x000000000304a7d4                fopen
 .text          0x000000000304a7ec        0x0 c:/intelfpga_lite/21.1/nios2eds/bin/gnu/h-x86_64-mingw32/bin/../lib/gcc/nios2-elf/10.3.1/../../../../../H-x86_64-mingw32/nios2-elf/lib\libc.a(lib_a-freer.o)
 .text._malloc_trim_r
                0x000000000304a7ec      0x11c c:/intelfpga_lite/21.1/nios2eds/bin/gnu/h-x86_64-mingw32/bin/../lib/gcc/nios2-elf/10.3.1/../../../../../H-x86_64-mingw32/nios2-elf/lib\libc.a(lib_a-freer.o)
                0x000000000304a7ec                _malloc_trim_r
 .text._free_r  0x000000000304a908      0x2fc c:/intelfpga_lite/21.1/nios2eds/bin/gnu/h-x86_64-mingw32/bin/../lib/gcc/nios2-elf/10.3.1/../../../../../H-x86_64-mingw32/nios2-elf/lib\libc.a(lib_a-freer.o)
                0x000000000304a908                _free_r
 .text          0x000000000304ac04        0x0 c:/intelfpga_lite/21.1/nios2eds/bin/gnu/h-x86_64-mingw32/bin/../lib/gcc/nios2-elf/10.3.1/../../../../../H-x86_64-mingw32/nios2-elf/lib\libc.a(lib_a-fseek.o)
 .text._fseek_r
                0x000000000304ac04        0x4 c:/intelfpga_lite/21.1/nios2eds/bin/gnu/h-x86_64-mingw32/bin/../lib/gcc/nios2-elf/10.3.1/../../../../../H-x86_64-mingw32/nios2-elf/lib\libc.a(lib_a-fseek.o)
                0x000000000304ac04                _fseek_r
 .text.fseek    0x000000000304ac08       0x1c c:/intelfpga_lite/21.1/nios2eds/bin/gnu/h-x86_64-mingw32/bin/../lib/gcc/nios2-elf/10.3.1/../../../../../H-x86_64-mingw32/nios2-elf/lib\libc.a(lib_a-fseek.o)
                0x000000000304ac08                fseek
 .text          0x000000000304ac24        0x0 c:/intelfpga_lite/21.1/nios2eds/bin/gnu/h-x86_64-mingw32/bin/../lib/gcc/nios2-elf/10.3.1/../../../../../H-x86_64-mingw32/nios2-elf/lib\libc.a(lib_a-fseeko.o)
 .text._fseeko_r
                0x000000000304ac24      0x454 c:/intelfpga_lite/21.1/nios2eds/bin/gnu/h-x86_64-mingw32/bin/../lib/gcc/nios2-elf/10.3.1/../../../../../H-x86_64-mingw32/nios2-elf/lib\libc.a(lib_a-fseeko.o)
                0x000000000304ac24                _fseeko_r
 .text.fseeko   0x000000000304b078       0x1c c:/intelfpga_lite/21.1/nios2eds/bin/gnu/h-x86_64-mingw32/bin/../lib/gcc/nios2-elf/10.3.1/../../../../../H-x86_64-mingw32/nios2-elf/lib\libc.a(lib_a-fseeko.o)
                0x000000000304b078                fseeko
 .text          0x000000000304b094        0x0 c:/intelfpga_lite/21.1/nios2eds/bin/gnu/h-x86_64-mingw32/bin/../lib/gcc/nios2-elf/10.3.1/../../../../../H-x86_64-mingw32/nios2-elf/lib\libc.a(lib_a-fstatr.o)
 .text._fstat_r
                0x000000000304b094       0x60 c:/intelfpga_lite/21.1/nios2eds/bin/gnu/h-x86_64-mingw32/bin/../lib/gcc/nios2-elf/10.3.1/../../../../../H-x86_64-mingw32/nios2-elf/lib\libc.a(lib_a-fstatr.o)
                0x000000000304b094                _fstat_r
 .text          0x000000000304b0f4        0x0 c:/intelfpga_lite/21.1/nios2eds/bin/gnu/h-x86_64-mingw32/bin/../lib/gcc/nios2-elf/10.3.1/../../../../../H-x86_64-mingw32/nios2-elf/lib\libc.a(lib_a-fwalk.o)
 .text._fwalk   0x000000000304b0f4       0x98 c:/intelfpga_lite/21.1/nios2eds/bin/gnu/h-x86_64-mingw32/bin/../lib/gcc/nios2-elf/10.3.1/../../../../../H-x86_64-mingw32/nios2-elf/lib\libc.a(lib_a-fwalk.o)
                0x000000000304b0f4                _fwalk
 .text._fwalk_reent
                0x000000000304b18c       0xa8 c:/intelfpga_lite/21.1/nios2eds/bin/gnu/h-x86_64-mingw32/bin/../lib/gcc/nios2-elf/10.3.1/../../../../../H-x86_64-mingw32/nios2-elf/lib\libc.a(lib_a-fwalk.o)
                0x000000000304b18c                _fwalk_reent
 .text          0x000000000304b234        0x0 c:/intelfpga_lite/21.1/nios2eds/bin/gnu/h-x86_64-mingw32/bin/../lib/gcc/nios2-elf/10.3.1/../../../../../H-x86_64-mingw32/nios2-elf/lib\libc.a(lib_a-fwrite.o)
 .text._fwrite_r
                0x000000000304b234       0xc4 c:/intelfpga_lite/21.1/nios2eds/bin/gnu/h-x86_64-mingw32/bin/../lib/gcc/nios2-elf/10.3.1/../../../../../H-x86_64-mingw32/nios2-elf/lib\libc.a(lib_a-fwrite.o)
                0x000000000304b234                _fwrite_r
 .text.fwrite   0x000000000304b2f8       0xd4 c:/intelfpga_lite/21.1/nios2eds/bin/gnu/h-x86_64-mingw32/bin/../lib/gcc/nios2-elf/10.3.1/../../../../../H-x86_64-mingw32/nios2-elf/lib\libc.a(lib_a-fwrite.o)
                0x000000000304b2f8                fwrite
 .text          0x000000000304b3cc        0x0 c:/intelfpga_lite/21.1/nios2eds/bin/gnu/h-x86_64-mingw32/bin/../lib/gcc/nios2-elf/10.3.1/../../../../../H-x86_64-mingw32/nios2-elf/lib\libc.a(lib_a-impure.o)
 .text          0x000000000304b3cc        0x0 c:/intelfpga_lite/21.1/nios2eds/bin/gnu/h-x86_64-mingw32/bin/../lib/gcc/nios2-elf/10.3.1/../../../../../H-x86_64-mingw32/nios2-elf/lib\libc.a(lib_a-int_errno.o)
 .text          0x000000000304b3cc        0x0 c:/intelfpga_lite/21.1/nios2eds/bin/gnu/h-x86_64-mingw32/bin/../lib/gcc/nios2-elf/10.3.1/../../../../../H-x86_64-mingw32/nios2-elf/lib\libc.a(lib_a-makebuf.o)
 .text.__smakebuf_r
                0x000000000304b3cc      0x1b0 c:/intelfpga_lite/21.1/nios2eds/bin/gnu/h-x86_64-mingw32/bin/../lib/gcc/nios2-elf/10.3.1/../../../../../H-x86_64-mingw32/nios2-elf/lib\libc.a(lib_a-makebuf.o)
                0x000000000304b3cc                __smakebuf_r
 .text.__swhatbuf_r
                0x000000000304b57c       0x98 c:/intelfpga_lite/21.1/nios2eds/bin/gnu/h-x86_64-mingw32/bin/../lib/gcc/nios2-elf/10.3.1/../../../../../H-x86_64-mingw32/nios2-elf/lib\libc.a(lib_a-makebuf.o)
                0x000000000304b57c                __swhatbuf_r
 .text          0x000000000304b614        0x0 c:/intelfpga_lite/21.1/nios2eds/bin/gnu/h-x86_64-mingw32/bin/../lib/gcc/nios2-elf/10.3.1/../../../../../H-x86_64-mingw32/nios2-elf/lib\libc.a(lib_a-malloc.o)
 .text.malloc   0x000000000304b614       0x10 c:/intelfpga_lite/21.1/nios2eds/bin/gnu/h-x86_64-mingw32/bin/../lib/gcc/nios2-elf/10.3.1/../../../../../H-x86_64-mingw32/nios2-elf/lib\libc.a(lib_a-malloc.o)
                0x000000000304b614                malloc
 .text.free     0x000000000304b624       0x10 c:/intelfpga_lite/21.1/nios2eds/bin/gnu/h-x86_64-mingw32/bin/../lib/gcc/nios2-elf/10.3.1/../../../../../H-x86_64-mingw32/nios2-elf/lib\libc.a(lib_a-malloc.o)
                0x000000000304b624                free
 .text          0x000000000304b634        0x0 c:/intelfpga_lite/21.1/nios2eds/bin/gnu/h-x86_64-mingw32/bin/../lib/gcc/nios2-elf/10.3.1/../../../../../H-x86_64-mingw32/nios2-elf/lib\libc.a(lib_a-mallocr.o)
 .text._malloc_r
                0x000000000304b634      0x7e0 c:/intelfpga_lite/21.1/nios2eds/bin/gnu/h-x86_64-mingw32/bin/../lib/gcc/nios2-elf/10.3.1/../../../../../H-x86_64-mingw32/nios2-elf/lib\libc.a(lib_a-mallocr.o)
                0x000000000304b634                _malloc_r
 .text          0x000000000304be14        0x0 c:/intelfpga_lite/21.1/nios2eds/bin/gnu/h-x86_64-mingw32/bin/../lib/gcc/nios2-elf/10.3.1/../../../../../H-x86_64-mingw32/nios2-elf/lib\libc.a(lib_a-memcpy.o)
 .text.memcpy   0x000000000304be14      0x100 c:/intelfpga_lite/21.1/nios2eds/bin/gnu/h-x86_64-mingw32/bin/../lib/gcc/nios2-elf/10.3.1/../../../../../H-x86_64-mingw32/nios2-elf/lib\libc.a(lib_a-memcpy.o)
                0x000000000304be14                memcpy
 .text          0x000000000304bf14        0x0 c:/intelfpga_lite/21.1/nios2eds/bin/gnu/h-x86_64-mingw32/bin/../lib/gcc/nios2-elf/10.3.1/../../../../../H-x86_64-mingw32/nios2-elf/lib\libc.a(lib_a-memset.o)
 .text.memset   0x000000000304bf14       0xf0 c:/intelfpga_lite/21.1/nios2eds/bin/gnu/h-x86_64-mingw32/bin/../lib/gcc/nios2-elf/10.3.1/../../../../../H-x86_64-mingw32/nios2-elf/lib\libc.a(lib_a-memset.o)
                0x000000000304bf14                memset
 .text          0x000000000304c004        0x0 c:/intelfpga_lite/21.1/nios2eds/bin/gnu/h-x86_64-mingw32/bin/../lib/gcc/nios2-elf/10.3.1/../../../../../H-x86_64-mingw32/nios2-elf/lib\libc.a(lib_a-openr.o)
 .text._open_r  0x000000000304c004       0x64 c:/intelfpga_lite/21.1/nios2eds/bin/gnu/h-x86_64-mingw32/bin/../lib/gcc/nios2-elf/10.3.1/../../../../../H-x86_64-mingw32/nios2-elf/lib\libc.a(lib_a-openr.o)
                0x000000000304c004                _open_r
 .text          0x000000000304c068        0x0 c:/intelfpga_lite/21.1/nios2eds/bin/gnu/h-x86_64-mingw32/bin/../lib/gcc/nios2-elf/10.3.1/../../../../../H-x86_64-mingw32/nios2-elf/lib\libc.a(lib_a-printf.o)
 .text._printf_r
                0x000000000304c068       0x30 c:/intelfpga_lite/21.1/nios2eds/bin/gnu/h-x86_64-mingw32/bin/../lib/gcc/nios2-elf/10.3.1/../../../../../H-x86_64-mingw32/nios2-elf/lib\libc.a(lib_a-printf.o)
                0x000000000304c068                _printf_r
 .text.printf   0x000000000304c098       0x38 c:/intelfpga_lite/21.1/nios2eds/bin/gnu/h-x86_64-mingw32/bin/../lib/gcc/nios2-elf/10.3.1/../../../../../H-x86_64-mingw32/nios2-elf/lib\libc.a(lib_a-printf.o)
                0x000000000304c098                printf
 .text          0x000000000304c0d0        0x0 c:/intelfpga_lite/21.1/nios2eds/bin/gnu/h-x86_64-mingw32/bin/../lib/gcc/nios2-elf/10.3.1/../../../../../H-x86_64-mingw32/nios2-elf/lib\libc.a(lib_a-putchar.o)
 .text._putchar_r
                0x000000000304c0d0        0x8 c:/intelfpga_lite/21.1/nios2eds/bin/gnu/h-x86_64-mingw32/bin/../lib/gcc/nios2-elf/10.3.1/../../../../../H-x86_64-mingw32/nios2-elf/lib\libc.a(lib_a-putchar.o)
                0x000000000304c0d0                _putchar_r
 .text.putchar  0x000000000304c0d8       0x18 c:/intelfpga_lite/21.1/nios2eds/bin/gnu/h-x86_64-mingw32/bin/../lib/gcc/nios2-elf/10.3.1/../../../../../H-x86_64-mingw32/nios2-elf/lib\libc.a(lib_a-putchar.o)
                0x000000000304c0d8                putchar
 .text          0x000000000304c0f0        0x0 c:/intelfpga_lite/21.1/nios2eds/bin/gnu/h-x86_64-mingw32/bin/../lib/gcc/nios2-elf/10.3.1/../../../../../H-x86_64-mingw32/nios2-elf/lib\libc.a(lib_a-puts.o)
 .text._puts_r  0x000000000304c0f0       0xcc c:/intelfpga_lite/21.1/nios2eds/bin/gnu/h-x86_64-mingw32/bin/../lib/gcc/nios2-elf/10.3.1/../../../../../H-x86_64-mingw32/nios2-elf/lib\libc.a(lib_a-puts.o)
                0x000000000304c0f0                _puts_r
 .text.puts     0x000000000304c1bc       0x10 c:/intelfpga_lite/21.1/nios2eds/bin/gnu/h-x86_64-mingw32/bin/../lib/gcc/nios2-elf/10.3.1/../../../../../H-x86_64-mingw32/nios2-elf/lib\libc.a(lib_a-puts.o)
                0x000000000304c1bc                puts
 .text          0x000000000304c1cc        0x0 c:/intelfpga_lite/21.1/nios2eds/bin/gnu/h-x86_64-mingw32/bin/../lib/gcc/nios2-elf/10.3.1/../../../../../H-x86_64-mingw32/nios2-elf/lib\libc.a(lib_a-refill.o)
 .text.lflush   0x000000000304c1cc       0x1c c:/intelfpga_lite/21.1/nios2eds/bin/gnu/h-x86_64-mingw32/bin/../lib/gcc/nios2-elf/10.3.1/../../../../../H-x86_64-mingw32/nios2-elf/lib\libc.a(lib_a-refill.o)
 .text.__srefill_r
                0x000000000304c1e8      0x1cc c:/intelfpga_lite/21.1/nios2eds/bin/gnu/h-x86_64-mingw32/bin/../lib/gcc/nios2-elf/10.3.1/../../../../../H-x86_64-mingw32/nios2-elf/lib\libc.a(lib_a-refill.o)
                0x000000000304c1e8                __srefill_r
 .text          0x000000000304c3b4        0x0 c:/intelfpga_lite/21.1/nios2eds/bin/gnu/h-x86_64-mingw32/bin/../lib/gcc/nios2-elf/10.3.1/../../../../../H-x86_64-mingw32/nios2-elf/lib\libc.a(lib_a-sbrkr.o)
 .text._sbrk_r  0x000000000304c3b4       0x58 c:/intelfpga_lite/21.1/nios2eds/bin/gnu/h-x86_64-mingw32/bin/../lib/gcc/nios2-elf/10.3.1/../../../../../H-x86_64-mingw32/nios2-elf/lib\libc.a(lib_a-sbrkr.o)
                0x000000000304c3b4                _sbrk_r
 .text          0x000000000304c40c        0x0 c:/intelfpga_lite/21.1/nios2eds/bin/gnu/h-x86_64-mingw32/bin/../lib/gcc/nios2-elf/10.3.1/../../../../../H-x86_64-mingw32/nios2-elf/lib\libc.a(lib_a-sprintf.o)
 .text._sprintf_r
                0x000000000304c40c       0x54 c:/intelfpga_lite/21.1/nios2eds/bin/gnu/h-x86_64-mingw32/bin/../lib/gcc/nios2-elf/10.3.1/../../../../../H-x86_64-mingw32/nios2-elf/lib\libc.a(lib_a-sprintf.o)
                0x000000000304c40c                _sprintf_r
 .text.sprintf  0x000000000304c460       0x64 c:/intelfpga_lite/21.1/nios2eds/bin/gnu/h-x86_64-mingw32/bin/../lib/gcc/nios2-elf/10.3.1/../../../../../H-x86_64-mingw32/nios2-elf/lib\libc.a(lib_a-sprintf.o)
                0x000000000304c460                sprintf
 .text          0x000000000304c4c4        0x0 c:/intelfpga_lite/21.1/nios2eds/bin/gnu/h-x86_64-mingw32/bin/../lib/gcc/nios2-elf/10.3.1/../../../../../H-x86_64-mingw32/nios2-elf/lib\libc.a(lib_a-stdio.o)
 .text.__sread  0x000000000304c4c4       0x54 c:/intelfpga_lite/21.1/nios2eds/bin/gnu/h-x86_64-mingw32/bin/../lib/gcc/nios2-elf/10.3.1/../../../../../H-x86_64-mingw32/nios2-elf/lib\libc.a(lib_a-stdio.o)
                0x000000000304c4c4                __sread
 .text.__seofread
                0x000000000304c518        0x8 c:/intelfpga_lite/21.1/nios2eds/bin/gnu/h-x86_64-mingw32/bin/../lib/gcc/nios2-elf/10.3.1/../../../../../H-x86_64-mingw32/nios2-elf/lib\libc.a(lib_a-stdio.o)
                0x000000000304c518                __seofread
 .text.__swrite
                0x000000000304c520       0x80 c:/intelfpga_lite/21.1/nios2eds/bin/gnu/h-x86_64-mingw32/bin/../lib/gcc/nios2-elf/10.3.1/../../../../../H-x86_64-mingw32/nios2-elf/lib\libc.a(lib_a-stdio.o)
                0x000000000304c520                __swrite
 .text.__sseek  0x000000000304c5a0       0x5c c:/intelfpga_lite/21.1/nios2eds/bin/gnu/h-x86_64-mingw32/bin/../lib/gcc/nios2-elf/10.3.1/../../../../../H-x86_64-mingw32/nios2-elf/lib\libc.a(lib_a-stdio.o)
                0x000000000304c5a0                __sseek
 .text.__sclose
                0x000000000304c5fc        0x8 c:/intelfpga_lite/21.1/nios2eds/bin/gnu/h-x86_64-mingw32/bin/../lib/gcc/nios2-elf/10.3.1/../../../../../H-x86_64-mingw32/nios2-elf/lib\libc.a(lib_a-stdio.o)
                0x000000000304c5fc                __sclose
 .text          0x000000000304c604        0x0 c:/intelfpga_lite/21.1/nios2eds/bin/gnu/h-x86_64-mingw32/bin/../lib/gcc/nios2-elf/10.3.1/../../../../../H-x86_64-mingw32/nios2-elf/lib\libc.a(lib_a-strcmp.o)
 .text.strcmp   0x000000000304c604       0xb8 c:/intelfpga_lite/21.1/nios2eds/bin/gnu/h-x86_64-mingw32/bin/../lib/gcc/nios2-elf/10.3.1/../../../../../H-x86_64-mingw32/nios2-elf/lib\libc.a(lib_a-strcmp.o)
                0x000000000304c604                strcmp
 .text          0x000000000304c6bc        0x0 c:/intelfpga_lite/21.1/nios2eds/bin/gnu/h-x86_64-mingw32/bin/../lib/gcc/nios2-elf/10.3.1/../../../../../H-x86_64-mingw32/nios2-elf/lib\libc.a(lib_a-strcpy.o)
 .text.strcpy   0x000000000304c6bc       0x8c c:/intelfpga_lite/21.1/nios2eds/bin/gnu/h-x86_64-mingw32/bin/../lib/gcc/nios2-elf/10.3.1/../../../../../H-x86_64-mingw32/nios2-elf/lib\libc.a(lib_a-strcpy.o)
                0x000000000304c6bc                strcpy
 .text          0x000000000304c748        0x0 c:/intelfpga_lite/21.1/nios2eds/bin/gnu/h-x86_64-mingw32/bin/../lib/gcc/nios2-elf/10.3.1/../../../../../H-x86_64-mingw32/nios2-elf/lib\libc.a(lib_a-strlen.o)
 .text.strlen   0x000000000304c748       0x98 c:/intelfpga_lite/21.1/nios2eds/bin/gnu/h-x86_64-mingw32/bin/../lib/gcc/nios2-elf/10.3.1/../../../../../H-x86_64-mingw32/nios2-elf/lib\libc.a(lib_a-strlen.o)
                0x000000000304c748                strlen
 .text          0x000000000304c7e0        0x0 c:/intelfpga_lite/21.1/nios2eds/bin/gnu/h-x86_64-mingw32/bin/../lib/gcc/nios2-elf/10.3.1/../../../../../H-x86_64-mingw32/nios2-elf/lib\libc.a(lib_a-svfprintf.o)
 .text.___svfprintf_internal_r
                0x000000000304c7e0     0x1f90 c:/intelfpga_lite/21.1/nios2eds/bin/gnu/h-x86_64-mingw32/bin/../lib/gcc/nios2-elf/10.3.1/../../../../../H-x86_64-mingw32/nios2-elf/lib\libc.a(lib_a-svfprintf.o)
                0x000000000304c7e0                ___svfprintf_internal_r
 .text          0x000000000304e770        0x0 c:/intelfpga_lite/21.1/nios2eds/bin/gnu/h-x86_64-mingw32/bin/../lib/gcc/nios2-elf/10.3.1/../../../../../H-x86_64-mingw32/nios2-elf/lib\libc.a(lib_a-vfprintf.o)
 .text.___vfprintf_internal_r
                0x000000000304e770     0x2008 c:/intelfpga_lite/21.1/nios2eds/bin/gnu/h-x86_64-mingw32/bin/../lib/gcc/nios2-elf/10.3.1/../../../../../H-x86_64-mingw32/nios2-elf/lib\libc.a(lib_a-vfprintf.o)
                0x000000000304e770                ___vfprintf_internal_r
 .text.__vfprintf_internal
                0x0000000003050778       0x1c c:/intelfpga_lite/21.1/nios2eds/bin/gnu/h-x86_64-mingw32/bin/../lib/gcc/nios2-elf/10.3.1/../../../../../H-x86_64-mingw32/nios2-elf/lib\libc.a(lib_a-vfprintf.o)
                0x0000000003050778                __vfprintf_internal
 .text.__sbprintf
                0x0000000003050794       0xc0 c:/intelfpga_lite/21.1/nios2eds/bin/gnu/h-x86_64-mingw32/bin/../lib/gcc/nios2-elf/10.3.1/../../../../../H-x86_64-mingw32/nios2-elf/lib\libc.a(lib_a-vfprintf.o)
 .text          0x0000000003050854        0x0 c:/intelfpga_lite/21.1/nios2eds/bin/gnu/h-x86_64-mingw32/bin/../lib/gcc/nios2-elf/10.3.1/../../../../../H-x86_64-mingw32/nios2-elf/lib\libc.a(lib_a-vsnprintf.o)
 .text.vsnprintf
                0x0000000003050854       0xc0 c:/intelfpga_lite/21.1/nios2eds/bin/gnu/h-x86_64-mingw32/bin/../lib/gcc/nios2-elf/10.3.1/../../../../../H-x86_64-mingw32/nios2-elf/lib\libc.a(lib_a-vsnprintf.o)
                0x0000000003050854                vsnprintf
 .text._vsnprintf_r
                0x0000000003050914       0xcc c:/intelfpga_lite/21.1/nios2eds/bin/gnu/h-x86_64-mingw32/bin/../lib/gcc/nios2-elf/10.3.1/../../../../../H-x86_64-mingw32/nios2-elf/lib\libc.a(lib_a-vsnprintf.o)
                0x0000000003050914                _vsnprintf_r
 .text          0x00000000030509e0        0x0 c:/intelfpga_lite/21.1/nios2eds/bin/gnu/h-x86_64-mingw32/bin/../lib/gcc/nios2-elf/10.3.1/../../../../../H-x86_64-mingw32/nios2-elf/lib\libc.a(lib_a-writer.o)
 .text._write_r
                0x00000000030509e0       0x64 c:/intelfpga_lite/21.1/nios2eds/bin/gnu/h-x86_64-mingw32/bin/../lib/gcc/nios2-elf/10.3.1/../../../../../H-x86_64-mingw32/nios2-elf/lib\libc.a(lib_a-writer.o)
                0x00000000030509e0                _write_r
 .text          0x0000000003050a44        0x0 c:/intelfpga_lite/21.1/nios2eds/bin/gnu/h-x86_64-mingw32/bin/../lib/gcc/nios2-elf/10.3.1/../../../../../H-x86_64-mingw32/nios2-elf/lib\libc.a(lib_a-wsetup.o)
 .text.__swsetup_r
                0x0000000003050a44      0x164 c:/intelfpga_lite/21.1/nios2eds/bin/gnu/h-x86_64-mingw32/bin/../lib/gcc/nios2-elf/10.3.1/../../../../../H-x86_64-mingw32/nios2-elf/lib\libc.a(lib_a-wsetup.o)
                0x0000000003050a44                __swsetup_r
 .text          0x0000000003050ba8        0x0 c:/intelfpga_lite/21.1/nios2eds/bin/gnu/h-x86_64-mingw32/bin/../lib/gcc/nios2-elf/10.3.1/../../../../../H-x86_64-mingw32/nios2-elf/lib\libc.a(closer.o)
 .text._close_r
                0x0000000003050ba8       0x58 c:/intelfpga_lite/21.1/nios2eds/bin/gnu/h-x86_64-mingw32/bin/../lib/gcc/nios2-elf/10.3.1/../../../../../H-x86_64-mingw32/nios2-elf/lib\libc.a(closer.o)
                0x0000000003050ba8                _close_r
 .text          0x0000000003050c00        0x0 c:/intelfpga_lite/21.1/nios2eds/bin/gnu/h-x86_64-mingw32/bin/../lib/gcc/nios2-elf/10.3.1/../../../../../H-x86_64-mingw32/nios2-elf/lib\libc.a(lib_a-dtoa.o)
 .text.quorem   0x0000000003050c00      0x1fc c:/intelfpga_lite/21.1/nios2eds/bin/gnu/h-x86_64-mingw32/bin/../lib/gcc/nios2-elf/10.3.1/../../../../../H-x86_64-mingw32/nios2-elf/lib\libc.a(lib_a-dtoa.o)
 .text._dtoa_r  0x0000000003050dfc     0x1748 c:/intelfpga_lite/21.1/nios2eds/bin/gnu/h-x86_64-mingw32/bin/../lib/gcc/nios2-elf/10.3.1/../../../../../H-x86_64-mingw32/nios2-elf/lib\libc.a(lib_a-dtoa.o)
                0x0000000003050dfc                _dtoa_r
 .text          0x0000000003052544        0x0 c:/intelfpga_lite/21.1/nios2eds/bin/gnu/h-x86_64-mingw32/bin/../lib/gcc/nios2-elf/10.3.1/../../../../../H-x86_64-mingw32/nios2-elf/lib\libc.a(lib_a-flags.o)
 .text.__sflags
                0x0000000003052544       0xb8 c:/intelfpga_lite/21.1/nios2eds/bin/gnu/h-x86_64-mingw32/bin/../lib/gcc/nios2-elf/10.3.1/../../../../../H-x86_64-mingw32/nios2-elf/lib\libc.a(lib_a-flags.o)
                0x0000000003052544                __sflags
 .text          0x00000000030525fc        0x0 c:/intelfpga_lite/21.1/nios2eds/bin/gnu/h-x86_64-mingw32/bin/../lib/gcc/nios2-elf/10.3.1/../../../../../H-x86_64-mingw32/nios2-elf/lib\libc.a(lib_a-fvwrite.o)
 .text.__sfvwrite_r
                0x00000000030525fc      0x484 c:/intelfpga_lite/21.1/nios2eds/bin/gnu/h-x86_64-mingw32/bin/../lib/gcc/nios2-elf/10.3.1/../../../../../H-x86_64-mingw32/nios2-elf/lib\libc.a(lib_a-fvwrite.o)
                0x00000000030525fc                __sfvwrite_r
 .text          0x0000000003052a80        0x0 c:/intelfpga_lite/21.1/nios2eds/bin/gnu/h-x86_64-mingw32/bin/../lib/gcc/nios2-elf/10.3.1/../../../../../H-x86_64-mingw32/nios2-elf/lib\libc.a(lib_a-isattyr.o)
 .text._isatty_r
                0x0000000003052a80       0x58 c:/intelfpga_lite/21.1/nios2eds/bin/gnu/h-x86_64-mingw32/bin/../lib/gcc/nios2-elf/10.3.1/../../../../../H-x86_64-mingw32/nios2-elf/lib\libc.a(lib_a-isattyr.o)
                0x0000000003052a80                _isatty_r
 .text          0x0000000003052ad8        0x0 c:/intelfpga_lite/21.1/nios2eds/bin/gnu/h-x86_64-mingw32/bin/../lib/gcc/nios2-elf/10.3.1/../../../../../H-x86_64-mingw32/nios2-elf/lib\libc.a(lib_a-localeconv.o)
 .text.__localeconv_l
                0x0000000003052ad8        0x8 c:/intelfpga_lite/21.1/nios2eds/bin/gnu/h-x86_64-mingw32/bin/../lib/gcc/nios2-elf/10.3.1/../../../../../H-x86_64-mingw32/nios2-elf/lib\libc.a(lib_a-localeconv.o)
                0x0000000003052ad8                __localeconv_l
 .text._localeconv_r
                0x0000000003052ae0        0xc c:/intelfpga_lite/21.1/nios2eds/bin/gnu/h-x86_64-mingw32/bin/../lib/gcc/nios2-elf/10.3.1/../../../../../H-x86_64-mingw32/nios2-elf/lib\libc.a(lib_a-localeconv.o)
                0x0000000003052ae0                _localeconv_r
 .text.localeconv
                0x0000000003052aec        0xc c:/intelfpga_lite/21.1/nios2eds/bin/gnu/h-x86_64-mingw32/bin/../lib/gcc/nios2-elf/10.3.1/../../../../../H-x86_64-mingw32/nios2-elf/lib\libc.a(lib_a-localeconv.o)
                0x0000000003052aec                localeconv
 .text          0x0000000003052af8        0x0 c:/intelfpga_lite/21.1/nios2eds/bin/gnu/h-x86_64-mingw32/bin/../lib/gcc/nios2-elf/10.3.1/../../../../../H-x86_64-mingw32/nios2-elf/lib\libc.a(lib_a-lseekr.o)
 .text._lseek_r
                0x0000000003052af8       0x64 c:/intelfpga_lite/21.1/nios2eds/bin/gnu/h-x86_64-mingw32/bin/../lib/gcc/nios2-elf/10.3.1/../../../../../H-x86_64-mingw32/nios2-elf/lib\libc.a(lib_a-lseekr.o)
                0x0000000003052af8                _lseek_r
 .text          0x0000000003052b5c        0x0 c:/intelfpga_lite/21.1/nios2eds/bin/gnu/h-x86_64-mingw32/bin/../lib/gcc/nios2-elf/10.3.1/../../../../../H-x86_64-mingw32/nios2-elf/lib\libc.a(lib_a-memchr.o)
 .text.memchr   0x0000000003052b5c       0xd0 c:/intelfpga_lite/21.1/nios2eds/bin/gnu/h-x86_64-mingw32/bin/../lib/gcc/nios2-elf/10.3.1/../../../../../H-x86_64-mingw32/nios2-elf/lib\libc.a(lib_a-memchr.o)
                0x0000000003052b5c                memchr
 .text          0x0000000003052c2c        0x0 c:/intelfpga_lite/21.1/nios2eds/bin/gnu/h-x86_64-mingw32/bin/../lib/gcc/nios2-elf/10.3.1/../../../../../H-x86_64-mingw32/nios2-elf/lib\libc.a(lib_a-memmove.o)
 .text.memmove  0x0000000003052c2c      0x12c c:/intelfpga_lite/21.1/nios2eds/bin/gnu/h-x86_64-mingw32/bin/../lib/gcc/nios2-elf/10.3.1/../../../../../H-x86_64-mingw32/nios2-elf/lib\libc.a(lib_a-memmove.o)
                0x0000000003052c2c                memmove
 .text          0x0000000003052d58        0x0 c:/intelfpga_lite/21.1/nios2eds/bin/gnu/h-x86_64-mingw32/bin/../lib/gcc/nios2-elf/10.3.1/../../../../../H-x86_64-mingw32/nios2-elf/lib\libc.a(lib_a-mprec.o)
 .text._Balloc  0x0000000003052d58       0xa4 c:/intelfpga_lite/21.1/nios2eds/bin/gnu/h-x86_64-mingw32/bin/../lib/gcc/nios2-elf/10.3.1/../../../../../H-x86_64-mingw32/nios2-elf/lib\libc.a(lib_a-mprec.o)
                0x0000000003052d58                _Balloc
 .text._Bfree   0x0000000003052dfc       0x24 c:/intelfpga_lite/21.1/nios2eds/bin/gnu/h-x86_64-mingw32/bin/../lib/gcc/nios2-elf/10.3.1/../../../../../H-x86_64-mingw32/nios2-elf/lib\libc.a(lib_a-mprec.o)
                0x0000000003052dfc                _Bfree
 .text.__multadd
                0x0000000003052e20      0x138 c:/intelfpga_lite/21.1/nios2eds/bin/gnu/h-x86_64-mingw32/bin/../lib/gcc/nios2-elf/10.3.1/../../../../../H-x86_64-mingw32/nios2-elf/lib\libc.a(lib_a-mprec.o)
                0x0000000003052e20                __multadd
 .text.__s2b    0x0000000003052f58      0x138 c:/intelfpga_lite/21.1/nios2eds/bin/gnu/h-x86_64-mingw32/bin/../lib/gcc/nios2-elf/10.3.1/../../../../../H-x86_64-mingw32/nios2-elf/lib\libc.a(lib_a-mprec.o)
                0x0000000003052f58                __s2b
 .text.__hi0bits
                0x0000000003053090       0x64 c:/intelfpga_lite/21.1/nios2eds/bin/gnu/h-x86_64-mingw32/bin/../lib/gcc/nios2-elf/10.3.1/../../../../../H-x86_64-mingw32/nios2-elf/lib\libc.a(lib_a-mprec.o)
                0x0000000003053090                __hi0bits
 .text.__lo0bits
                0x00000000030530f4       0xb0 c:/intelfpga_lite/21.1/nios2eds/bin/gnu/h-x86_64-mingw32/bin/../lib/gcc/nios2-elf/10.3.1/../../../../../H-x86_64-mingw32/nios2-elf/lib\libc.a(lib_a-mprec.o)
                0x00000000030530f4                __lo0bits
 .text.__i2b    0x00000000030531a4       0xb0 c:/intelfpga_lite/21.1/nios2eds/bin/gnu/h-x86_64-mingw32/bin/../lib/gcc/nios2-elf/10.3.1/../../../../../H-x86_64-mingw32/nios2-elf/lib\libc.a(lib_a-mprec.o)
                0x00000000030531a4                __i2b
 .text.__multiply
                0x0000000003053254      0x254 c:/intelfpga_lite/21.1/nios2eds/bin/gnu/h-x86_64-mingw32/bin/../lib/gcc/nios2-elf/10.3.1/../../../../../H-x86_64-mingw32/nios2-elf/lib\libc.a(lib_a-mprec.o)
                0x0000000003053254                __multiply
 .text.__pow5mult
                0x00000000030534a8      0x148 c:/intelfpga_lite/21.1/nios2eds/bin/gnu/h-x86_64-mingw32/bin/../lib/gcc/nios2-elf/10.3.1/../../../../../H-x86_64-mingw32/nios2-elf/lib\libc.a(lib_a-mprec.o)
                0x00000000030534a8                __pow5mult
 .text.__lshift
                0x00000000030535f0      0x188 c:/intelfpga_lite/21.1/nios2eds/bin/gnu/h-x86_64-mingw32/bin/../lib/gcc/nios2-elf/10.3.1/../../../../../H-x86_64-mingw32/nios2-elf/lib\libc.a(lib_a-mprec.o)
                0x00000000030535f0                __lshift
 .text.__mcmp   0x0000000003053778       0x58 c:/intelfpga_lite/21.1/nios2eds/bin/gnu/h-x86_64-mingw32/bin/../lib/gcc/nios2-elf/10.3.1/../../../../../H-x86_64-mingw32/nios2-elf/lib\libc.a(lib_a-mprec.o)
                0x0000000003053778                __mcmp
 .text.__mdiff  0x00000000030537d0      0x22c c:/intelfpga_lite/21.1/nios2eds/bin/gnu/h-x86_64-mingw32/bin/../lib/gcc/nios2-elf/10.3.1/../../../../../H-x86_64-mingw32/nios2-elf/lib\libc.a(lib_a-mprec.o)
                0x00000000030537d0                __mdiff
 .text.__ulp    0x00000000030539fc       0x5c c:/intelfpga_lite/21.1/nios2eds/bin/gnu/h-x86_64-mingw32/bin/../lib/gcc/nios2-elf/10.3.1/../../../../../H-x86_64-mingw32/nios2-elf/lib\libc.a(lib_a-mprec.o)
                0x00000000030539fc                __ulp
 .text.__b2d    0x0000000003053a58      0x108 c:/intelfpga_lite/21.1/nios2eds/bin/gnu/h-x86_64-mingw32/bin/../lib/gcc/nios2-elf/10.3.1/../../../../../H-x86_64-mingw32/nios2-elf/lib\libc.a(lib_a-mprec.o)
                0x0000000003053a58                __b2d
 .text.__d2b    0x0000000003053b60      0x164 c:/intelfpga_lite/21.1/nios2eds/bin/gnu/h-x86_64-mingw32/bin/../lib/gcc/nios2-elf/10.3.1/../../../../../H-x86_64-mingw32/nios2-elf/lib\libc.a(lib_a-mprec.o)
                0x0000000003053b60                __d2b
 .text.__ratio  0x0000000003053cc4       0xa8 c:/intelfpga_lite/21.1/nios2eds/bin/gnu/h-x86_64-mingw32/bin/../lib/gcc/nios2-elf/10.3.1/../../../../../H-x86_64-mingw32/nios2-elf/lib\libc.a(lib_a-mprec.o)
                0x0000000003053cc4                __ratio
 .text._mprec_log10
                0x0000000003053d6c       0x70 c:/intelfpga_lite/21.1/nios2eds/bin/gnu/h-x86_64-mingw32/bin/../lib/gcc/nios2-elf/10.3.1/../../../../../H-x86_64-mingw32/nios2-elf/lib\libc.a(lib_a-mprec.o)
                0x0000000003053d6c                _mprec_log10
 .text.__copybits
                0x0000000003053ddc       0x7c c:/intelfpga_lite/21.1/nios2eds/bin/gnu/h-x86_64-mingw32/bin/../lib/gcc/nios2-elf/10.3.1/../../../../../H-x86_64-mingw32/nios2-elf/lib\libc.a(lib_a-mprec.o)
                0x0000000003053ddc                __copybits
 .text.__any_on
                0x0000000003053e58       0x60 c:/intelfpga_lite/21.1/nios2eds/bin/gnu/h-x86_64-mingw32/bin/../lib/gcc/nios2-elf/10.3.1/../../../../../H-x86_64-mingw32/nios2-elf/lib\libc.a(lib_a-mprec.o)
                0x0000000003053e58                __any_on
 .text          0x0000000003053eb8        0x0 c:/intelfpga_lite/21.1/nios2eds/bin/gnu/h-x86_64-mingw32/bin/../lib/gcc/nios2-elf/10.3.1/../../../../../H-x86_64-mingw32/nios2-elf/lib\libc.a(lib_a-putc.o)
 .text._putc_r  0x0000000003053eb8       0xcc c:/intelfpga_lite/21.1/nios2eds/bin/gnu/h-x86_64-mingw32/bin/../lib/gcc/nios2-elf/10.3.1/../../../../../H-x86_64-mingw32/nios2-elf/lib\libc.a(lib_a-putc.o)
                0x0000000003053eb8                _putc_r
 .text.putc     0x0000000003053f84       0xe0 c:/intelfpga_lite/21.1/nios2eds/bin/gnu/h-x86_64-mingw32/bin/../lib/gcc/nios2-elf/10.3.1/../../../../../H-x86_64-mingw32/nios2-elf/lib\libc.a(lib_a-putc.o)
                0x0000000003053f84                putc
 .text          0x0000000003054064        0x0 c:/intelfpga_lite/21.1/nios2eds/bin/gnu/h-x86_64-mingw32/bin/../lib/gcc/nios2-elf/10.3.1/../../../../../H-x86_64-mingw32/nios2-elf/lib\libc.a(lib_a-readr.o)
 .text._read_r  0x0000000003054064       0x64 c:/intelfpga_lite/21.1/nios2eds/bin/gnu/h-x86_64-mingw32/bin/../lib/gcc/nios2-elf/10.3.1/../../../../../H-x86_64-mingw32/nios2-elf/lib\libc.a(lib_a-readr.o)
                0x0000000003054064                _read_r
 .text          0x00000000030540c8        0x0 c:/intelfpga_lite/21.1/nios2eds/bin/gnu/h-x86_64-mingw32/bin/../lib/gcc/nios2-elf/10.3.1/../../../../../H-x86_64-mingw32/nios2-elf/lib\libc.a(lib_a-reallocr.o)
 .text._realloc_r
                0x00000000030540c8      0x53c c:/intelfpga_lite/21.1/nios2eds/bin/gnu/h-x86_64-mingw32/bin/../lib/gcc/nios2-elf/10.3.1/../../../../../H-x86_64-mingw32/nios2-elf/lib\libc.a(lib_a-reallocr.o)
                0x00000000030540c8                _realloc_r
 .text          0x0000000003054604        0x0 c:/intelfpga_lite/21.1/nios2eds/bin/gnu/h-x86_64-mingw32/bin/../lib/gcc/nios2-elf/10.3.1/../../../../../H-x86_64-mingw32/nios2-elf/lib\libc.a(lib_a-svfiprintf.o)
 .text.__ssprint_r
                0x0000000003054604      0x1c0 c:/intelfpga_lite/21.1/nios2eds/bin/gnu/h-x86_64-mingw32/bin/../lib/gcc/nios2-elf/10.3.1/../../../../../H-x86_64-mingw32/nios2-elf/lib\libc.a(lib_a-svfiprintf.o)
                0x0000000003054604                __ssprint_r
 .text.___svfiprintf_internal_r
                0x00000000030547c4      0xfe4 c:/intelfpga_lite/21.1/nios2eds/bin/gnu/h-x86_64-mingw32/bin/../lib/gcc/nios2-elf/10.3.1/../../../../../H-x86_64-mingw32/nios2-elf/lib\libc.a(lib_a-svfiprintf.o)
                0x00000000030547c4                ___svfiprintf_internal_r
 .text          0x00000000030557a8        0x0 c:/intelfpga_lite/21.1/nios2eds/bin/gnu/h-x86_64-mingw32/bin/../lib/gcc/nios2-elf/10.3.1/../../../../../H-x86_64-mingw32/nios2-elf/lib\libc.a(lib_a-vfiprintf.o)
 .text.__sprint_r.part.0
                0x00000000030557a8       0xf4 c:/intelfpga_lite/21.1/nios2eds/bin/gnu/h-x86_64-mingw32/bin/../lib/gcc/nios2-elf/10.3.1/../../../../../H-x86_64-mingw32/nios2-elf/lib\libc.a(lib_a-vfiprintf.o)
 .text.__sprint_r
                0x000000000305589c       0x18 c:/intelfpga_lite/21.1/nios2eds/bin/gnu/h-x86_64-mingw32/bin/../lib/gcc/nios2-elf/10.3.1/../../../../../H-x86_64-mingw32/nios2-elf/lib\libc.a(lib_a-vfiprintf.o)
                0x000000000305589c                __sprint_r
 .text.___vfiprintf_internal_r
                0x00000000030558b4     0x1250 c:/intelfpga_lite/21.1/nios2eds/bin/gnu/h-x86_64-mingw32/bin/../lib/gcc/nios2-elf/10.3.1/../../../../../H-x86_64-mingw32/nios2-elf/lib\libc.a(lib_a-vfiprintf.o)
                0x00000000030558b4                ___vfiprintf_internal_r
 .text.__vfiprintf_internal
                0x0000000003056b04       0x1c c:/intelfpga_lite/21.1/nios2eds/bin/gnu/h-x86_64-mingw32/bin/../lib/gcc/nios2-elf/10.3.1/../../../../../H-x86_64-mingw32/nios2-elf/lib\libc.a(lib_a-vfiprintf.o)
                0x0000000003056b04                __vfiprintf_internal
 .text.__sbprintf
                0x0000000003056b20       0xc0 c:/intelfpga_lite/21.1/nios2eds/bin/gnu/h-x86_64-mingw32/bin/../lib/gcc/nios2-elf/10.3.1/../../../../../H-x86_64-mingw32/nios2-elf/lib\libc.a(lib_a-vfiprintf.o)
 .text          0x0000000003056be0        0x0 c:/intelfpga_lite/21.1/nios2eds/bin/gnu/h-x86_64-mingw32/bin/../lib/gcc/nios2-elf/10.3.1/../../../../../H-x86_64-mingw32/nios2-elf/lib\libc.a(lib_a-wbuf.o)
 .text.__swbuf_r
                0x0000000003056be0      0x148 c:/intelfpga_lite/21.1/nios2eds/bin/gnu/h-x86_64-mingw32/bin/../lib/gcc/nios2-elf/10.3.1/../../../../../H-x86_64-mingw32/nios2-elf/lib\libc.a(lib_a-wbuf.o)
                0x0000000003056be0                __swbuf_r
 .text.__swbuf  0x0000000003056d28       0x18 c:/intelfpga_lite/21.1/nios2eds/bin/gnu/h-x86_64-mingw32/bin/../lib/gcc/nios2-elf/10.3.1/../../../../../H-x86_64-mingw32/nios2-elf/lib\libc.a(lib_a-wbuf.o)
                0x0000000003056d28                __swbuf
 .text          0x0000000003056d40        0x0 c:/intelfpga_lite/21.1/nios2eds/bin/gnu/h-x86_64-mingw32/bin/../lib/gcc/nios2-elf/10.3.1/../../../../../H-x86_64-mingw32/nios2-elf/lib\libc.a(lib_a-assert.o)
 .text.__assert_func
                0x0000000003056d40       0x64 c:/intelfpga_lite/21.1/nios2eds/bin/gnu/h-x86_64-mingw32/bin/../lib/gcc/nios2-elf/10.3.1/../../../../../H-x86_64-mingw32/nios2-elf/lib\libc.a(lib_a-assert.o)
                0x0000000003056d40                __assert_func
 .text.__assert
                0x0000000003056da4       0x14 c:/intelfpga_lite/21.1/nios2eds/bin/gnu/h-x86_64-mingw32/bin/../lib/gcc/nios2-elf/10.3.1/../../../../../H-x86_64-mingw32/nios2-elf/lib\libc.a(lib_a-assert.o)
                0x0000000003056da4                __assert
 .text          0x0000000003056db8        0x0 c:/intelfpga_lite/21.1/nios2eds/bin/gnu/h-x86_64-mingw32/bin/../lib/gcc/nios2-elf/10.3.1/../../../../../H-x86_64-mingw32/nios2-elf/lib\libc.a(lib_a-callocr.o)
 .text._calloc_r
                0x0000000003056db8      0x12c c:/intelfpga_lite/21.1/nios2eds/bin/gnu/h-x86_64-mingw32/bin/../lib/gcc/nios2-elf/10.3.1/../../../../../H-x86_64-mingw32/nios2-elf/lib\libc.a(lib_a-callocr.o)
                0x0000000003056db8                _calloc_r
 .text          0x0000000003056ee4        0x0 c:/intelfpga_lite/21.1/nios2eds/bin/gnu/h-x86_64-mingw32/bin/../lib/gcc/nios2-elf/10.3.1/../../../../../H-x86_64-mingw32/nios2-elf/lib\libc.a(lib_a-errno.o)
 .text.__errno  0x0000000003056ee4        0xc c:/intelfpga_lite/21.1/nios2eds/bin/gnu/h-x86_64-mingw32/bin/../lib/gcc/nios2-elf/10.3.1/../../../../../H-x86_64-mingw32/nios2-elf/lib\libc.a(lib_a-errno.o)
                0x0000000003056ee4                __errno
 .text          0x0000000003056ef0        0x0 c:/intelfpga_lite/21.1/nios2eds/bin/gnu/h-x86_64-mingw32/bin/../lib/gcc/nios2-elf/10.3.1/../../../../../H-x86_64-mingw32/nios2-elf/lib\libc.a(lib_a-fiprintf.o)
 .text._fiprintf_r
                0x0000000003056ef0       0x20 c:/intelfpga_lite/21.1/nios2eds/bin/gnu/h-x86_64-mingw32/bin/../lib/gcc/nios2-elf/10.3.1/../../../../../H-x86_64-mingw32/nios2-elf/lib\libc.a(lib_a-fiprintf.o)
                0x0000000003056ef0                _fiprintf_r
 .text.fiprintf
                0x0000000003056f10       0x38 c:/intelfpga_lite/21.1/nios2eds/bin/gnu/h-x86_64-mingw32/bin/../lib/gcc/nios2-elf/10.3.1/../../../../../H-x86_64-mingw32/nios2-elf/lib\libc.a(lib_a-fiprintf.o)
                0x0000000003056f10                fiprintf
 .text          0x0000000003056f48        0x0 c:/intelfpga_lite/21.1/nios2eds/bin/gnu/h-x86_64-mingw32/bin/../lib/gcc/nios2-elf/10.3.1/../../../../../H-x86_64-mingw32/nios2-elf/lib\libc.a(lib_a-fputwc.o)
 .text.__fputwc
                0x0000000003056f48      0x164 c:/intelfpga_lite/21.1/nios2eds/bin/gnu/h-x86_64-mingw32/bin/../lib/gcc/nios2-elf/10.3.1/../../../../../H-x86_64-mingw32/nios2-elf/lib\libc.a(lib_a-fputwc.o)
                0x0000000003056f48                __fputwc
 .text._fputwc_r
                0x00000000030570ac       0x24 c:/intelfpga_lite/21.1/nios2eds/bin/gnu/h-x86_64-mingw32/bin/../lib/gcc/nios2-elf/10.3.1/../../../../../H-x86_64-mingw32/nios2-elf/lib\libc.a(lib_a-fputwc.o)
                0x00000000030570ac                _fputwc_r
 .text.fputwc   0x00000000030570d0       0x78 c:/intelfpga_lite/21.1/nios2eds/bin/gnu/h-x86_64-mingw32/bin/../lib/gcc/nios2-elf/10.3.1/../../../../../H-x86_64-mingw32/nios2-elf/lib\libc.a(lib_a-fputwc.o)
                0x00000000030570d0                fputwc
 .text          0x0000000003057148        0x0 c:/intelfpga_lite/21.1/nios2eds/bin/gnu/h-x86_64-mingw32/bin/../lib/gcc/nios2-elf/10.3.1/../../../../../H-x86_64-mingw32/nios2-elf/lib\libc.a(lib_a-locale.o)
 .text._setlocale_r
                0x0000000003057148       0x74 c:/intelfpga_lite/21.1/nios2eds/bin/gnu/h-x86_64-mingw32/bin/../lib/gcc/nios2-elf/10.3.1/../../../../../H-x86_64-mingw32/nios2-elf/lib\libc.a(lib_a-locale.o)
                0x0000000003057148                _setlocale_r
 .text.__locale_mb_cur_max
                0x00000000030571bc        0xc c:/intelfpga_lite/21.1/nios2eds/bin/gnu/h-x86_64-mingw32/bin/../lib/gcc/nios2-elf/10.3.1/../../../../../H-x86_64-mingw32/nios2-elf/lib\libc.a(lib_a-locale.o)
                0x00000000030571bc                __locale_mb_cur_max
 .text.setlocale
                0x00000000030571c8       0x74 c:/intelfpga_lite/21.1/nios2eds/bin/gnu/h-x86_64-mingw32/bin/../lib/gcc/nios2-elf/10.3.1/../../../../../H-x86_64-mingw32/nios2-elf/lib\libc.a(lib_a-locale.o)
                0x00000000030571c8                setlocale
 .text          0x000000000305723c        0x0 c:/intelfpga_lite/21.1/nios2eds/bin/gnu/h-x86_64-mingw32/bin/../lib/gcc/nios2-elf/10.3.1/../../../../../H-x86_64-mingw32/nios2-elf/lib\libc.a(lib_a-mbtowc_r.o)
 .text._mbtowc_r
                0x000000000305723c        0xc c:/intelfpga_lite/21.1/nios2eds/bin/gnu/h-x86_64-mingw32/bin/../lib/gcc/nios2-elf/10.3.1/../../../../../H-x86_64-mingw32/nios2-elf/lib\libc.a(lib_a-mbtowc_r.o)
                0x000000000305723c                _mbtowc_r
 .text.__ascii_mbtowc
                0x0000000003057248       0x44 c:/intelfpga_lite/21.1/nios2eds/bin/gnu/h-x86_64-mingw32/bin/../lib/gcc/nios2-elf/10.3.1/../../../../../H-x86_64-mingw32/nios2-elf/lib\libc.a(lib_a-mbtowc_r.o)
                0x0000000003057248                __ascii_mbtowc
 .text          0x000000000305728c        0x0 c:/intelfpga_lite/21.1/nios2eds/bin/gnu/h-x86_64-mingw32/bin/../lib/gcc/nios2-elf/10.3.1/../../../../../H-x86_64-mingw32/nios2-elf/lib\libc.a(lib_a-vfiprintfr_1.o)
 .text._vfiprintf_r
                0x000000000305728c        0x4 c:/intelfpga_lite/21.1/nios2eds/bin/gnu/h-x86_64-mingw32/bin/../lib/gcc/nios2-elf/10.3.1/../../../../../H-x86_64-mingw32/nios2-elf/lib\libc.a(lib_a-vfiprintfr_1.o)
                0x000000000305728c                _vfiprintf_r
 .text          0x0000000003057290        0x0 c:/intelfpga_lite/21.1/nios2eds/bin/gnu/h-x86_64-mingw32/bin/../lib/gcc/nios2-elf/10.3.1/../../../../../H-x86_64-mingw32/nios2-elf/lib\libc.a(lib_a-wcrtomb.o)
 .text._wcrtomb_r
                0x0000000003057290       0x6c c:/intelfpga_lite/21.1/nios2eds/bin/gnu/h-x86_64-mingw32/bin/../lib/gcc/nios2-elf/10.3.1/../../../../../H-x86_64-mingw32/nios2-elf/lib\libc.a(lib_a-wcrtomb.o)
                0x0000000003057290                _wcrtomb_r
 .text.wcrtomb  0x00000000030572fc       0x88 c:/intelfpga_lite/21.1/nios2eds/bin/gnu/h-x86_64-mingw32/bin/../lib/gcc/nios2-elf/10.3.1/../../../../../H-x86_64-mingw32/nios2-elf/lib\libc.a(lib_a-wcrtomb.o)
                0x00000000030572fc                wcrtomb
 .text          0x0000000003057384        0x0 c:/intelfpga_lite/21.1/nios2eds/bin/gnu/h-x86_64-mingw32/bin/../lib/gcc/nios2-elf/10.3.1/../../../../../H-x86_64-mingw32/nios2-elf/lib\libc.a(lib_a-wctomb_r.o)
 .text._wctomb_r
                0x0000000003057384        0xc c:/intelfpga_lite/21.1/nios2eds/bin/gnu/h-x86_64-mingw32/bin/../lib/gcc/nios2-elf/10.3.1/../../../../../H-x86_64-mingw32/nios2-elf/lib\libc.a(lib_a-wctomb_r.o)
                0x0000000003057384                _wctomb_r
 .text.__ascii_wctomb
                0x0000000003057390       0x30 c:/intelfpga_lite/21.1/nios2eds/bin/gnu/h-x86_64-mingw32/bin/../lib/gcc/nios2-elf/10.3.1/../../../../../H-x86_64-mingw32/nios2-elf/lib\libc.a(lib_a-wctomb_r.o)
                0x0000000003057390                __ascii_wctomb
 .text          0x00000000030573c0        0x0 c:/intelfpga_lite/21.1/nios2eds/bin/gnu/h-x86_64-mingw32/bin/../lib/gcc/nios2-elf/10.3.1/../../../../../H-x86_64-mingw32/nios2-elf/lib\libc.a(lib_a-abort.o)
 .text.unlikely.abort
                0x00000000030573c0       0x18 c:/intelfpga_lite/21.1/nios2eds/bin/gnu/h-x86_64-mingw32/bin/../lib/gcc/nios2-elf/10.3.1/../../../../../H-x86_64-mingw32/nios2-elf/lib\libc.a(lib_a-abort.o)
                0x00000000030573c0                abort
 .text          0x00000000030573d8        0x0 c:/intelfpga_lite/21.1/nios2eds/bin/gnu/h-x86_64-mingw32/bin/../lib/gcc/nios2-elf/10.3.1/../../../../../H-x86_64-mingw32/nios2-elf/lib\libc.a(lib_a-ctype_.o)
 .text          0x00000000030573d8        0x0 c:/intelfpga_lite/21.1/nios2eds/bin/gnu/h-x86_64-mingw32/bin/../lib/gcc/nios2-elf/10.3.1/../../../../../H-x86_64-mingw32/nios2-elf/lib\libc.a(lib_a-signal.o)
 .text._init_signal_r
                0x00000000030573d8       0x5c c:/intelfpga_lite/21.1/nios2eds/bin/gnu/h-x86_64-mingw32/bin/../lib/gcc/nios2-elf/10.3.1/../../../../../H-x86_64-mingw32/nios2-elf/lib\libc.a(lib_a-signal.o)
                0x00000000030573d8                _init_signal_r
 .text._signal_r
                0x0000000003057434       0x98 c:/intelfpga_lite/21.1/nios2eds/bin/gnu/h-x86_64-mingw32/bin/../lib/gcc/nios2-elf/10.3.1/../../../../../H-x86_64-mingw32/nios2-elf/lib\libc.a(lib_a-signal.o)
                0x0000000003057434                _signal_r
 .text._raise_r
                0x00000000030574cc       0xc4 c:/intelfpga_lite/21.1/nios2eds/bin/gnu/h-x86_64-mingw32/bin/../lib/gcc/nios2-elf/10.3.1/../../../../../H-x86_64-mingw32/nios2-elf/lib\libc.a(lib_a-signal.o)
                0x00000000030574cc                _raise_r
 .text.__sigtramp_r
                0x0000000003057590       0xbc c:/intelfpga_lite/21.1/nios2eds/bin/gnu/h-x86_64-mingw32/bin/../lib/gcc/nios2-elf/10.3.1/../../../../../H-x86_64-mingw32/nios2-elf/lib\libc.a(lib_a-signal.o)
                0x0000000003057590                __sigtramp_r
 .text.raise    0x000000000305764c       0xbc c:/intelfpga_lite/21.1/nios2eds/bin/gnu/h-x86_64-mingw32/bin/../lib/gcc/nios2-elf/10.3.1/../../../../../H-x86_64-mingw32/nios2-elf/lib\libc.a(lib_a-signal.o)
                0x000000000305764c                raise
 .text.signal   0x0000000003057708       0xa0 c:/intelfpga_lite/21.1/nios2eds/bin/gnu/h-x86_64-mingw32/bin/../lib/gcc/nios2-elf/10.3.1/../../../../../H-x86_64-mingw32/nios2-elf/lib\libc.a(lib_a-signal.o)
                0x0000000003057708                signal
 .text._init_signal
                0x00000000030577a8       0x60 c:/intelfpga_lite/21.1/nios2eds/bin/gnu/h-x86_64-mingw32/bin/../lib/gcc/nios2-elf/10.3.1/../../../../../H-x86_64-mingw32/nios2-elf/lib\libc.a(lib_a-signal.o)
                0x00000000030577a8                _init_signal
 .text.__sigtramp
                0x0000000003057808       0xbc c:/intelfpga_lite/21.1/nios2eds/bin/gnu/h-x86_64-mingw32/bin/../lib/gcc/nios2-elf/10.3.1/../../../../../H-x86_64-mingw32/nios2-elf/lib\libc.a(lib_a-signal.o)
                0x0000000003057808                __sigtramp
 .text          0x00000000030578c4        0x0 c:/intelfpga_lite/21.1/nios2eds/bin/gnu/h-x86_64-mingw32/bin/../lib/gcc/nios2-elf/10.3.1/../../../../../H-x86_64-mingw32/nios2-elf/lib\libc.a(lib_a-signalr.o)
 .text._kill_r  0x00000000030578c4       0x60 c:/intelfpga_lite/21.1/nios2eds/bin/gnu/h-x86_64-mingw32/bin/../lib/gcc/nios2-elf/10.3.1/../../../../../H-x86_64-mingw32/nios2-elf/lib\libc.a(lib_a-signalr.o)
                0x00000000030578c4                _kill_r
 .text._getpid_r
                0x0000000003057924        0x4 c:/intelfpga_lite/21.1/nios2eds/bin/gnu/h-x86_64-mingw32/bin/../lib/gcc/nios2-elf/10.3.1/../../../../../H-x86_64-mingw32/nios2-elf/lib\libc.a(lib_a-signalr.o)
                0x0000000003057924                _getpid_r
 .text          0x0000000003057928      0x590 c:/intelfpga_lite/21.1/nios2eds/bin/gnu/h-x86_64-mingw32/bin/../lib/gcc/nios2-elf/10.3.1\libgcc.a(_udivdi3.o)
                0x0000000003057928                __udivdi3
 .text          0x0000000003057eb8      0x534 c:/intelfpga_lite/21.1/nios2eds/bin/gnu/h-x86_64-mingw32/bin/../lib/gcc/nios2-elf/10.3.1\libgcc.a(_umoddi3.o)
                0x0000000003057eb8                __umoddi3
 .text          0x00000000030583ec      0x8f0 c:/intelfpga_lite/21.1/nios2eds/bin/gnu/h-x86_64-mingw32/bin/../lib/gcc/nios2-elf/10.3.1\libgcc.a(adddf3.o)
                0x00000000030583ec                __adddf3
 .text          0x0000000003058cdc       0x80 c:/intelfpga_lite/21.1/nios2eds/bin/gnu/h-x86_64-mingw32/bin/../lib/gcc/nios2-elf/10.3.1\libgcc.a(eqdf2.o)
                0x0000000003058cdc                __nedf2
                0x0000000003058cdc                __eqdf2
 .text          0x0000000003058d5c       0xe8 c:/intelfpga_lite/21.1/nios2eds/bin/gnu/h-x86_64-mingw32/bin/../lib/gcc/nios2-elf/10.3.1\libgcc.a(gedf2.o)
                0x0000000003058d5c                __gedf2
                0x0000000003058d5c                __gtdf2
 .text          0x0000000003058e44       0xe8 c:/intelfpga_lite/21.1/nios2eds/bin/gnu/h-x86_64-mingw32/bin/../lib/gcc/nios2-elf/10.3.1\libgcc.a(ledf2.o)
                0x0000000003058e44                __ledf2
                0x0000000003058e44                __ltdf2
 .text          0x0000000003058f2c      0x674 c:/intelfpga_lite/21.1/nios2eds/bin/gnu/h-x86_64-mingw32/bin/../lib/gcc/nios2-elf/10.3.1\libgcc.a(muldf3.o)
                0x0000000003058f2c                __muldf3
 .text          0x00000000030595a0      0x90c c:/intelfpga_lite/21.1/nios2eds/bin/gnu/h-x86_64-mingw32/bin/../lib/gcc/nios2-elf/10.3.1\libgcc.a(subdf3.o)
                0x00000000030595a0                __subdf3
 .text          0x0000000003059eac       0x54 c:/intelfpga_lite/21.1/nios2eds/bin/gnu/h-x86_64-mingw32/bin/../lib/gcc/nios2-elf/10.3.1\libgcc.a(unorddf2.o)
                0x0000000003059eac                __unorddf2
 .text          0x0000000003059f00       0x80 c:/intelfpga_lite/21.1/nios2eds/bin/gnu/h-x86_64-mingw32/bin/../lib/gcc/nios2-elf/10.3.1\libgcc.a(fixdfsi.o)
                0x0000000003059f00                __fixdfsi
 .text          0x0000000003059f80       0xb8 c:/intelfpga_lite/21.1/nios2eds/bin/gnu/h-x86_64-mingw32/bin/../lib/gcc/nios2-elf/10.3.1\libgcc.a(floatsidf.o)
                0x0000000003059f80                __floatsidf
 .text          0x000000000305a038       0x90 c:/intelfpga_lite/21.1/nios2eds/bin/gnu/h-x86_64-mingw32/bin/../lib/gcc/nios2-elf/10.3.1\libgcc.a(floatunsidf.o)
                0x000000000305a038                __floatunsidf
 .text          0x000000000305a0c8      0x10c c:/Users/Robin/Documents/NHLStenden/FPGA/QuartusPrimeProjects/DE2-115_V.1.0.6_SystemCD/DE2_115_demonstrations/DE2_115_SD_Card_Audio_Player_Copy/Software/Audio_Player_test1_bsp/\libhal_bsp.a(alt_close.o)
                0x000000000305a104                close
 .text          0x000000000305a1d4       0x2c c:/Users/Robin/Documents/NHLStenden/FPGA/QuartusPrimeProjects/DE2-115_V.1.0.6_SystemCD/DE2_115_demonstrations/DE2_115_SD_Card_Audio_Player_Copy/Software/Audio_Player_test1_bsp/\libhal_bsp.a(alt_dev.o)
 .text          0x000000000305a200        0x0 c:/Users/Robin/Documents/NHLStenden/FPGA/QuartusPrimeProjects/DE2-115_V.1.0.6_SystemCD/DE2_115_demonstrations/DE2_115_SD_Card_Audio_Player_Copy/Software/Audio_Player_test1_bsp/\libhal_bsp.a(alt_errno.o)
 .text          0x000000000305a200       0x38 c:/Users/Robin/Documents/NHLStenden/FPGA/QuartusPrimeProjects/DE2-115_V.1.0.6_SystemCD/DE2_115_demonstrations/DE2_115_SD_Card_Audio_Player_Copy/Software/Audio_Player_test1_bsp/\libhal_bsp.a(alt_exit.o)
                0x000000000305a200                _exit
 .text          0x000000000305a238       0xec c:/Users/Robin/Documents/NHLStenden/FPGA/QuartusPrimeProjects/DE2-115_V.1.0.6_SystemCD/DE2_115_demonstrations/DE2_115_SD_Card_Audio_Player_Copy/Software/Audio_Player_test1_bsp/\libhal_bsp.a(alt_fstat.o)
                0x000000000305a274                fstat
 .text          0x000000000305a324       0x20 c:/Users/Robin/Documents/NHLStenden/FPGA/QuartusPrimeProjects/DE2-115_V.1.0.6_SystemCD/DE2_115_demonstrations/DE2_115_SD_Card_Audio_Player_Copy/Software/Audio_Player_test1_bsp/\libhal_bsp.a(alt_getpid.o)
                0x000000000305a324                getpid
 .text          0x000000000305a344      0x180 c:/Users/Robin/Documents/NHLStenden/FPGA/QuartusPrimeProjects/DE2-115_V.1.0.6_SystemCD/DE2_115_demonstrations/DE2_115_SD_Card_Audio_Player_Copy/Software/Audio_Player_test1_bsp/\libhal_bsp.a(alt_irq_register.o)
                0x000000000305a344                alt_irq_register
 .text          0x000000000305a4c4        0x0 c:/Users/Robin/Documents/NHLStenden/FPGA/QuartusPrimeProjects/DE2-115_V.1.0.6_SystemCD/DE2_115_demonstrations/DE2_115_SD_Card_Audio_Player_Copy/Software/Audio_Player_test1_bsp/\libhal_bsp.a(alt_irq_vars.o)
 .text          0x000000000305a4c4       0xe0 c:/Users/Robin/Documents/NHLStenden/FPGA/QuartusPrimeProjects/DE2-115_V.1.0.6_SystemCD/DE2_115_demonstrations/DE2_115_SD_Card_Audio_Player_Copy/Software/Audio_Player_test1_bsp/\libhal_bsp.a(alt_isatty.o)
                0x000000000305a500                isatty
 .text          0x000000000305a5a4      0x168 c:/Users/Robin/Documents/NHLStenden/FPGA/QuartusPrimeProjects/DE2-115_V.1.0.6_SystemCD/DE2_115_demonstrations/DE2_115_SD_Card_Audio_Player_Copy/Software/Audio_Player_test1_bsp/\libhal_bsp.a(alt_kill.o)
                0x000000000305a5e0                kill
 .text          0x000000000305a70c       0xec c:/Users/Robin/Documents/NHLStenden/FPGA/QuartusPrimeProjects/DE2-115_V.1.0.6_SystemCD/DE2_115_demonstrations/DE2_115_SD_Card_Audio_Player_Copy/Software/Audio_Player_test1_bsp/\libhal_bsp.a(alt_load.o)
                0x000000000305a774                alt_load
 .text          0x000000000305a7f8      0x110 c:/Users/Robin/Documents/NHLStenden/FPGA/QuartusPrimeProjects/DE2-115_V.1.0.6_SystemCD/DE2_115_demonstrations/DE2_115_SD_Card_Audio_Player_Copy/Software/Audio_Player_test1_bsp/\libhal_bsp.a(alt_lseek.o)
                0x000000000305a834                lseek
 .text          0x000000000305a908       0x7c c:/Users/Robin/Documents/NHLStenden/FPGA/QuartusPrimeProjects/DE2-115_V.1.0.6_SystemCD/DE2_115_demonstrations/DE2_115_SD_Card_Audio_Player_Copy/Software/Audio_Player_test1_bsp/\libhal_bsp.a(alt_main.o)
                0x000000000305a908                alt_main
 .text          0x000000000305a984       0x48 c:/Users/Robin/Documents/NHLStenden/FPGA/QuartusPrimeProjects/DE2-115_V.1.0.6_SystemCD/DE2_115_demonstrations/DE2_115_SD_Card_Audio_Player_Copy/Software/Audio_Player_test1_bsp/\libhal_bsp.a(alt_malloc_lock.o)
                0x000000000305a984                __malloc_lock
                0x000000000305a9a8                __malloc_unlock
 .text          0x000000000305a9cc      0x248 c:/Users/Robin/Documents/NHLStenden/FPGA/QuartusPrimeProjects/DE2-115_V.1.0.6_SystemCD/DE2_115_demonstrations/DE2_115_SD_Card_Audio_Player_Copy/Software/Audio_Player_test1_bsp/\libhal_bsp.a(alt_open.o)
                0x000000000305aac0                open
 .text          0x000000000305ac14      0x138 c:/Users/Robin/Documents/NHLStenden/FPGA/QuartusPrimeProjects/DE2-115_V.1.0.6_SystemCD/DE2_115_demonstrations/DE2_115_SD_Card_Audio_Player_Copy/Software/Audio_Player_test1_bsp/\libhal_bsp.a(alt_read.o)
                0x000000000305ac50                read
 .text          0x000000000305ad4c       0x58 c:/Users/Robin/Documents/NHLStenden/FPGA/QuartusPrimeProjects/DE2-115_V.1.0.6_SystemCD/DE2_115_demonstrations/DE2_115_SD_Card_Audio_Player_Copy/Software/Audio_Player_test1_bsp/\libhal_bsp.a(alt_release_fd.o)
                0x000000000305ad4c                alt_release_fd
 .text          0x000000000305ada4       0xb8 c:/Users/Robin/Documents/NHLStenden/FPGA/QuartusPrimeProjects/DE2-115_V.1.0.6_SystemCD/DE2_115_demonstrations/DE2_115_SD_Card_Audio_Player_Copy/Software/Audio_Player_test1_bsp/\libhal_bsp.a(alt_sbrk.o)
                0x000000000305ada4                sbrk
 .text          0x000000000305ae5c      0x1d0 c:/Users/Robin/Documents/NHLStenden/FPGA/QuartusPrimeProjects/DE2-115_V.1.0.6_SystemCD/DE2_115_demonstrations/DE2_115_SD_Card_Audio_Player_Copy/Software/Audio_Player_test1_bsp/\libhal_bsp.a(alt_tick.o)
                0x000000000305ae5c                alt_alarm_stop
                0x000000000305af00                alt_tick
 .text          0x000000000305b02c       0x30 c:/Users/Robin/Documents/NHLStenden/FPGA/QuartusPrimeProjects/DE2-115_V.1.0.6_SystemCD/DE2_115_demonstrations/DE2_115_SD_Card_Audio_Player_Copy/Software/Audio_Player_test1_bsp/\libhal_bsp.a(alt_usleep.o)
                0x000000000305b02c                usleep
 .text          0x000000000305b05c      0x134 c:/Users/Robin/Documents/NHLStenden/FPGA/QuartusPrimeProjects/DE2-115_V.1.0.6_SystemCD/DE2_115_demonstrations/DE2_115_SD_Card_Audio_Player_Copy/Software/Audio_Player_test1_bsp/\libhal_bsp.a(alt_write.o)
                0x000000000305b098                write
 .text          0x000000000305b190       0xfc c:/Users/Robin/Documents/NHLStenden/FPGA/QuartusPrimeProjects/DE2-115_V.1.0.6_SystemCD/DE2_115_demonstrations/DE2_115_SD_Card_Audio_Player_Copy/Software/Audio_Player_test1_bsp/\libhal_bsp.a(alt_sys_init.o)
                0x000000000305b1c4                alt_irq_init
                0x000000000305b200                alt_sys_init
 .text          0x000000000305b28c      0x87c c:/Users/Robin/Documents/NHLStenden/FPGA/QuartusPrimeProjects/DE2-115_V.1.0.6_SystemCD/DE2_115_demonstrations/DE2_115_SD_Card_Audio_Player_Copy/Software/Audio_Player_test1_bsp/\libhal_bsp.a(altera_avalon_cfi_flash.o)
                0x000000000305b2c0                alt_flash_cfi_init
                0x000000000305b350                alt_flash_cfi_write
                0x000000000305b5ec                alt_flash_cfi_get_info
                0x000000000305b678                alt_flash_cfi_read
                0x000000000305b6dc                alt_write_value_to_flash
                0x000000000305b838                alt_flash_program_block
 .text          0x000000000305bb08     0x1404 c:/Users/Robin/Documents/NHLStenden/FPGA/QuartusPrimeProjects/DE2-115_V.1.0.6_SystemCD/DE2_115_demonstrations/DE2_115_SD_Card_Audio_Player_Copy/Software/Audio_Player_test1_bsp/\libhal_bsp.a(altera_avalon_cfi_flash_table.o)
                0x000000000305bb08                alt_read_query_entry_8bit
                0x000000000305bb44                alt_read_query_entry_16bit
                0x000000000305bb84                alt_read_query_entry_32bit
                0x000000000305bbc0                alt_write_flash_command_8bit_device_8bit_mode
                0x000000000305bc04                alt_write_flash_command_16bit_device_8bit_mode
                0x000000000305bc7c                alt_write_flash_command_32bit_device_8bit_mode
                0x000000000305bcc8                alt_write_flash_command_16bit_device_16bit_mode
                0x000000000305bd14                alt_write_flash_command_32bit_device_16bit_mode
                0x000000000305bd60                alt_write_flash_command_32bit_device_32bit_mode
                0x000000000305bdac                alt_write_native_8bit
                0x000000000305bde4                alt_write_native_16bit
                0x000000000305be1c                alt_write_native_32bit
                0x000000000305be50                alt_set_flash_width_func
                0x000000000305c034                alt_set_flash_algorithm_func
                0x000000000305c154                alt_read_cfi_table
                0x000000000305c6e0                alt_read_cfi_width
                0x000000000305ce38                alt_check_primary_table
 .text          0x000000000305cf0c      0x164 c:/Users/Robin/Documents/NHLStenden/FPGA/QuartusPrimeProjects/DE2-115_V.1.0.6_SystemCD/DE2_115_demonstrations/DE2_115_SD_Card_Audio_Player_Copy/Software/Audio_Player_test1_bsp/\libhal_bsp.a(altera_avalon_jtag_uart_fd.o)
                0x000000000305cf0c                altera_avalon_jtag_uart_read_fd
                0x000000000305cf6c                altera_avalon_jtag_uart_write_fd
                0x000000000305cfcc                altera_avalon_jtag_uart_close_fd
                0x000000000305d01c                altera_avalon_jtag_uart_ioctl_fd
 .text          0x000000000305d070      0x3d4 c:/Users/Robin/Documents/NHLStenden/FPGA/QuartusPrimeProjects/DE2-115_V.1.0.6_SystemCD/DE2_115_demonstrations/DE2_115_SD_Card_Audio_Player_Copy/Software/Audio_Player_test1_bsp/\libhal_bsp.a(altera_avalon_jtag_uart_init.o)
                0x000000000305d070                altera_avalon_jtag_uart_init
                0x000000000305d3dc                altera_avalon_jtag_uart_close
 .text          0x000000000305d444       0xf4 c:/Users/Robin/Documents/NHLStenden/FPGA/QuartusPrimeProjects/DE2-115_V.1.0.6_SystemCD/DE2_115_demonstrations/DE2_115_SD_Card_Audio_Player_Copy/Software/Audio_Player_test1_bsp/\libhal_bsp.a(altera_avalon_jtag_uart_ioctl.o)
                0x000000000305d444                altera_avalon_jtag_uart_ioctl
 .text          0x000000000305d538      0x220 c:/Users/Robin/Documents/NHLStenden/FPGA/QuartusPrimeProjects/DE2-115_V.1.0.6_SystemCD/DE2_115_demonstrations/DE2_115_SD_Card_Audio_Player_Copy/Software/Audio_Player_test1_bsp/\libhal_bsp.a(altera_avalon_jtag_uart_read.o)
                0x000000000305d538                altera_avalon_jtag_uart_read
 .text          0x000000000305d758      0x228 c:/Users/Robin/Documents/NHLStenden/FPGA/QuartusPrimeProjects/DE2-115_V.1.0.6_SystemCD/DE2_115_demonstrations/DE2_115_SD_Card_Audio_Player_Copy/Software/Audio_Player_test1_bsp/\libhal_bsp.a(altera_avalon_jtag_uart_write.o)
                0x000000000305d758                altera_avalon_jtag_uart_write
 .text          0x000000000305d980      0x100 c:/Users/Robin/Documents/NHLStenden/FPGA/QuartusPrimeProjects/DE2-115_V.1.0.6_SystemCD/DE2_115_demonstrations/DE2_115_SD_Card_Audio_Player_Copy/Software/Audio_Player_test1_bsp/\libhal_bsp.a(altera_avalon_timer_sc.o)
                0x000000000305d9fc                alt_avalon_timer_sc_init
 .text          0x000000000305da80      0x110 c:/Users/Robin/Documents/NHLStenden/FPGA/QuartusPrimeProjects/DE2-115_V.1.0.6_SystemCD/DE2_115_demonstrations/DE2_115_SD_Card_Audio_Player_Copy/Software/Audio_Player_test1_bsp/\libhal_bsp.a(altera_avalon_uart_fd.o)
                0x000000000305da80                altera_avalon_uart_read_fd
                0x000000000305dae0                altera_avalon_uart_write_fd
                0x000000000305db40                altera_avalon_uart_close_fd
 .text          0x000000000305db90      0x3c0 c:/Users/Robin/Documents/NHLStenden/FPGA/QuartusPrimeProjects/DE2-115_V.1.0.6_SystemCD/DE2_115_demonstrations/DE2_115_SD_Card_Audio_Player_Copy/Software/Audio_Player_test1_bsp/\libhal_bsp.a(altera_avalon_uart_init.o)
                0x000000000305db90                altera_avalon_uart_init
                0x000000000305defc                altera_avalon_uart_close
 .text          0x000000000305df50      0x224 c:/Users/Robin/Documents/NHLStenden/FPGA/QuartusPrimeProjects/DE2-115_V.1.0.6_SystemCD/DE2_115_demonstrations/DE2_115_SD_Card_Audio_Player_Copy/Software/Audio_Player_test1_bsp/\libhal_bsp.a(altera_avalon_uart_read.o)
                0x000000000305df8c                altera_avalon_uart_read
 .text          0x000000000305e174      0x1f0 c:/Users/Robin/Documents/NHLStenden/FPGA/QuartusPrimeProjects/DE2-115_V.1.0.6_SystemCD/DE2_115_demonstrations/DE2_115_SD_Card_Audio_Player_Copy/Software/Audio_Player_test1_bsp/\libhal_bsp.a(altera_avalon_uart_write.o)
                0x000000000305e1b0                altera_avalon_uart_write
 .text          0x000000000305e364      0x160 c:/Users/Robin/Documents/NHLStenden/FPGA/QuartusPrimeProjects/DE2-115_V.1.0.6_SystemCD/DE2_115_demonstrations/DE2_115_SD_Card_Audio_Player_Copy/Software/Audio_Player_test1_bsp/\libhal_bsp.a(alt_alarm_start.o)
                0x000000000305e364                alt_alarm_start
 .text          0x000000000305e4c4      0x158 c:/Users/Robin/Documents/NHLStenden/FPGA/QuartusPrimeProjects/DE2-115_V.1.0.6_SystemCD/DE2_115_demonstrations/DE2_115_SD_Card_Audio_Player_Copy/Software/Audio_Player_test1_bsp/\libhal_bsp.a(alt_busy_sleep.o)
                0x000000000305e4c4                alt_busy_sleep
 .text          0x000000000305e61c       0x78 c:/Users/Robin/Documents/NHLStenden/FPGA/QuartusPrimeProjects/DE2-115_V.1.0.6_SystemCD/DE2_115_demonstrations/DE2_115_SD_Card_Audio_Player_Copy/Software/Audio_Player_test1_bsp/\libhal_bsp.a(alt_dcache_flush.o)
                0x000000000305e61c                alt_dcache_flush
 .text          0x000000000305e694       0x4c c:/Users/Robin/Documents/NHLStenden/FPGA/QuartusPrimeProjects/DE2-115_V.1.0.6_SystemCD/DE2_115_demonstrations/DE2_115_SD_Card_Audio_Player_Copy/Software/Audio_Player_test1_bsp/\libhal_bsp.a(alt_dcache_flush_all.o)
                0x000000000305e694                alt_dcache_flush_all
 .text          0x000000000305e6e0       0xe4 c:/Users/Robin/Documents/NHLStenden/FPGA/QuartusPrimeProjects/DE2-115_V.1.0.6_SystemCD/DE2_115_demonstrations/DE2_115_SD_Card_Audio_Player_Copy/Software/Audio_Player_test1_bsp/\libhal_bsp.a(alt_dev_llist_insert.o)
                0x000000000305e71c                alt_dev_llist_insert
 .text          0x000000000305e7c4       0x64 c:/Users/Robin/Documents/NHLStenden/FPGA/QuartusPrimeProjects/DE2-115_V.1.0.6_SystemCD/DE2_115_demonstrations/DE2_115_SD_Card_Audio_Player_Copy/Software/Audio_Player_test1_bsp/\libhal_bsp.a(alt_do_ctors.o)
                0x000000000305e7c4                _do_ctors
 .text          0x000000000305e828       0x64 c:/Users/Robin/Documents/NHLStenden/FPGA/QuartusPrimeProjects/DE2-115_V.1.0.6_SystemCD/DE2_115_demonstrations/DE2_115_SD_Card_Audio_Player_Copy/Software/Audio_Player_test1_bsp/\libhal_bsp.a(alt_do_dtors.o)
                0x000000000305e828                _do_dtors
 .text          0x000000000305e88c       0x90 c:/Users/Robin/Documents/NHLStenden/FPGA/QuartusPrimeProjects/DE2-115_V.1.0.6_SystemCD/DE2_115_demonstrations/DE2_115_SD_Card_Audio_Player_Copy/Software/Audio_Player_test1_bsp/\libhal_bsp.a(alt_find_dev.o)
                0x000000000305e88c                alt_find_dev
 .text          0x000000000305e91c      0x108 c:/Users/Robin/Documents/NHLStenden/FPGA/QuartusPrimeProjects/DE2-115_V.1.0.6_SystemCD/DE2_115_demonstrations/DE2_115_SD_Card_Audio_Player_Copy/Software/Audio_Player_test1_bsp/\libhal_bsp.a(alt_find_file.o)
                0x000000000305e91c                alt_find_file
 .text          0x000000000305ea24       0xbc c:/Users/Robin/Documents/NHLStenden/FPGA/QuartusPrimeProjects/DE2-115_V.1.0.6_SystemCD/DE2_115_demonstrations/DE2_115_SD_Card_Audio_Player_Copy/Software/Audio_Player_test1_bsp/\libhal_bsp.a(alt_flash_dev.o)
                0x000000000305ea24                alt_flash_open_dev
                0x000000000305ea8c                alt_flash_close_dev
 .text          0x000000000305eae0       0xa0 c:/Users/Robin/Documents/NHLStenden/FPGA/QuartusPrimeProjects/DE2-115_V.1.0.6_SystemCD/DE2_115_demonstrations/DE2_115_SD_Card_Audio_Player_Copy/Software/Audio_Player_test1_bsp/\libhal_bsp.a(alt_get_fd.o)
                0x000000000305eae0                alt_get_fd
 .text          0x000000000305eb80       0x34 c:/Users/Robin/Documents/NHLStenden/FPGA/QuartusPrimeProjects/DE2-115_V.1.0.6_SystemCD/DE2_115_demonstrations/DE2_115_SD_Card_Audio_Player_Copy/Software/Audio_Player_test1_bsp/\libhal_bsp.a(alt_icache_flush_all.o)
                0x000000000305eb80                alt_icache_flush_all
 .text          0x000000000305ebb4      0x1b0 c:/Users/Robin/Documents/NHLStenden/FPGA/QuartusPrimeProjects/DE2-115_V.1.0.6_SystemCD/DE2_115_demonstrations/DE2_115_SD_Card_Audio_Player_Copy/Software/Audio_Player_test1_bsp/\libhal_bsp.a(alt_iic.o)
                0x000000000305ebb4                alt_ic_isr_register
                0x000000000305ec04                alt_ic_irq_enable
                0x000000000305ec8c                alt_ic_irq_disable
                0x000000000305ed18                alt_ic_irq_enabled
 .text          0x000000000305ed64       0xe8 c:/Users/Robin/Documents/NHLStenden/FPGA/QuartusPrimeProjects/DE2-115_V.1.0.6_SystemCD/DE2_115_demonstrations/DE2_115_SD_Card_Audio_Player_Copy/Software/Audio_Player_test1_bsp/\libhal_bsp.a(alt_iic_isr_register.o)
                0x000000000305ed64                alt_iic_isr_register
 .text          0x000000000305ee4c      0x12c c:/Users/Robin/Documents/NHLStenden/FPGA/QuartusPrimeProjects/DE2-115_V.1.0.6_SystemCD/DE2_115_demonstrations/DE2_115_SD_Card_Audio_Player_Copy/Software/Audio_Player_test1_bsp/\libhal_bsp.a(alt_io_redirect.o)
                0x000000000305eefc                alt_io_redirect
 .text          0x000000000305ef78        0x0 c:/Users/Robin/Documents/NHLStenden/FPGA/QuartusPrimeProjects/DE2-115_V.1.0.6_SystemCD/DE2_115_demonstrations/DE2_115_SD_Card_Audio_Player_Copy/Software/Audio_Player_test1_bsp/\libhal_bsp.a(alt_irq_entry.o)
 .text          0x000000000305ef78        0x0 c:/Users/Robin/Documents/NHLStenden/FPGA/QuartusPrimeProjects/DE2-115_V.1.0.6_SystemCD/DE2_115_demonstrations/DE2_115_SD_Card_Audio_Player_Copy/Software/Audio_Player_test1_bsp/\libhal_bsp.a(alt_irq_handler.o)
 .text          0x000000000305ef78       0x24 c:/Users/Robin/Documents/NHLStenden/FPGA/QuartusPrimeProjects/DE2-115_V.1.0.6_SystemCD/DE2_115_demonstrations/DE2_115_SD_Card_Audio_Player_Copy/Software/Audio_Player_test1_bsp/\libhal_bsp.a(altera_nios2_irq.o)
                0x000000000305ef78                altera_nios2_irq_init