Archive member included to satisfy reference by file (symbol)

c:/intelfpga_lite/21.1/nios2eds/bin/gnu/h-x86_64-mingw32/bin/../lib/gcc/nios2-elf/10.3.1/../../../../../H-x86_64-mingw32/nios2-elf/lib\libc.a(lib_a-puts.o)
                              obj/default/hello_world.o (puts)
c:/intelfpga_lite/21.1/nios2eds/bin/gnu/h-x86_64-mingw32/bin/../lib/gcc/nios2-elf/10.3.1/../../../../../H-x86_64-mingw32/nios2-elf/lib\libc.a(lib_a-strlen.o)
                              c:/intelfpga_lite/21.1/nios2eds/bin/gnu/h-x86_64-mingw32/bin/../lib/gcc/nios2-elf/10.3.1/../../../../../H-x86_64-mingw32/nios2-elf/lib\libc.a(lib_a-puts.o) (strlen)
c:/intelfpga_lite/21.1/nios2eds/bin/gnu/h-x86_64-mingw32/bin/../lib/gcc/nios2-elf/10.3.1/../../../../../H-x86_64-mingw32/nios2-elf/lib\libc.a(lib_a-findfp.o)
                              c:/intelfpga_lite/21.1/nios2eds/bin/gnu/h-x86_64-mingw32/bin/../lib/gcc/nios2-elf/10.3.1/../../../../../H-x86_64-mingw32/nios2-elf/lib\libc.a(lib_a-puts.o) (__sinit)
c:/intelfpga_lite/21.1/nios2eds/bin/gnu/h-x86_64-mingw32/bin/../lib/gcc/nios2-elf/10.3.1/../../../../../H-x86_64-mingw32/nios2-elf/lib\libc.a(lib_a-fvwrite.o)
                              c:/intelfpga_lite/21.1/nios2eds/bin/gnu/h-x86_64-mingw32/bin/../lib/gcc/nios2-elf/10.3.1/../../../../../H-x86_64-mingw32/nios2-elf/lib\libc.a(lib_a-puts.o) (__sfvwrite_r)
c:/intelfpga_lite/21.1/nios2eds/bin/gnu/h-x86_64-mingw32/bin/../lib/gcc/nios2-elf/10.3.1/../../../../../H-x86_64-mingw32/nios2-elf/lib\libc.a(lib_a-fwalk.o)
                              c:/intelfpga_lite/21.1/nios2eds/bin/gnu/h-x86_64-mingw32/bin/../lib/gcc/nios2-elf/10.3.1/../../../../../H-x86_64-mingw32/nios2-elf/lib\libc.a(lib_a-findfp.o) (_fwalk)
c:/intelfpga_lite/21.1/nios2eds/bin/gnu/h-x86_64-mingw32/bin/../lib/gcc/nios2-elf/10.3.1/../../../../../H-x86_64-mingw32/nios2-elf/lib\libc.a(lib_a-impure.o)
                              c:/intelfpga_lite/21.1/nios2eds/bin/gnu/h-x86_64-mingw32/bin/../lib/gcc/nios2-elf/10.3.1/../../../../../H-x86_64-mingw32/nios2-elf/lib\libc.a(lib_a-findfp.o) (_global_impure_ptr)
c:/intelfpga_lite/21.1/nios2eds/bin/gnu/h-x86_64-mingw32/bin/../lib/gcc/nios2-elf/10.3.1/../../../../../H-x86_64-mingw32/nios2-elf/lib\libc.a(lib_a-mallocr.o)
                              c:/intelfpga_lite/21.1/nios2eds/bin/gnu/h-x86_64-mingw32/bin/../lib/gcc/nios2-elf/10.3.1/../../../../../H-x86_64-mingw32/nios2-elf/lib\libc.a(lib_a-findfp.o) (_malloc_r)
c:/intelfpga_lite/21.1/nios2eds/bin/gnu/h-x86_64-mingw32/bin/../lib/gcc/nios2-elf/10.3.1/../../../../../H-x86_64-mingw32/nios2-elf/lib\libc.a(lib_a-memchr.o)
                              c:/intelfpga_lite/21.1/nios2eds/bin/gnu/h-x86_64-mingw32/bin/../lib/gcc/nios2-elf/10.3.1/../../../../../H-x86_64-mingw32/nios2-elf/lib\libc.a(lib_a-fvwrite.o) (memchr)
c:/intelfpga_lite/21.1/nios2eds/bin/gnu/h-x86_64-mingw32/bin/../lib/gcc/nios2-elf/10.3.1/../../../../../H-x86_64-mingw32/nios2-elf/lib\libc.a(lib_a-memcpy.o)
                              c:/intelfpga_lite/21.1/nios2eds/bin/gnu/h-x86_64-mingw32/bin/../lib/gcc/nios2-elf/10.3.1/../../../../../H-x86_64-mingw32/nios2-elf/lib\libc.a(lib_a-fvwrite.o) (memcpy)
c:/intelfpga_lite/21.1/nios2eds/bin/gnu/h-x86_64-mingw32/bin/../lib/gcc/nios2-elf/10.3.1/../../../../../H-x86_64-mingw32/nios2-elf/lib\libc.a(lib_a-memmove.o)
                              c:/intelfpga_lite/21.1/nios2eds/bin/gnu/h-x86_64-mingw32/bin/../lib/gcc/nios2-elf/10.3.1/../../../../../H-x86_64-mingw32/nios2-elf/lib\libc.a(lib_a-fvwrite.o) (memmove)
c:/intelfpga_lite/21.1/nios2eds/bin/gnu/h-x86_64-mingw32/bin/../lib/gcc/nios2-elf/10.3.1/../../../../../H-x86_64-mingw32/nios2-elf/lib\libc.a(lib_a-memset.o)
                              c:/intelfpga_lite/21.1/nios2eds/bin/gnu/h-x86_64-mingw32/bin/../lib/gcc/nios2-elf/10.3.1/../../../../../H-x86_64-mingw32/nios2-elf/lib\libc.a(lib_a-findfp.o) (memset)
c:/intelfpga_lite/21.1/nios2eds/bin/gnu/h-x86_64-mingw32/bin/../lib/gcc/nios2-elf/10.3.1/../../../../../H-x86_64-mingw32/nios2-elf/lib\libc.a(lib_a-reallocr.o)
                              c:/intelfpga_lite/21.1/nios2eds/bin/gnu/h-x86_64-mingw32/bin/../lib/gcc/nios2-elf/10.3.1/../../../../../H-x86_64-mingw32/nios2-elf/lib\libc.a(lib_a-fvwrite.o) (_realloc_r)
c:/intelfpga_lite/21.1/nios2eds/bin/gnu/h-x86_64-mingw32/bin/../lib/gcc/nios2-elf/10.3.1/../../../../../H-x86_64-mingw32/nios2-elf/lib\libc.a(lib_a-sbrkr.o)
                              c:/intelfpga_lite/21.1/nios2eds/bin/gnu/h-x86_64-mingw32/bin/../lib/gcc/nios2-elf/10.3.1/../../../../../H-x86_64-mingw32/nios2-elf/lib\libc.a(lib_a-mallocr.o) (_sbrk_r)
c:/intelfpga_lite/21.1/nios2eds/bin/gnu/h-x86_64-mingw32/bin/../lib/gcc/nios2-elf/10.3.1/../../../../../H-x86_64-mingw32/nios2-elf/lib\libc.a(lib_a-stdio.o)
                              c:/intelfpga_lite/21.1/nios2eds/bin/gnu/h-x86_64-mingw32/bin/../lib/gcc/nios2-elf/10.3.1/../../../../../H-x86_64-mingw32/nios2-elf/lib\libc.a(lib_a-findfp.o) (__sread)
[...]
Memory Configuration

Name             Origin             Length             Attributes
cfi_flash        0x0000000002800000 0x0000000000800000
reset            0x0000000003040000 0x0000000000000020
onchip_memory2   0x0000000003040020 0x000000000003ffe0
*default*        0x0000000000000000 0xffffffffffffffff

Linker script and memory map

LOAD c:/Users/Robin/Documents/NHLStenden/FPGA/QuartusPrimeProjects/DE2-115_V.1.0.6_SystemCD/DE2_115_demonstrations/DE2_115_SD_Card_Audio_Player_Copy/Software/test3_bsp//obj/HAL/src/crt0.o
LOAD obj/default/hello_world.o
LOAD c:/intelfpga_lite/21.1/nios2eds/bin/gnu/h-x86_64-mingw32/bin/../lib/gcc/nios2-elf/10.3.1/../../../../../H-x86_64-mingw32/nios2-elf/lib\libstdc++.a
LOAD c:/intelfpga_lite/21.1/nios2eds/bin/gnu/h-x86_64-mingw32/bin/../lib/gcc/nios2-elf/10.3.1/../../../../../H-x86_64-mingw32/nios2-elf/lib\libm.a
LOAD c:/intelfpga_lite/21.1/nios2eds/bin/gnu/h-x86_64-mingw32/bin/../lib/gcc/nios2-elf/10.3.1\libgcc.a
START GROUP
LOAD c:/intelfpga_lite/21.1/nios2eds/bin/gnu/h-x86_64-mingw32/bin/../lib/gcc/nios2-elf/10.3.1/../../../../../H-x86_64-mingw32/nios2-elf/lib\libc.a
LOAD c:/intelfpga_lite/21.1/nios2eds/bin/gnu/h-x86_64-mingw32/bin/../lib/gcc/nios2-elf/10.3.1\libgcc.a
LOAD c:/Users/Robin/Documents/NHLStenden/FPGA/QuartusPrimeProjects/DE2-115_V.1.0.6_SystemCD/DE2_115_demonstrations/DE2_115_SD_Card_Audio_Player_Copy/Software/test3_bsp/\libhal_bsp.a
LOAD c:/intelfpga_lite/21.1/nios2eds/bin/gnu/h-x86_64-mingw32/bin/../lib/gcc/nios2-elf/10.3.1/../../../../../H-x86_64-mingw32/nios2-elf/lib\libm.a
END GROUP
LOAD c:/intelfpga_lite/21.1/nios2eds/bin/gnu/h-x86_64-mingw32/bin/../lib/gcc/nios2-elf/10.3.1\libgcc.a
                0x0000000002800000                __alt_mem_cfi_flash = 0x2800000
                0x0000000003040000                __alt_mem_onchip_memory2 = 0x3040000

.entry          0x0000000003040000       0x20
 *(.entry)
 .entry         0x0000000003040000       0x20 c:/Users/Robin/Documents/NHLStenden/FPGA/QuartusPrimeProjects/DE2-115_V.1.0.6_SystemCD/DE2_115_demonstrations/DE2_115_SD_Card_Audio_Player_Copy/Software/test3_bsp//obj/HAL/src/crt0.o
                0x0000000003040000                __reset

.exceptions     0x0000000003040020      0x194
                0x0000000003040020                PROVIDE (__ram_exceptions_start = ABSOLUTE (.))
                0x0000000003040020                . = ALIGN (0x20)
 *(.irq)
 *(.exceptions.entry.label)
 .exceptions.entry.label
                0x0000000003040020        0x0 c:/Users/Robin/Documents/NHLStenden/FPGA/QuartusPrimeProjects/DE2-115_V.1.0.6_SystemCD/DE2_115_demonstrations/DE2_115_SD_Card_Audio_Player_Copy/Software/test3_bsp/\libhal_bsp.a(alt_irq_entry.o)
                0x0000000003040020                alt_irq_entry
 .exceptions.entry.label
                0x0000000003040020        0x0 c:/Users/Robin/Documents/NHLStenden/FPGA/QuartusPrimeProjects/DE2-115_V.1.0.6_SystemCD/DE2_115_demonstrations/DE2_115_SD_Card_Audio_Player_Copy/Software/test3_bsp/\libhal_bsp.a(alt_exception_entry.o)
                0x0000000003040020                alt_exception
 *(.exceptions.entry.user)
 *(.exceptions.entry.ecc_fatal)
 *(.exceptions.entry)
 .exceptions.entry
                0x0000000003040020       0x54 c:/Users/Robin/Documents/NHLStenden/FPGA/QuartusPrimeProjects/DE2-115_V.1.0.6_SystemCD/DE2_115_demonstrations/DE2_115_SD_Card_Audio_Player_Copy/Software/test3_bsp/\libhal_bsp.a(alt_exception_entry.o)
 *(.exceptions.irqtest.user)
 *(.exceptions.irqtest)
 .exceptions.irqtest
                0x0000000003040074       0x10 c:/Users/Robin/Documents/NHLStenden/FPGA/QuartusPrimeProjects/DE2-115_V.1.0.6_SystemCD/DE2_115_demonstrations/DE2_115_SD_Card_Audio_Player_Copy/Software/test3_bsp/\libhal_bsp.a(alt_irq_entry.o)
 *(.exceptions.irqhandler.user)
 *(.exceptions.irqhandler)
 .exceptions.irqhandler
                0x0000000003040084        0x4 c:/Users/Robin/Documents/NHLStenden/FPGA/QuartusPrimeProjects/DE2-115_V.1.0.6_SystemCD/DE2_115_demonstrations/DE2_115_SD_Card_Audio_Player_Copy/Software/test3_bsp/\libhal_bsp.a(alt_irq_entry.o)
 *(.exceptions.irqreturn.user)
 *(.exceptions.irqreturn)
 .exceptions.irqreturn
                0x0000000003040088        0x4 c:/Users/Robin/Documents/NHLStenden/FPGA/QuartusPrimeProjects/DE2-115_V.1.0.6_SystemCD/DE2_115_demonstrations/DE2_115_SD_Card_Audio_Player_Copy/Software/test3_bsp/\libhal_bsp.a(alt_irq_entry.o)
 *(.exceptions.notirq.label)
 .exceptions.notirq.label
                0x000000000304008c        0x0 c:/Users/Robin/Documents/NHLStenden/FPGA/QuartusPrimeProjects/DE2-115_V.1.0.6_SystemCD/DE2_115_demonstrations/DE2_115_SD_Card_Audio_Player_Copy/Software/test3_bsp/\libhal_bsp.a(alt_irq_entry.o)
 *(.exceptions.notirq.user)
 *(.exceptions.notirq)
 .exceptions.notirq
                0x000000000304008c        0x8 c:/Users/Robin/Documents/NHLStenden/FPGA/QuartusPrimeProjects/DE2-115_V.1.0.6_SystemCD/DE2_115_demonstrations/DE2_115_SD_Card_Audio_Player_Copy/Software/test3_bsp/\libhal_bsp.a(alt_exception_entry.o)
 *(.exceptions.soft.user)
 *(.exceptions.soft)
 *(.exceptions.unknown.user)
 *(.exceptions.unknown)
 .exceptions.unknown
                0x0000000003040094        0x4 c:/Users/Robin/Documents/NHLStenden/FPGA/QuartusPrimeProjects/DE2-115_V.1.0.6_SystemCD/DE2_115_demonstrations/DE2_115_SD_Card_Audio_Player_Copy/Software/test3_bsp/\libhal_bsp.a(alt_exception_entry.o)
 *(.exceptions.exit.label)
 .exceptions.exit.label
                0x0000000003040098        0x0 c:/Users/Robin/Documents/NHLStenden/FPGA/QuartusPrimeProjects/DE2-115_V.1.0.6_SystemCD/DE2_115_demonstrations/DE2_115_SD_Card_Audio_Player_Copy/Software/test3_bsp/\libhal_bsp.a(alt_irq_entry.o)
 .exceptions.exit.label
                0x0000000003040098        0x0 c:/Users/Robin/Documents/NHLStenden/FPGA/QuartusPrimeProjects/DE2-115_V.1.0.6_SystemCD/DE2_115_demonstrations/DE2_115_SD_Card_Audio_Player_Copy/Software/test3_bsp/\libhal_bsp.a(alt_exception_entry.o)
 *(.exceptions.exit.user)
 *(.exceptions.exit)
 .exceptions.exit
                0x0000000003040098       0x54 c:/Users/Robin/Documents/NHLStenden/FPGA/QuartusPrimeProjects/DE2-115_V.1.0.6_SystemCD/DE2_115_demonstrations/DE2_115_SD_Card_Audio_Player_Copy/Software/test3_bsp/\libhal_bsp.a(alt_exception_entry.o)
 *(.exceptions)
 .exceptions    0x00000000030400ec       0xc8 c:/Users/Robin/Documents/NHLStenden/FPGA/QuartusPrimeProjects/DE2-115_V.1.0.6_SystemCD/DE2_115_demonstrations/DE2_115_SD_Card_Audio_Player_Copy/Software/test3_bsp/\libhal_bsp.a(alt_irq_handler.o)
                0x00000000030400ec                alt_irq_handler
                0x00000000030401b4                PROVIDE (__ram_exceptions_end = ABSOLUTE (.))
                0x0000000003040020                PROVIDE (__flash_exceptions_start = LOADADDR (.exceptions))

.text           0x00000000030401b4     0x8614
                [!provide]                        PROVIDE (stext = ABSOLUTE (.))
 *(.interp)
 *(.hash)
 *(.dynsym)
 *(.dynstr)
 *(.gnu.version)
 *(.gnu.version_d)
 *(.gnu.version_r)
 *(.rel.init)
 *(.rela.init)
 *(.rel.text .rel.text.* .rel.gnu.linkonce.t.*)
 *(.rela.text .rela.text.* .rela.gnu.linkonce.t.*)
 *(.rel.fini)
 *(.rela.fini)
 *(.rel.rodata .rel.rodata.* .rel.gnu.linkonce.r.*)
 *(.rela.rodata .rela.rodata.* .rela.gnu.linkonce.r.*)
 *(.rel.data .rel.data.* .rel.gnu.linkonce.d.*)
 *(.rela.data .rela.data.* .rela.gnu.linkonce.d.*)
 *(.rel.tdata .rel.tdata.* .rel.gnu.linkonce.td.*)
 *(.rela.tdata .rela.tdata.* .rela.gnu.linkonce.td.*)
 *(.rel.tbss .rel.tbss.* .rel.gnu.linkonce.tb.*)
 *(.rela.tbss .rela.tbss.* .rela.gnu.linkonce.tb.*)
 *(.rel.ctors)
 *(.rela.ctors)
 *(.rel.dtors)
 *(.rela.dtors)
 *(.rel.got)
 *(.rela.got)
 *(.rel.sdata .rel.sdata.* .rel.gnu.linkonce.s.*)
 *(.rela.sdata .rela.sdata.* .rela.gnu.linkonce.s.*)
 *(.rel.sbss .rel.sbss.* .rel.gnu.linkonce.sb.*)
 *(.rela.sbss .rela.sbss.* .rela.gnu.linkonce.sb.*)
 *(.rel.sdata2 .rel.sdata2.* .rel.gnu.linkonce.s2.*)
 *(.rela.sdata2 .rela.sdata2.* .rela.gnu.linkonce.s2.*)
 *(.rel.sbss2 .rel.sbss2.* .rel.gnu.linkonce.sb2.*)
 *(.rela.sbss2 .rela.sbss2.* .rela.gnu.linkonce.sb2.*)
 *(.rel.bss .rel.bss.* .rel.gnu.linkonce.b.*)
 *(.rela.bss .rela.bss.* .rela.gnu.linkonce.b.*)
 *(.rel.plt)
 *(.rela.plt)
 *(.rel.dyn)
 *(.init)
 *(.plt)
 *(.text .stub .text.* .gnu.linkonce.t.*)
 .text          0x00000000030401b4       0x4c c:/Users/Robin/Documents/NHLStenden/FPGA/QuartusPrimeProjects/DE2-115_V.1.0.6_SystemCD/DE2_115_demonstrations/DE2_115_SD_Card_Audio_Player_Copy/Software/test3_bsp//obj/HAL/src/crt0.o
                0x00000000030401b4                _start
 .text          0x0000000003040200       0x64 obj/default/hello_world.o
                0x0000000003040200                main
 .text          0x0000000003040264        0x0 c:/intelfpga_lite/21.1/nios2eds/bin/gnu/h-x86_64-mingw32/bin/../lib/gcc/nios2-elf/10.3.1/../../../../../H-x86_64-mingw32/nios2-elf/lib\libc.a(lib_a-puts.o)
 .text._puts_r  0x0000000003040264       0xcc c:/intelfpga_lite/21.1/nios2eds/bin/gnu/h-x86_64-mingw32/bin/../lib/gcc/nios2-elf/10.3.1/../../../../../H-x86_64-mingw32/nios2-elf/lib\libc.a(lib_a-puts.o)
                0x0000000003040264                _puts_r
 .text.puts     0x0000000003040330       0x10 c:/intelfpga_lite/21.1/nios2eds/bin/gnu/h-x86_64-mingw32/bin/../lib/gcc/nios2-elf/10.3.1/../../../../../H-x86_64-mingw32/nios2-elf/lib\libc.a(lib_a-puts.o)
                0x0000000003040330                puts
 .text          0x0000000003040340        0x0 c:/intelfpga_lite/21.1/nios2eds/bin/gnu/h-x86_64-mingw32/bin/../lib/gcc/nios2-elf/10.3.1/../../../../../H-x86_64-mingw32/nios2-elf/lib\libc.a(lib_a-strlen.o)
 .text.strlen   0x0000000003040340       0x98 c:/intelfpga_lite/21.1/nios2eds/bin/gnu/h-x86_64-mingw32/bin/../lib/gcc/nios2-elf/10.3.1/../../../../../H-x86_64-mingw32/nios2-elf/lib\libc.a(lib_a-strlen.o)
                0x0000000003040340                strlen
 .text          0x00000000030403d8        0x0 c:/intelfpga_lite/21.1/nios2eds/bin/gnu/h-x86_64-mingw32/bin/../lib/gcc/nios2-elf/10.3.1/../../../../../H-x86_64-mingw32/nios2-elf/lib\libc.a(lib_a-findfp.o)
 .text.__fp_lock
                0x00000000030403d8        0x8 c:/intelfpga_lite/21.1/nios2eds/bin/gnu/h-x86_64-mingw32/bin/../lib/gcc/nios2-elf/10.3.1/../../../../../H-x86_64-mingw32/nios2-elf/lib\libc.a(lib_a-findfp.o)
 .text._cleanup_r
                0x00000000030403e0        0xc c:/intelfpga_lite/21.1/nios2eds/bin/gnu/h-x86_64-mingw32/bin/../lib/gcc/nios2-elf/10.3.1/../../../../../H-x86_64-mingw32/nios2-elf/lib\libc.a(lib_a-findfp.o)
                0x00000000030403e0                _cleanup_r
 .text.__fp_unlock
                0x00000000030403ec        0x8 c:/intelfpga_lite/21.1/nios2eds/bin/gnu/h-x86_64-mingw32/bin/../lib/gcc/nios2-elf/10.3.1/../../../../../H-x86_64-mingw32/nios2-elf/lib\libc.a(lib_a-findfp.o)
 .text.__sinit.part.0
                0x00000000030403f4      0x168 c:/intelfpga_lite/21.1/nios2eds/bin/gnu/h-x86_64-mingw32/bin/../lib/gcc/nios2-elf/10.3.1/../../../../../H-x86_64-mingw32/nios2-elf/lib\libc.a(lib_a-findfp.o)
 .text.__sfmoreglue
                0x000000000304055c       0x68 c:/intelfpga_lite/21.1/nios2eds/bin/gnu/h-x86_64-mingw32/bin/../lib/gcc/nios2-elf/10.3.1/../../../../../H-x86_64-mingw32/nios2-elf/lib\libc.a(lib_a-findfp.o)
                0x000000000304055c                __sfmoreglue
 .text.__sfp    0x00000000030405c4      0x154 c:/intelfpga_lite/21.1/nios2eds/bin/gnu/h-x86_64-mingw32/bin/../lib/gcc/nios2-elf/10.3.1/../../../../../H-x86_64-mingw32/nios2-elf/lib\libc.a(lib_a-findfp.o)
                0x00000000030405c4                __sfp
 .text._cleanup
                0x0000000003040718       0x14 c:/intelfpga_lite/21.1/nios2eds/bin/gnu/h-x86_64-mingw32/bin/../lib/gcc/nios2-elf/10.3.1/../../../../../H-x86_64-mingw32/nios2-elf/lib\libc.a(lib_a-findfp.o)
                0x0000000003040718                _cleanup
 .text.__sinit  0x000000000304072c       0x10 c:/intelfpga_lite/21.1/nios2eds/bin/gnu/h-x86_64-mingw32/bin/../lib/gcc/nios2-elf/10.3.1/../../../../../H-x86_64-mingw32/nios2-elf/lib\libc.a(lib_a-findfp.o)
                0x000000000304072c                __sinit
 .text.__sfp_lock_acquire
                0x000000000304073c        0x4 c:/intelfpga_lite/21.1/nios2eds/bin/gnu/h-x86_64-mingw32/bin/../lib/gcc/nios2-elf/10.3.1/../../../../../H-x86_64-mingw32/nios2-elf/lib\libc.a(lib_a-findfp.o)
                0x000000000304073c                __sfp_lock_acquire
 .text.__sfp_lock_release
                0x0000000003040740        0x4 c:/intelfpga_lite/21.1/nios2eds/bin/gnu/h-x86_64-mingw32/bin/../lib/gcc/nios2-elf/10.3.1/../../../../../H-x86_64-mingw32/nios2-elf/lib\libc.a(lib_a-findfp.o)
                0x0000000003040740                __sfp_lock_release
 .text.__sinit_lock_acquire
                0x0000000003040744        0x4 c:/intelfpga_lite/21.1/nios2eds/bin/gnu/h-x86_64-mingw32/bin/../lib/gcc/nios2-elf/10.3.1/../../../../../H-x86_64-mingw32/nios2-elf/lib\libc.a(lib_a-findfp.o)
                0x0000000003040744                __sinit_lock_acquire
 .text.__sinit_lock_release
                0x0000000003040748        0x4 c:/intelfpga_lite/21.1/nios2eds/bin/gnu/h-x86_64-mingw32/bin/../lib/gcc/nios2-elf/10.3.1/../../../../../H-x86_64-mingw32/nios2-elf/lib\libc.a(lib_a-findfp.o)
                0x0000000003040748                __sinit_lock_release
 .text.__fp_lock_all
                0x000000000304074c       0x14 c:/intelfpga_lite/21.1/nios2eds/bin/gnu/h-x86_64-mingw32/bin/../lib/gcc/nios2-elf/10.3.1/../../../../../H-x86_64-mingw32/nios2-elf/lib\libc.a(lib_a-findfp.o)
                0x000000000304074c                __fp_lock_all
 .text.__fp_unlock_all
                0x0000000003040760       0x14 c:/intelfpga_lite/21.1/nios2eds/bin/gnu/h-x86_64-mingw32/bin/../lib/gcc/nios2-elf/10.3.1/../../../../../H-x86_64-mingw32/nios2-elf/lib\libc.a(lib_a-findfp.o)
                0x0000000003040760                __fp_unlock_all
 .text          0x0000000003040774        0x0 c:/intelfpga_lite/21.1/nios2eds/bin/gnu/h-x86_64-mingw32/bin/../lib/gcc/nios2-elf/10.3.1/../../../../../H-x86_64-mingw32/nios2-elf/lib\libc.a(lib_a-fvwrite.o)
 .text.__sfvwrite_r
                0x0000000003040774      0x484 c:/intelfpga_lite/21.1/nios2eds/bin/gnu/h-x86_64-mingw32/bin/../lib/gcc/nios2-elf/10.3.1/../../../../../H-x86_64-mingw32/nios2-elf/lib\libc.a(lib_a-fvwrite.o)
                0x0000000003040774                __sfvwrite_r
 .text          0x0000000003040bf8        0x0 c:/intelfpga_lite/21.1/nios2eds/bin/gnu/h-x86_64-mingw32/bin/../lib/gcc/nios2-elf/10.3.1/../../../../../H-x86_64-mingw32/nios2-elf/lib\libc.a(lib_a-fwalk.o)
 .text._fwalk   0x0000000003040bf8       0x98 c:/intelfpga_lite/21.1/nios2eds/bin/gnu/h-x86_64-mingw32/bin/../lib/gcc/nios2-elf/10.3.1/../../../../../H-x86_64-mingw32/nios2-elf/lib\libc.a(lib_a-fwalk.o)
                0x0000000003040bf8                _fwalk
 .text._fwalk_reent
                0x0000000003040c90       0xa8 c:/intelfpga_lite/21.1/nios2eds/bin/gnu/h-x86_64-mingw32/bin/../lib/gcc/nios2-elf/10.3.1/../../../../../H-x86_64-mingw32/nios2-elf/lib\libc.a(lib_a-fwalk.o)
                0x0000000003040c90                _fwalk_reent
 .text          0x0000000003040d38        0x0 c:/intelfpga_lite/21.1/nios2eds/bin/gnu/h-x86_64-mingw32/bin/../lib/gcc/nios2-elf/10.3.1/../../../../../H-x86_64-mingw32/nios2-elf/lib\libc.a(lib_a-impure.o)
 .text          0x0000000003040d38        0x0 c:/intelfpga_lite/21.1/nios2eds/bin/gnu/h-x86_64-mingw32/bin/../lib/gcc/nios2-elf/10.3.1/../../../../../H-x86_64-mingw32/nios2-elf/lib\libc.a(lib_a-mallocr.o)
 .text._malloc_r
                0x0000000003040d38      0x7e0 c:/intelfpga_lite/21.1/nios2eds/bin/gnu/h-x86_64-mingw32/bin/../lib/gcc/nios2-elf/10.3.1/../../../../../H-x86_64-mingw32/nios2-elf/lib\libc.a(lib_a-mallocr.o)
                0x0000000003040d38                _malloc_r
 .text          0x0000000003041518        0x0 c:/intelfpga_lite/21.1/nios2eds/bin/gnu/h-x86_64-mingw32/bin/../lib/gcc/nios2-elf/10.3.1/../../../../../H-x86_64-mingw32/nios2-elf/lib\libc.a(lib_a-memchr.o)
 .text.memchr   0x0000000003041518       0xd0 c:/intelfpga_lite/21.1/nios2eds/bin/gnu/h-x86_64-mingw32/bin/../lib/gcc/nios2-elf/10.3.1/../../../../../H-x86_64-mingw32/nios2-elf/lib\libc.a(lib_a-memchr.o)
                0x0000000003041518                memchr
 .text          0x00000000030415e8        0x0 c:/intelfpga_lite/21.1/nios2eds/bin/gnu/h-x86_64-mingw32/bin/../lib/gcc/nios2-elf/10.3.1/../../../../../H-x86_64-mingw32/nios2-elf/lib\libc.a(lib_a-memcpy.o)
 .text.memcpy   0x00000000030415e8      0x100 c:/intelfpga_lite/21.1/nios2eds/bin/gnu/h-x86_64-mingw32/bin/../lib/gcc/nios2-elf/10.3.1/../../../../../H-x86_64-mingw32/nios2-elf/lib\libc.a(lib_a-memcpy.o)
                0x00000000030415e8                memcpy
 .text          0x00000000030416e8        0x0 c:/intelfpga_lite/21.1/nios2eds/bin/gnu/h-x86_64-mingw32/bin/../lib/gcc/nios2-elf/10.3.1/../../../../../H-x86_64-mingw32/nios2-elf/lib\libc.a(lib_a-memmove.o)
 .text.memmove  0x00000000030416e8      0x12c c:/intelfpga_lite/21.1/nios2eds/bin/gnu/h-x86_64-mingw32/bin/../lib/gcc/nios2-elf/10.3.1/../../../../../H-x86_64-mingw32/nios2-elf/lib\libc.a(lib_a-memmove.o)
                0x00000000030416e8                memmove
 .text          0x0000000003041814        0x0 c:/intelfpga_lite/21.1/nios2eds/bin/gnu/h-x86_64-mingw32/bin/../lib/gcc/nios2-elf/10.3.1/../../../../../H-x86_64-mingw32/nios2-elf/lib\libc.a(lib_a-memset.o)
 .text.memset   0x0000000003041814       0xf0 c:/intelfpga_lite/21.1/nios2eds/bin/gnu/h-x86_64-mingw32/bin/../lib/gcc/nios2-elf/10.3.1/../../../../../H-x86_64-mingw32/nios2-elf/lib\libc.a(lib_a-memset.o)
                0x0000000003041814                memset
 .text          0x0000000003041904        0x0 c:/intelfpga_lite/21.1/nios2eds/bin/gnu/h-x86_64-mingw32/bin/../lib/gcc/nios2-elf/10.3.1/../../../../../H-x86_64-mingw32/nios2-elf/lib\libc.a(lib_a-reallocr.o)
 .text._realloc_r
                0x0000000003041904      0x53c c:/intelfpga_lite/21.1/nios2eds/bin/gnu/h-x86_64-mingw32/bin/../lib/gcc/nios2-elf/10.3.1/../../../../../H-x86_64-mingw32/nios2-elf/lib\libc.a(lib_a-reallocr.o)
                0x0000000003041904                _realloc_r
 .text          0x0000000003041e40        0x0 c:/intelfpga_lite/21.1/nios2eds/bin/gnu/h-x86_64-mingw32/bin/../lib/gcc/nios2-elf/10.3.1/../../../../../H-x86_64-mingw32/nios2-elf/lib\libc.a(lib_a-sbrkr.o)
 .text._sbrk_r  0x0000000003041e40       0x58 c:/intelfpga_lite/21.1/nios2eds/bin/gnu/h-x86_64-mingw32/bin/../lib/gcc/nios2-elf/10.3.1/../../../../../H-x86_64-mingw32/nios2-elf/lib\libc.a(lib_a-sbrkr.o)
                0x0000000003041e40                _sbrk_r
 .text          0x0000000003041e98        0x0 c:/intelfpga_lite/21.1/nios2eds/bin/gnu/h-x86_64-mingw32/bin/../lib/gcc/nios2-elf/10.3.1/../../../../../H-x86_64-mingw32/nios2-elf/lib\libc.a(lib_a-stdio.o)
 .text.__sread  0x0000000003041e98       0x54 c:/intelfpga_lite/21.1/nios2eds/bin/gnu/h-x86_64-mingw32/bin/../lib/gcc/nios2-elf/10.3.1/../../../../../H-x86_64-mingw32/nios2-elf/lib\libc.a(lib_a-stdio.o)
                0x0000000003041e98                __sread
 .text.__seofread
                0x0000000003041eec        0x8 c:/intelfpga_lite/21.1/nios2eds/bin/gnu/h-x86_64-mingw32/bin/../lib/gcc/nios2-elf/10.3.1/../../../../../H-x86_64-mingw32/nios2-elf/lib\libc.a(lib_a-stdio.o)
                0x0000000003041eec                __seofread
 .text.__swrite
                0x0000000003041ef4       0x80 c:/intelfpga_lite/21.1/nios2eds/bin/gnu/h-x86_64-mingw32/bin/../lib/gcc/nios2-elf/10.3.1/../../../../../H-x86_64-mingw32/nios2-elf/lib\libc.a(lib_a-stdio.o)
                0x0000000003041ef4                __swrite
 .text.__sseek  0x0000000003041f74       0x5c c:/intelfpga_lite/21.1/nios2eds/bin/gnu/h-x86_64-mingw32/bin/../lib/gcc/nios2-elf/10.3.1/../../../../../H-x86_64-mingw32/nios2-elf/lib\libc.a(lib_a-stdio.o)
                0x0000000003041f74                __sseek
 .text.__sclose
                0x0000000003041fd0        0x8 c:/intelfpga_lite/21.1/nios2eds/bin/gnu/h-x86_64-mingw32/bin/../lib/gcc/nios2-elf/10.3.1/../../../../../H-x86_64-mingw32/nios2-elf/lib\libc.a(lib_a-stdio.o)
                0x0000000003041fd0                __sclose
 .text          0x0000000003041fd8        0x0 c:/intelfpga_lite/21.1/nios2eds/bin/gnu/h-x86_64-mingw32/bin/../lib/gcc/nios2-elf/10.3.1/../../../../../H-x86_64-mingw32/nios2-elf/lib\libc.a(lib_a-writer.o)
 .text._write_r
                0x0000000003041fd8       0x64 c:/intelfpga_lite/21.1/nios2eds/bin/gnu/h-x86_64-mingw32/bin/../lib/gcc/nios2-elf/10.3.1/../../../../../H-x86_64-mingw32/nios2-elf/lib\libc.a(lib_a-writer.o)
                0x0000000003041fd8                _write_r
 .text          0x000000000304203c        0x0 c:/intelfpga_lite/21.1/nios2eds/bin/gnu/h-x86_64-mingw32/bin/../lib/gcc/nios2-elf/10.3.1/../../../../../H-x86_64-mingw32/nios2-elf/lib\libc.a(lib_a-wsetup.o)
 .text.__swsetup_r
                0x000000000304203c      0x164 c:/intelfpga_lite/21.1/nios2eds/bin/gnu/h-x86_64-mingw32/bin/../lib/gcc/nios2-elf/10.3.1/../../../../../H-x86_64-mingw32/nios2-elf/lib\libc.a(lib_a-wsetup.o)
                0x000000000304203c                __swsetup_r
 .text          0x00000000030421a0        0x0 c:/intelfpga_lite/21.1/nios2eds/bin/gnu/h-x86_64-mingw32/bin/../lib/gcc/nios2-elf/10.3.1/../../../../../H-x86_64-mingw32/nios2-elf/lib\libc.a(closer.o)
 .text._close_r
                0x00000000030421a0       0x58 c:/intelfpga_lite/21.1/nios2eds/bin/gnu/h-x86_64-mingw32/bin/../lib/gcc/nios2-elf/10.3.1/../../../../../H-x86_64-mingw32/nios2-elf/lib\libc.a(closer.o)
                0x00000000030421a0                _close_r
 .text          0x00000000030421f8        0x0 c:/intelfpga_lite/21.1/nios2eds/bin/gnu/h-x86_64-mingw32/bin/../lib/gcc/nios2-elf/10.3.1/../../../../../H-x86_64-mingw32/nios2-elf/lib\libc.a(lib_a-fclose.o)
 .text._fclose_r.part.0
                0x00000000030421f8       0xc0 c:/intelfpga_lite/21.1/nios2eds/bin/gnu/h-x86_64-mingw32/bin/../lib/gcc/nios2-elf/10.3.1/../../../../../H-x86_64-mingw32/nios2-elf/lib\libc.a(lib_a-fclose.o)
 .text._fclose_r
                0x00000000030422b8       0x70 c:/intelfpga_lite/21.1/nios2eds/bin/gnu/h-x86_64-mingw32/bin/../lib/gcc/nios2-elf/10.3.1/../../../../../H-x86_64-mingw32/nios2-elf/lib\libc.a(lib_a-fclose.o)
                0x00000000030422b8                _fclose_r
 .text.fclose   0x0000000003042328       0x70 c:/intelfpga_lite/21.1/nios2eds/bin/gnu/h-x86_64-mingw32/bin/../lib/gcc/nios2-elf/10.3.1/../../../../../H-x86_64-mingw32/nios2-elf/lib\libc.a(lib_a-fclose.o)
                0x0000000003042328                fclose
 .text          0x0000000003042398        0x0 c:/intelfpga_lite/21.1/nios2eds/bin/gnu/h-x86_64-mingw32/bin/../lib/gcc/nios2-elf/10.3.1/../../../../../H-x86_64-mingw32/nios2-elf/lib\libc.a(lib_a-fflush.o)
 .text.__sflush_r
                0x0000000003042398      0x228 c:/intelfpga_lite/21.1/nios2eds/bin/gnu/h-x86_64-mingw32/bin/../lib/gcc/nios2-elf/10.3.1/../../../../../H-x86_64-mingw32/nios2-elf/lib\libc.a(lib_a-fflush.o)
                0x0000000003042398                __sflush_r
 .text._fflush_r
                0x00000000030425c0       0x60 c:/intelfpga_lite/21.1/nios2eds/bin/gnu/h-x86_64-mingw32/bin/../lib/gcc/nios2-elf/10.3.1/../../../../../H-x86_64-mingw32/nios2-elf/lib\libc.a(lib_a-fflush.o)
                0x00000000030425c0                _fflush_r
 .text.fflush   0x0000000003042620       0x84 c:/intelfpga_lite/21.1/nios2eds/bin/gnu/h-x86_64-mingw32/bin/../lib/gcc/nios2-elf/10.3.1/../../../../../H-x86_64-mingw32/nios2-elf/lib\libc.a(lib_a-fflush.o)
                0x0000000003042620                fflush
 .text          0x00000000030426a4        0x0 c:/intelfpga_lite/21.1/nios2eds/bin/gnu/h-x86_64-mingw32/bin/../lib/gcc/nios2-elf/10.3.1/../../../../../H-x86_64-mingw32/nios2-elf/lib\libc.a(lib_a-freer.o)
 .text._malloc_trim_r
                0x00000000030426a4      0x11c c:/intelfpga_lite/21.1/nios2eds/bin/gnu/h-x86_64-mingw32/bin/../lib/gcc/nios2-elf/10.3.1/../../../../../H-x86_64-mingw32/nios2-elf/lib\libc.a(lib_a-freer.o)
                0x00000000030426a4                _malloc_trim_r
 .text._free_r  0x00000000030427c0      0x2fc c:/intelfpga_lite/21.1/nios2eds/bin/gnu/h-x86_64-mingw32/bin/../lib/gcc/nios2-elf/10.3.1/../../../../../H-x86_64-mingw32/nios2-elf/lib\libc.a(lib_a-freer.o)
                0x00000000030427c0                _free_r
 .text          0x0000000003042abc        0x0 c:/intelfpga_lite/21.1/nios2eds/bin/gnu/h-x86_64-mingw32/bin/../lib/gcc/nios2-elf/10.3.1/../../../../../H-x86_64-mingw32/nios2-elf/lib\libc.a(lib_a-int_errno.o)
 .text          0x0000000003042abc        0x0 c:/intelfpga_lite/21.1/nios2eds/bin/gnu/h-x86_64-mingw32/bin/../lib/gcc/nios2-elf/10.3.1/../../../../../H-x86_64-mingw32/nios2-elf/lib\libc.a(lib_a-lseekr.o)
 .text._lseek_r
                0x0000000003042abc       0x64 c:/intelfpga_lite/21.1/nios2eds/bin/gnu/h-x86_64-mingw32/bin/../lib/gcc/nios2-elf/10.3.1/../../../../../H-x86_64-mingw32/nios2-elf/lib\libc.a(lib_a-lseekr.o)
                0x0000000003042abc                _lseek_r
 .text          0x0000000003042b20        0x0 c:/intelfpga_lite/21.1/nios2eds/bin/gnu/h-x86_64-mingw32/bin/../lib/gcc/nios2-elf/10.3.1/../../../../../H-x86_64-mingw32/nios2-elf/lib\libc.a(lib_a-makebuf.o)
 .text.__smakebuf_r
                0x0000000003042b20      0x1b0 c:/intelfpga_lite/21.1/nios2eds/bin/gnu/h-x86_64-mingw32/bin/../lib/gcc/nios2-elf/10.3.1/../../../../../H-x86_64-mingw32/nios2-elf/lib\libc.a(lib_a-makebuf.o)
                0x0000000003042b20                __smakebuf_r
 .text.__swhatbuf_r
                0x0000000003042cd0       0x98 c:/intelfpga_lite/21.1/nios2eds/bin/gnu/h-x86_64-mingw32/bin/../lib/gcc/nios2-elf/10.3.1/../../../../../H-x86_64-mingw32/nios2-elf/lib\libc.a(lib_a-makebuf.o)
                0x0000000003042cd0                __swhatbuf_r
 .text          0x0000000003042d68        0x0 c:/intelfpga_lite/21.1/nios2eds/bin/gnu/h-x86_64-mingw32/bin/../lib/gcc/nios2-elf/10.3.1/../../../../../H-x86_64-mingw32/nios2-elf/lib\libc.a(lib_a-readr.o)
 .text._read_r  0x0000000003042d68       0x64 c:/intelfpga_lite/21.1/nios2eds/bin/gnu/h-x86_64-mingw32/bin/../lib/gcc/nios2-elf/10.3.1/../../../../../H-x86_64-mingw32/nios2-elf/lib\libc.a(lib_a-readr.o)
                0x0000000003042d68                _read_r
 .text          0x0000000003042dcc        0x0 c:/intelfpga_lite/21.1/nios2eds/bin/gnu/h-x86_64-mingw32/bin/../lib/gcc/nios2-elf/10.3.1/../../../../../H-x86_64-mingw32/nios2-elf/lib\libc.a(lib_a-fstatr.o)
 .text._fstat_r
                0x0000000003042dcc       0x60 c:/intelfpga_lite/21.1/nios2eds/bin/gnu/h-x86_64-mingw32/bin/../lib/gcc/nios2-elf/10.3.1/../../../../../H-x86_64-mingw32/nios2-elf/lib\libc.a(lib_a-fstatr.o)
                0x0000000003042dcc                _fstat_r
 .text          0x0000000003042e2c        0x0 c:/intelfpga_lite/21.1/nios2eds/bin/gnu/h-x86_64-mingw32/bin/../lib/gcc/nios2-elf/10.3.1/../../../../../H-x86_64-mingw32/nios2-elf/lib\libc.a(lib_a-isattyr.o)
 .text._isatty_r
                0x0000000003042e2c       0x58 c:/intelfpga_lite/21.1/nios2eds/bin/gnu/h-x86_64-mingw32/bin/../lib/gcc/nios2-elf/10.3.1/../../../../../H-x86_64-mingw32/nios2-elf/lib\libc.a(lib_a-isattyr.o)
                0x0000000003042e2c                _isatty_r
 .text          0x0000000003042e84      0x1b4 c:/intelfpga_lite/21.1/nios2eds/bin/gnu/h-x86_64-mingw32/bin/../lib/gcc/nios2-elf/10.3.1\libgcc.a(lib2-divmod.o)
                0x0000000003042e84                __divsi3
                0x0000000003042f04                __modsi3
                0x0000000003042f78                __udivsi3
                0x0000000003042fdc                __umodsi3
 .text          0x0000000003043038      0x10c c:/Users/Robin/Documents/NHLStenden/FPGA/QuartusPrimeProjects/DE2-115_V.1.0.6_SystemCD/DE2_115_demonstrations/DE2_115_SD_Card_Audio_Player_Copy/Software/test3_bsp/\libhal_bsp.a(alt_close.o)
                0x0000000003043074                close
 .text          0x0000000003043144       0x2c c:/Users/Robin/Documents/NHLStenden/FPGA/QuartusPrimeProjects/DE2-115_V.1.0.6_SystemCD/DE2_115_demonstrations/DE2_115_SD_Card_Audio_Player_Copy/Software/test3_bsp/\libhal_bsp.a(alt_dev.o)
 .text          0x0000000003043170        0x0 c:/Users/Robin/Documents/NHLStenden/FPGA/QuartusPrimeProjects/DE2-115_V.1.0.6_SystemCD/DE2_115_demonstrations/DE2_115_SD_Card_Audio_Player_Copy/Software/test3_bsp/\libhal_bsp.a(alt_errno.o)
 .text          0x0000000003043170       0xec c:/Users/Robin/Documents/NHLStenden/FPGA/QuartusPrimeProjects/DE2-115_V.1.0.6_SystemCD/DE2_115_demonstrations/DE2_115_SD_Card_Audio_Player_Copy/Software/test3_bsp/\libhal_bsp.a(alt_fstat.o)
                0x00000000030431ac                fstat
 .text          0x000000000304325c       0xe0 c:/Users/Robin/Documents/NHLStenden/FPGA/QuartusPrimeProjects/DE2-115_V.1.0.6_SystemCD/DE2_115_demonstrations/DE2_115_SD_Card_Audio_Player_Copy/Software/test3_bsp/\libhal_bsp.a(alt_isatty.o)
                0x0000000003043298                isatty
 .text          0x000000000304333c       0xec c:/Users/Robin/Documents/NHLStenden/FPGA/QuartusPrimeProjects/DE2-115_V.1.0.6_SystemCD/DE2_115_demonstrations/DE2_115_SD_Card_Audio_Player_Copy/Software/test3_bsp/\libhal_bsp.a(alt_load.o)
                0x00000000030433a4                alt_load
 .text          0x0000000003043428      0x110 c:/Users/Robin/Documents/NHLStenden/FPGA/QuartusPrimeProjects/DE2-115_V.1.0.6_SystemCD/DE2_115_demonstrations/DE2_115_SD_Card_Audio_Player_Copy/Software/test3_bsp/\libhal_bsp.a(alt_lseek.o)
                0x0000000003043464                lseek
 .text          0x0000000003043538       0x7c c:/Users/Robin/Documents/NHLStenden/FPGA/QuartusPrimeProjects/DE2-115_V.1.0.6_SystemCD/DE2_115_demonstrations/DE2_115_SD_Card_Audio_Player_Copy/Software/test3_bsp/\libhal_bsp.a(alt_main.o)
                0x0000000003043538                alt_main
 .text          0x00000000030435b4       0x48 c:/Users/Robin/Documents/NHLStenden/FPGA/QuartusPrimeProjects/DE2-115_V.1.0.6_SystemCD/DE2_115_demonstrations/DE2_115_SD_Card_Audio_Player_Copy/Software/test3_bsp/\libhal_bsp.a(alt_malloc_lock.o)
                0x00000000030435b4                __malloc_lock
                0x00000000030435d8                __malloc_unlock
 .text          0x00000000030435fc      0x138 c:/Users/Robin/Documents/NHLStenden/FPGA/QuartusPrimeProjects/DE2-115_V.1.0.6_SystemCD/DE2_115_demonstrations/DE2_115_SD_Card_Audio_Player_Copy/Software/test3_bsp/\libhal_bsp.a(alt_read.o)
                0x0000000003043638                read
 .text          0x0000000003043734       0x58 c:/Users/Robin/Documents/NHLStenden/FPGA/QuartusPrimeProjects/DE2-115_V.1.0.6_SystemCD/DE2_115_demonstrations/DE2_115_SD_Card_Audio_Player_Copy/Software/test3_bsp/\libhal_bsp.a(alt_release_fd.o)
                0x0000000003043734                alt_release_fd
 .text          0x000000000304378c       0xb8 c:/Users/Robin/Documents/NHLStenden/FPGA/QuartusPrimeProjects/DE2-115_V.1.0.6_SystemCD/DE2_115_demonstrations/DE2_115_SD_Card_Audio_Player_Copy/Software/test3_bsp/\libhal_bsp.a(alt_sbrk.o)
                0x000000000304378c                sbrk
 .text          0x0000000003043844      0x134 c:/Users/Robin/Documents/NHLStenden/FPGA/QuartusPrimeProjects/DE2-115_V.1.0.6_SystemCD/DE2_115_demonstrations/DE2_115_SD_Card_Audio_Player_Copy/Software/test3_bsp/\libhal_bsp.a(alt_write.o)
                0x0000000003043880                write
 .text          0x0000000003043978       0xfc c:/Users/Robin/Documents/NHLStenden/FPGA/QuartusPrimeProjects/DE2-115_V.1.0.6_SystemCD/DE2_115_demonstrations/DE2_115_SD_Card_Audio_Player_Copy/Software/test3_bsp/\libhal_bsp.a(alt_sys_init.o)
                0x00000000030439ac                alt_irq_init
                0x00000000030439e8                alt_sys_init
 .text          0x0000000003043a74      0x87c c:/Users/Robin/Documents/NHLStenden/FPGA/QuartusPrimeProjects/DE2-115_V.1.0.6_SystemCD/DE2_115_demonstrations/DE2_115_SD_Card_Audio_Player_Copy/Software/test3_bsp/\libhal_bsp.a(altera_avalon_cfi_flash.o)
                0x0000000003043aa8                alt_flash_cfi_init
                0x0000000003043b38                alt_flash_cfi_write
                0x0000000003043dd4                alt_flash_cfi_get_info
                0x0000000003043e60                alt_flash_cfi_read
                0x0000000003043ec4                alt_write_value_to_flash
                0x0000000003044020                alt_flash_program_block
 .text          0x00000000030442f0     0x1404 c:/Users/Robin/Documents/NHLStenden/FPGA/QuartusPrimeProjects/DE2-115_V.1.0.6_SystemCD/DE2_115_demonstrations/DE2_115_SD_Card_Audio_Player_Copy/Software/test3_bsp/\libhal_bsp.a(altera_avalon_cfi_flash_table.o)
                0x00000000030442f0                alt_read_query_entry_8bit
                0x000000000304432c                alt_read_query_entry_16bit
                0x000000000304436c                alt_read_query_entry_32bit
                0x00000000030443a8                alt_write_flash_command_8bit_device_8bit_mode
                0x00000000030443ec                alt_write_flash_command_16bit_device_8bit_mode
                0x0000000003044464                alt_write_flash_command_32bit_device_8bit_mode
                0x00000000030444b0                alt_write_flash_command_16bit_device_16bit_mode
                0x00000000030444fc                alt_write_flash_command_32bit_device_16bit_mode
                0x0000000003044548                alt_write_flash_command_32bit_device_32bit_mode
                0x0000000003044594                alt_write_native_8bit
                0x00000000030445cc                alt_write_native_16bit
                0x0000000003044604                alt_write_native_32bit
                0x0000000003044638                alt_set_flash_width_func
                0x000000000304481c                alt_set_flash_algorithm_func
                0x000000000304493c                alt_read_cfi_table
                0x0000000003044ec8                alt_read_cfi_width
                0x0000000003045620                alt_check_primary_table
 .text          0x00000000030456f4      0x164 c:/Users/Robin/Documents/NHLStenden/FPGA/QuartusPrimeProjects/DE2-115_V.1.0.6_SystemCD/DE2_115_demonstrations/DE2_115_SD_Card_Audio_Player_Copy/Software/test3_bsp/\libhal_bsp.a(altera_avalon_jtag_uart_fd.o)
                0x00000000030456f4                altera_avalon_jtag_uart_read_fd
                0x0000000003045754                altera_avalon_jtag_uart_write_fd
                0x00000000030457b4                altera_avalon_jtag_uart_close_fd
                0x0000000003045804                altera_avalon_jtag_uart_ioctl_fd
 .text          0x0000000003045858      0x3d4 c:/Users/Robin/Documents/NHLStenden/FPGA/QuartusPrimeProjects/DE2-115_V.1.0.6_SystemCD/DE2_115_demonstrations/DE2_115_SD_Card_Audio_Player_Copy/Software/test3_bsp/\libhal_bsp.a(altera_avalon_jtag_uart_init.o)
                0x0000000003045858                altera_avalon_jtag_uart_init
                0x0000000003045bc4                altera_avalon_jtag_uart_close
 .text          0x0000000003045c2c       0xf4 c:/Users/Robin/Documents/NHLStenden/FPGA/QuartusPrimeProjects/DE2-115_V.1.0.6_SystemCD/DE2_115_demonstrations/DE2_115_SD_Card_Audio_Player_Copy/Software/test3_bsp/\libhal_bsp.a(altera_avalon_jtag_uart_ioctl.o)
                0x0000000003045c2c                altera_avalon_jtag_uart_ioctl
 .text          0x0000000003045d20      0x220 c:/Users/Robin/Documents/NHLStenden/FPGA/QuartusPrimeProjects/DE2-115_V.1.0.6_SystemCD/DE2_115_demonstrations/DE2_115_SD_Card_Audio_Player_Copy/Software/test3_bsp/\libhal_bsp.a(altera_avalon_jtag_uart_read.o)
                0x0000000003045d20                altera_avalon_jtag_uart_read
 .text          0x0000000003045f40      0x228 c:/Users/Robin/Documents/NHLStenden/FPGA/QuartusPrimeProjects/DE2-115_V.1.0.6_SystemCD/DE2_115_demonstrations/DE2_115_SD_Card_Audio_Player_Copy/Software/test3_bsp/\libhal_bsp.a(altera_avalon_jtag_uart_write.o)
                0x0000000003045f40                altera_avalon_jtag_uart_write
 .text          0x0000000003046168      0x100 c:/Users/Robin/Documents/NHLStenden/FPGA/QuartusPrimeProjects/DE2-115_V.1.0.6_SystemCD/DE2_115_demonstrations/DE2_115_SD_Card_Audio_Player_Copy/Software/test3_bsp/\libhal_bsp.a(altera_avalon_timer_sc.o)
                0x00000000030461e4                alt_avalon_timer_sc_init
 .text          0x0000000003046268      0x110 c:/Users/Robin/Documents/NHLStenden/FPGA/QuartusPrimeProjects/DE2-115_V.1.0.6_SystemCD/DE2_115_demonstrations/DE2_115_SD_Card_Audio_Player_Copy/Software/test3_bsp/\libhal_bsp.a(altera_avalon_uart_fd.o)
                0x0000000003046268                altera_avalon_uart_read_fd
                0x00000000030462c8                altera_avalon_uart_write_fd
                0x0000000003046328                altera_avalon_uart_close_fd
 .text          0x0000000003046378      0x3c0 c:/Users/Robin/Documents/NHLStenden/FPGA/QuartusPrimeProjects/DE2-115_V.1.0.6_SystemCD/DE2_115_demonstrations/DE2_115_SD_Card_Audio_Player_Copy/Software/test3_bsp/\libhal_bsp.a(altera_avalon_uart_init.o)
                0x0000000003046378                altera_avalon_uart_init
                0x00000000030466e4                altera_avalon_uart_close
 .text          0x0000000003046738      0x224 c:/Users/Robin/Documents/NHLStenden/FPGA/QuartusPrimeProjects/DE2-115_V.1.0.6_SystemCD/DE2_115_demonstrations/DE2_115_SD_Card_Audio_Player_Copy/Software/test3_bsp/\libhal_bsp.a(altera_avalon_uart_read.o)
                0x0000000003046774                altera_avalon_uart_read
 .text          0x000000000304695c      0x1f0 c:/Users/Robin/Documents/NHLStenden/FPGA/QuartusPrimeProjects/DE2-115_V.1.0.6_SystemCD/DE2_115_demonstrations/DE2_115_SD_Card_Audio_Player_Copy/Software/test3_bsp/\libhal_bsp.a(altera_avalon_uart_write.o)
                0x0000000003046998                altera_avalon_uart_write
 .text          0x0000000003046b4c      0x160 c:/Users/Robin/Documents/NHLStenden/FPGA/QuartusPrimeProjects/DE2-115_V.1.0.6_SystemCD/DE2_115_demonstrations/DE2_115_SD_Card_Audio_Player_Copy/Software/test3_bsp/\libhal_bsp.a(alt_alarm_start.o)
                0x0000000003046b4c                alt_alarm_start
 .text          0x0000000003046cac       0x78 c:/Users/Robin/Documents/NHLStenden/FPGA/QuartusPrimeProjects/DE2-115_V.1.0.6_SystemCD/DE2_115_demonstrations/DE2_115_SD_Card_Audio_Player_Copy/Software/test3_bsp/\libhal_bsp.a(alt_dcache_flush.o)
                0x0000000003046cac                alt_dcache_flush
 .text          0x0000000003046d24       0x4c c:/Users/Robin/Documents/NHLStenden/FPGA/QuartusPrimeProjects/DE2-115_V.1.0.6_SystemCD/DE2_115_demonstrations/DE2_115_SD_Card_Audio_Player_Copy/Software/test3_bsp/\libhal_bsp.a(alt_dcache_flush_all.o)
                0x0000000003046d24                alt_dcache_flush_all
 .text          0x0000000003046d70       0xe4 c:/Users/Robin/Documents/NHLStenden/FPGA/QuartusPrimeProjects/DE2-115_V.1.0.6_SystemCD/DE2_115_demonstrations/DE2_115_SD_Card_Audio_Player_Copy/Software/test3_bsp/\libhal_bsp.a(alt_dev_llist_insert.o)
                0x0000000003046dac                alt_dev_llist_insert
 .text          0x0000000003046e54       0x64 c:/Users/Robin/Documents/NHLStenden/FPGA/QuartusPrimeProjects/DE2-115_V.1.0.6_SystemCD/DE2_115_demonstrations/DE2_115_SD_Card_Audio_Player_Copy/Software/test3_bsp/\libhal_bsp.a(alt_do_ctors.o)
                0x0000000003046e54                _do_ctors
 .text          0x0000000003046eb8       0x64 c:/Users/Robin/Documents/NHLStenden/FPGA/QuartusPrimeProjects/DE2-115_V.1.0.6_SystemCD/DE2_115_demonstrations/DE2_115_SD_Card_Audio_Player_Copy/Software/test3_bsp/\libhal_bsp.a(alt_do_dtors.o)
                0x0000000003046eb8                _do_dtors
 .text          0x0000000003046f1c       0xbc c:/Users/Robin/Documents/NHLStenden/FPGA/QuartusPrimeProjects/DE2-115_V.1.0.6_SystemCD/DE2_115_demonstrations/DE2_115_SD_Card_Audio_Player_Copy/Software/test3_bsp/\libhal_bsp.a(alt_flash_dev.o)
                0x0000000003046f1c                alt_flash_open_dev
                0x0000000003046f84                alt_flash_close_dev
 .text          0x0000000003046fd8       0x34 c:/Users/Robin/Documents/NHLStenden/FPGA/QuartusPrimeProjects/DE2-115_V.1.0.6_SystemCD/DE2_115_demonstrations/DE2_115_SD_Card_Audio_Player_Copy/Software/test3_bsp/\libhal_bsp.a(alt_icache_flush_all.o)
                0x0000000003046fd8                alt_icache_flush_all
 .text          0x000000000304700c      0x1b0 c:/Users/Robin/Documents/NHLStenden/FPGA/QuartusPrimeProjects/DE2-115_V.1.0.6_SystemCD/DE2_115_demonstrations/DE2_115_SD_Card_Audio_Player_Copy/Software/test3_bsp/\libhal_bsp.a(alt_iic.o)
                0x000000000304700c                alt_ic_isr_register
                0x000000000304705c                alt_ic_irq_enable
                0x00000000030470e4                alt_ic_irq_disable
                0x0000000003047170                alt_ic_irq_enabled
 .text          0x00000000030471bc       0xe8 c:/Users/Robin/Documents/NHLStenden/FPGA/QuartusPrimeProjects/DE2-115_V.1.0.6_SystemCD/DE2_115_demonstrations/DE2_115_SD_Card_Audio_Player_Copy/Software/test3_bsp/\libhal_bsp.a(alt_iic_isr_register.o)
                0x00000000030471bc                alt_iic_isr_register
 .text          0x00000000030472a4      0x12c c:/Users/Robin/Documents/NHLStenden/FPGA/QuartusPrimeProjects/DE2-115_V.1.0.6_SystemCD/DE2_115_demonstrations/DE2_115_SD_Card_Audio_Player_Copy/Software/test3_bsp/\libhal_bsp.a(alt_io_redirect.o)
                0x0000000003047354                alt_io_redirect
 .text          0x00000000030473d0        0x0 c:/Users/Robin/Documents/NHLStenden/FPGA/QuartusPrimeProjects/DE2-115_V.1.0.6_SystemCD/DE2_115_demonstrations/DE2_115_SD_Card_Audio_Player_Copy/Software/test3_bsp/\libhal_bsp.a(alt_irq_entry.o)
 .text          0x00000000030473d0        0x0 c:/Users/Robin/Documents/NHLStenden/FPGA/QuartusPrimeProjects/DE2-115_V.1.0.6_SystemCD/DE2_115_demonstrations/DE2_115_SD_Card_Audio_Player_Copy/Software/test3_bsp/\libhal_bsp.a(alt_irq_handler.o)
 .text          0x00000000030473d0        0x0 c:/Users/Robin/Documents/NHLStenden/FPGA/QuartusPrimeProjects/DE2-115_V.1.0.6_SystemCD/DE2_115_demonstrations/DE2_115_SD_Card_Audio_Player_Copy/Software/test3_bsp/\libhal_bsp.a(alt_irq_vars.o)
 .text          0x00000000030473d0      0x248 c:/Users/Robin/Documents/NHLStenden/FPGA/QuartusPrimeProjects/DE2-115_V.1.0.6_SystemCD/DE2_115_demonstrations/DE2_115_SD_Card_Audio_Player_Copy/Software/test3_bsp/\libhal_bsp.a(alt_open.o)
                0x00000000030474c4                open
 .text          0x0000000003047618      0x1d0 c:/Users/Robin/Documents/NHLStenden/FPGA/QuartusPrimeProjects/DE2-115_V.1.0.6_SystemCD/DE2_115_demonstrations/DE2_115_SD_Card_Audio_Player_Copy/Software/test3_bsp/\libhal_bsp.a(alt_tick.o)
                0x0000000003047618                alt_alarm_stop
                0x00000000030476bc                alt_tick
 .text          0x00000000030477e8       0x24 c:/Users/Robin/Documents/NHLStenden/FPGA/QuartusPrimeProjects/DE2-115_V.1.0.6_SystemCD/DE2_115_demonstrations/DE2_115_SD_Card_Audio_Player_Copy/Software/test3_bsp/\libhal_bsp.a(altera_nios2_irq.o)
                0x00000000030477e8                altera_nios2_irq_init
 .text          0x000000000304780c      0x468 c:/Users/Robin/Documents/NHLStenden/FPGA/QuartusPrimeProjects/DE2-115_V.1.0.6_SystemCD/DE2_115_demonstrations/DE2_115_SD_Card_Audio_Player_Copy/Software/test3_bsp/\libhal_bsp.a(altera_avalon_cfi_flash_amd.o)
                0x000000000304780c                alt_program_amd
                0x0000000003047874                alt_erase_block_amd
 .text          0x0000000003047c74      0x45c c:/Users/Robin/Documents/NHLStenden/FPGA/QuartusPrimeProjects/DE2-115_V.1.0.6_SystemCD/DE2_115_demonstrations/DE2_115_SD_Card_Audio_Player_Copy/Software/test3_bsp/\libhal_bsp.a(altera_avalon_cfi_flash_intel.o)
                0x0000000003047c74                alt_program_intel
                0x0000000003047cf4                alt_erase_block_intel
 .text          0x00000000030480d0        0x0 c:/Users/Robin/Documents/NHLStenden/FPGA/QuartusPrimeProjects/DE2-115_V.1.0.6_SystemCD/DE2_115_demonstrations/DE2_115_SD_Card_Audio_Player_Copy/Software/test3_bsp/\libhal_bsp.a(alt_exception_entry.o)
 .text          0x00000000030480d0       0x90 c:/Users/Robin/Documents/NHLStenden/FPGA/QuartusPrimeProjects/DE2-115_V.1.0.6_SystemCD/DE2_115_demonstrations/DE2_115_SD_Card_Audio_Player_Copy/Software/test3_bsp/\libhal_bsp.a(alt_find_dev.o)
                0x00000000030480d0                alt_find_dev
 .text          0x0000000003048160      0x108 c:/Users/Robin/Documents/NHLStenden/FPGA/QuartusPrimeProjects/DE2-115_V.1.0.6_SystemCD/DE2_115_demonstrations/DE2_115_SD_Card_Audio_Player_Copy/Software/test3_bsp/\libhal_bsp.a(alt_find_file.o)
                0x0000000003048160                alt_find_file
 .text          0x0000000003048268       0xa0 c:/Users/Robin/Documents/NHLStenden/FPGA/QuartusPrimeProjects/DE2-115_V.1.0.6_SystemCD/DE2_115_demonstrations/DE2_115_SD_Card_Audio_Player_Copy/Software/test3_bsp/\libhal_bsp.a(alt_get_fd.o)
                0x0000000003048268                alt_get_fd
 .text          0x0000000003048308       0x90 c:/Users/Robin/Documents/NHLStenden/FPGA/QuartusPrimeProjects/DE2-115_V.1.0.6_SystemCD/DE2_115_demonstrations/DE2_115_SD_Card_Audio_Player_Copy/Software/test3_bsp/\libhal_bsp.a(alt_icache_flush.o)
                0x0000000003048308                alt_icache_flush
 .text          0x0000000003048398       0x30 c:/Users/Robin/Documents/NHLStenden/FPGA/QuartusPrimeProjects/DE2-115_V.1.0.6_SystemCD/DE2_115_demonstrations/DE2_115_SD_Card_Audio_Player_Copy/Software/test3_bsp/\libhal_bsp.a(alt_usleep.o)
                0x0000000003048398                usleep
 .text          0x00000000030483c8      0x158 c:/Users/Robin/Documents/NHLStenden/FPGA/QuartusPrimeProjects/DE2-115_V.1.0.6_SystemCD/DE2_115_demonstrations/DE2_115_SD_Card_Audio_Player_Copy/Software/test3_bsp/\libhal_bsp.a(alt_busy_sleep.o)
                0x00000000030483c8                alt_busy_sleep
 .text          0x0000000003048520        0x0 c:/intelfpga_lite/21.1/nios2eds/bin/gnu/h-x86_64-mingw32/bin/../lib/gcc/nios2-elf/10.3.1/../../../../../H-x86_64-mingw32/nios2-elf/lib\libc.a(lib_a-atexit.o)
 .text.atexit   0x0000000003048520       0x14 c:/intelfpga_lite/21.1/nios2eds/bin/gnu/h-x86_64-mingw32/bin/../lib/gcc/nios2-elf/10.3.1/../../../../../H-x86_64-mingw32/nios2-elf/lib\libc.a(lib_a-atexit.o)
                0x0000000003048520                atexit
 .text          0x0000000003048534        0x0 c:/intelfpga_lite/21.1/nios2eds/bin/gnu/h-x86_64-mingw32/bin/../lib/gcc/nios2-elf/10.3.1/../../../../../H-x86_64-mingw32/nios2-elf/lib\libc.a(lib_a-exit.o)
 .text.exit     0x0000000003048534       0x34 c:/intelfpga_lite/21.1/nios2eds/bin/gnu/h-x86_64-mingw32/bin/../lib/gcc/nios2-elf/10.3.1/../../../../../H-x86_64-mingw32/nios2-elf/lib\libc.a(lib_a-exit.o)
                0x0000000003048534                exit
 .text          0x0000000003048568        0x0 c:/intelfpga_lite/21.1/nios2eds/bin/gnu/h-x86_64-mingw32/bin/../lib/gcc/nios2-elf/10.3.1/../../../../../H-x86_64-mingw32/nios2-elf/lib\libc.a(lib_a-memcmp.o)
 .text.memcmp   0x0000000003048568       0x78 c:/intelfpga_lite/21.1/nios2eds/bin/gnu/h-x86_64-mingw32/bin/../lib/gcc/nios2-elf/10.3.1/../../../../../H-x86_64-mingw32/nios2-elf/lib\libc.a(lib_a-memcmp.o)
                0x0000000003048568                memcmp
 .text          0x00000000030485e0        0x0 c:/intelfpga_lite/21.1/nios2eds/bin/gnu/h-x86_64-mingw32/bin/../lib/gcc/nios2-elf/10.3.1/../../../../../H-x86_64-mingw32/nios2-elf/lib\libc.a(lib_a-__atexit.o)
 .text.__register_exitproc
                0x00000000030485e0       0x90 c:/intelfpga_lite/21.1/nios2eds/bin/gnu/h-x86_64-mingw32/bin/../lib/gcc/nios2-elf/10.3.1/../../../../../H-x86_64-mingw32/nios2-elf/lib\libc.a(lib_a-__atexit.o)
                0x00000000030485e0                __register_exitproc
 .text          0x0000000003048670        0x0 c:/intelfpga_lite/21.1/nios2eds/bin/gnu/h-x86_64-mingw32/bin/../lib/gcc/nios2-elf/10.3.1/../../../../../H-x86_64-mingw32/nios2-elf/lib\libc.a(lib_a-__call_atexit.o)
 .text.__call_exitprocs
                0x0000000003048670      0x120 c:/intelfpga_lite/21.1/nios2eds/bin/gnu/h-x86_64-mingw32/bin/../lib/gcc/nios2-elf/10.3.1/../../../../../H-x86_64-mingw32/nios2-elf/lib\libc.a(lib_a-__call_atexit.o)
                0x0000000003048670                __call_exitprocs
 .text          0x0000000003048790       0x38 c:/Users/Robin/Documents/NHLStenden/FPGA/QuartusPrimeProjects/DE2-115_V.1.0.6_SystemCD/DE2_115_demonstrations/DE2_115_SD_Card_Audio_Player_Copy/Software/test3_bsp/\libhal_bsp.a(alt_exit.o)
                0x0000000003048790                _exit
 *(.gnu.warning.*)
 *(.fini)
                [!provide]                        PROVIDE (__etext = ABSOLUTE (.))
                [!provide]                        PROVIDE (_etext = ABSOLUTE (.))
                [!provide]                        PROVIDE (etext = ABSOLUTE (.))
 *(.eh_frame_hdr)
                0x00000000030487c8                . = ALIGN (0x4)
                [!provide]                        PROVIDE (__preinit_array_start = ABSOLUTE (.))
 *(.preinit_array)
                [!provide]                        PROVIDE (__preinit_array_end = ABSOLUTE (.))
                [!provide]                        PROVIDE (__init_array_start = ABSOLUTE (.))
 *(.init_array)
                [!provide]                        PROVIDE (__init_array_end = ABSOLUTE (.))
                [!provide]                        PROVIDE (__fini_array_start = ABSOLUTE (.))
 *(.fini_array)
                [!provide]                        PROVIDE (__fini_array_end = ABSOLUTE (.))
 *(.eh_frame)
 *(.gcc_except_table .gcc_except_table.*)
 *(.dynamic)
                0x00000000030487c8                PROVIDE (__CTOR_LIST__ = ABSOLUTE (.))
 *(.ctors)
 *(SORT_BY_NAME(.ctors.*))
                0x00000000030487c8                PROVIDE (__CTOR_END__ = ABSOLUTE (.))
                0x00000000030487c8                PROVIDE (__DTOR_LIST__ = ABSOLUTE (.))
 *(.dtors)
 *(SORT_BY_NAME(.dtors.*))
                0x00000000030487c8                PROVIDE (__DTOR_END__ = ABSOLUTE (.))
 *(.jcr)
                0x00000000030487c8                . = ALIGN (0x4)

.rodata         0x00000000030487c8       0x60
                0x00000000030487c8                PROVIDE (__ram_rodata_start = ABSOLUTE (.))
                0x00000000030487c8                . = ALIGN (0x4)
 *(.rodata .rodata.* .gnu.linkonce.r.*)
 .rodata        0x00000000030487c8       0x14 obj/default/hello_world.o
 .rodata._puts_r.str1.4
                0x00000000030487dc        0x2 c:/intelfpga_lite/21.1/nios2eds/bin/gnu/h-x86_64-mingw32/bin/../lib/gcc/nios2-elf/10.3.1/../../../../../H-x86_64-mingw32/nios2-elf/lib\libc.a(lib_a-puts.o)
 *fill*         0x00000000030487de        0x2 
 .rodata        0x00000000030487e0        0xa c:/Users/Robin/Documents/NHLStenden/FPGA/QuartusPrimeProjects/DE2-115_V.1.0.6_SystemCD/DE2_115_demonstrations/DE2_115_SD_Card_Audio_Player_Copy/Software/test3_bsp/\libhal_bsp.a(alt_dev.o)
 *fill*         0x00000000030487ea        0x2 
 .rodata        0x00000000030487ec        0xf c:/Users/Robin/Documents/NHLStenden/FPGA/QuartusPrimeProjects/DE2-115_V.1.0.6_SystemCD/DE2_115_demonstrations/DE2_115_SD_Card_Audio_Player_Copy/Software/test3_bsp/\libhal_bsp.a(alt_main.o)
 *fill*         0x00000000030487fb        0x1 
 .rodata        0x00000000030487fc       0x2b c:/Users/Robin/Documents/NHLStenden/FPGA/QuartusPrimeProjects/DE2-115_V.1.0.6_SystemCD/DE2_115_demonstrations/DE2_115_SD_Card_Audio_Player_Copy/Software/test3_bsp/\libhal_bsp.a(alt_sys_init.o)
 *(.rodata1)
                0x0000000003048828                . = ALIGN (0x4)
 *fill*         0x0000000003048827        0x1 
                0x0000000003048828                PROVIDE (__ram_rodata_end = ABSOLUTE (.))
                0x00000000030487c8                PROVIDE (__flash_rodata_start = LOADADDR (.rodata))

.rwdata         0x0000000003048828     0x1c14 load address 0x000000000304a43c
                0x0000000003048828                PROVIDE (__ram_rwdata_start = ABSOLUTE (.))
                0x0000000003048828                . = ALIGN (0x4)
 *(.got.plt)
 *(.got)
 *(.data1)
 *(.data .data.* .gnu.linkonce.d.*)
 .data          0x0000000003048828        0x0 c:/Users/Robin/Documents/NHLStenden/FPGA/QuartusPrimeProjects/DE2-115_V.1.0.6_SystemCD/DE2_115_demonstrations/DE2_115_SD_Card_Audio_Player_Copy/Software/test3_bsp//obj/HAL/src/crt0.o
 .data          0x0000000003048828        0x0 obj/default/hello_world.o
 .data          0x0000000003048828        0x0 c:/intelfpga_lite/21.1/nios2eds/bin/gnu/h-x86_64-mingw32/bin/../lib/gcc/nios2-elf/10.3.1/../../../../../H-x86_64-mingw32/nios2-elf/lib\libc.a(lib_a-puts.o)
 .data          0x0000000003048828        0x0 c:/intelfpga_lite/21.1/nios2eds/bin/gnu/h-x86_64-mingw32/bin/../lib/gcc/nios2-elf/10.3.1/../../../../../H-x86_64-mingw32/nios2-elf/lib\libc.a(lib_a-strlen.o)
 .data          0x0000000003048828        0x0 c:/intelfpga_lite/21.1/nios2eds/bin/gnu/h-x86_64-mingw32/bin/../lib/gcc/nios2-elf/10.3.1/../../../../../H-x86_64-mingw32/nios2-elf/lib\libc.a(lib_a-findfp.o)
 .data          0x0000000003048828        0x0 c:/intelfpga_lite/21.1/nios2eds/bin/gnu/h-x86_64-mingw32/bin/../lib/gcc/nios2-elf/10.3.1/../../../../../H-x86_64-mingw32/nios2-elf/lib\libc.a(lib_a-fvwrite.o)
 .data          0x0000000003048828        0x0 c:/intelfpga_lite/21.1/nios2eds/bin/gnu/h-x86_64-mingw32/bin/../lib/gcc/nios2-elf/10.3.1/../../../../../H-x86_64-mingw32/nios2-elf/lib\libc.a(lib_a-fwalk.o)
 .data          0x0000000003048828        0x0 c:/intelfpga_lite/21.1/nios2eds/bin/gnu/h-x86_64-mingw32/bin/../lib/gcc/nios2-elf/10.3.1/../../../../../H-x86_64-mingw32/nios2-elf/lib\libc.a(lib_a-impure.o)
 .data.impure_data
                0x0000000003048828      0x424 c:/intelfpga_lite/21.1/nios2eds/bin/gnu/h-x86_64-mingw32/bin/../lib/gcc/nios2-elf/10.3.1/../../../../../H-x86_64-mingw32/nios2-elf/lib\libc.a(lib_a-impure.o)
 .data          0x0000000003048c4c        0x0 c:/intelfpga_lite/21.1/nios2eds/bin/gnu/h-x86_64-mingw32/bin/../lib/gcc/nios2-elf/10.3.1/../../../../../H-x86_64-mingw32/nios2-elf/lib\libc.a(lib_a-mallocr.o)
 .data.__malloc_av_
                0x0000000003048c4c      0x408 c:/intelfpga_lite/21.1/nios2eds/bin/gnu/h-x86_64-mingw32/bin/../lib/gcc/nios2-elf/10.3.1/../../../../../H-x86_64-mingw32/nios2-elf/lib\libc.a(lib_a-mallocr.o)
                0x0000000003048c4c                __malloc_av_
 .data          0x0000000003049054        0x0 c:/intelfpga_lite/21.1/nios2eds/bin/gnu/h-x86_64-mingw32/bin/../lib/gcc/nios2-elf/10.3.1/../../../../../H-x86_64-mingw32/nios2-elf/lib\libc.a(lib_a-memchr.o)
 .data          0x0000000003049054        0x0 c:/intelfpga_lite/21.1/nios2eds/bin/gnu/h-x86_64-mingw32/bin/../lib/gcc/nios2-elf/10.3.1/../../../../../H-x86_64-mingw32/nios2-elf/lib\libc.a(lib_a-memcpy.o)
 .data          0x0000000003049054        0x0 c:/intelfpga_lite/21.1/nios2eds/bin/gnu/h-x86_64-mingw32/bin/../lib/gcc/nios2-elf/10.3.1/../../../../../H-x86_64-mingw32/nios2-elf/lib\libc.a(lib_a-memmove.o)
 .data          0x0000000003049054        0x0 c:/intelfpga_lite/21.1/nios2eds/bin/gnu/h-x86_64-mingw32/bin/../lib/gcc/nios2-elf/10.3.1/../../../../../H-x86_64-mingw32/nios2-elf/lib\libc.a(lib_a-memset.o)
 .data          0x0000000003049054        0x0 c:/intelfpga_lite/21.1/nios2eds/bin/gnu/h-x86_64-mingw32/bin/../lib/gcc/nios2-elf/10.3.1/../../../../../H-x86_64-mingw32/nios2-elf/lib\libc.a(lib_a-reallocr.o)
 .data          0x0000000003049054        0x0 c:/intelfpga_lite/21.1/nios2eds/bin/gnu/h-x86_64-mingw32/bin/../lib/gcc/nios2-elf/10.3.1/../../../../../H-x86_64-mingw32/nios2-elf/lib\libc.a(lib_a-sbrkr.o)
 .data          0x0000000003049054        0x0 c:/intelfpga_lite/21.1/nios2eds/bin/gnu/h-x86_64-mingw32/bin/../lib/gcc/nios2-elf/10.3.1/../../../../../H-x86_64-mingw32/nios2-elf/lib\libc.a(lib_a-stdio.o)
 .data          0x0000000003049054        0x0 c:/intelfpga_lite/21.1/nios2eds/bin/gnu/h-x86_64-mingw32/bin/../lib/gcc/nios2-elf/10.3.1/../../../../../H-x86_64-mingw32/nios2-elf/lib\libc.a(lib_a-writer.o)
 .data          0x0000000003049054        0x0 c:/intelfpga_lite/21.1/nios2eds/bin/gnu/h-x86_64-mingw32/bin/../lib/gcc/nios2-elf/10.3.1/../../../../../H-x86_64-mingw32/nios2-elf/lib\libc.a(lib_a-wsetup.o)
 .data          0x0000000003049054        0x0 c:/intelfpga_lite/21.1/nios2eds/bin/gnu/h-x86_64-mingw32/bin/../lib/gcc/nios2-elf/10.3.1/../../../../../H-x86_64-mingw32/nios2-elf/lib\libc.a(closer.o)
 .data          0x0000000003049054        0x0 c:/intelfpga_lite/21.1/nios2eds/bin/gnu/h-x86_64-mingw32/bin/../lib/gcc/nios2-elf/10.3.1/../../../../../H-x86_64-mingw32/nios2-elf/lib\libc.a(lib_a-fclose.o)
 .data          0x0000000003049054        0x0 c:/intelfpga_lite/21.1/nios2eds/bin/gnu/h-x86_64-mingw32/bin/../lib/gcc/nios2-elf/10.3.1/../../../../../H-x86_64-mingw32/nios2-elf/lib\libc.a(lib_a-fflush.o)
 .data          0x0000000003049054        0x0 c:/intelfpga_lite/21.1/nios2eds/bin/gnu/h-x86_64-mingw32/bin/../lib/gcc/nios2-elf/10.3.1/../../../../../H-x86_64-mingw32/nios2-elf/lib\libc.a(lib_a-freer.o)
 .data          0x0000000003049054        0x0 c:/intelfpga_lite/21.1/nios2eds/bin/gnu/h-x86_64-mingw32/bin/../lib/gcc/nios2-elf/10.3.1/../../../../../H-x86_64-mingw32/nios2-elf/lib\libc.a(lib_a-int_errno.o)
 .data          0x0000000003049054        0x0 c:/intelfpga_lite/21.1/nios2eds/bin/gnu/h-x86_64-mingw32/bin/../lib/gcc/nios2-elf/10.3.1/../../../../../H-x86_64-mingw32/nios2-elf/lib\libc.a(lib_a-lseekr.o)
 .data          0x0000000003049054        0x0 c:/intelfpga_lite/21.1/nios2eds/bin/gnu/h-x86_64-mingw32/bin/../lib/gcc/nios2-elf/10.3.1/../../../../../H-x86_64-mingw32/nios2-elf/lib\libc.a(lib_a-makebuf.o)
 .data          0x0000000003049054        0x0 c:/intelfpga_lite/21.1/nios2eds/bin/gnu/h-x86_64-mingw32/bin/../lib/gcc/nios2-elf/10.3.1/../../../../../H-x86_64-mingw32/nios2-elf/lib\libc.a(lib_a-readr.o)
 .data          0x0000000003049054        0x0 c:/intelfpga_lite/21.1/nios2eds/bin/gnu/h-x86_64-mingw32/bin/../lib/gcc/nios2-elf/10.3.1/../../../../../H-x86_64-mingw32/nios2-elf/lib\libc.a(lib_a-fstatr.o)
 .data          0x0000000003049054        0x0 c:/intelfpga_lite/21.1/nios2eds/bin/gnu/h-x86_64-mingw32/bin/../lib/gcc/nios2-elf/10.3.1/../../../../../H-x86_64-mingw32/nios2-elf/lib\libc.a(lib_a-isattyr.o)
 .data          0x0000000003049054        0x0 c:/intelfpga_lite/21.1/nios2eds/bin/gnu/h-x86_64-mingw32/bin/../lib/gcc/nios2-elf/10.3.1\libgcc.a(lib2-divmod.o)
 .data          0x0000000003049054        0x0 c:/Users/Robin/Documents/NHLStenden/FPGA/QuartusPrimeProjects/DE2-115_V.1.0.6_SystemCD/DE2_115_demonstrations/DE2_115_SD_Card_Audio_Player_Copy/Software/test3_bsp/\libhal_bsp.a(alt_close.o)
 .data          0x0000000003049054      0x1a8 c:/Users/Robin/Documents/NHLStenden/FPGA/QuartusPrimeProjects/DE2-115_V.1.0.6_SystemCD/DE2_115_demonstrations/DE2_115_SD_Card_Audio_Player_Copy/Software/test3_bsp/\libhal_bsp.a(alt_dev.o)
                0x0000000003049054                alt_dev_null
                0x000000000304907c                alt_fd_list
 .data          0x00000000030491fc        0x0 c:/Users/Robin/Documents/NHLStenden/FPGA/QuartusPrimeProjects/DE2-115_V.1.0.6_SystemCD/DE2_115_demonstrations/DE2_115_SD_Card_Audio_Player_Copy/Software/test3_bsp/\libhal_bsp.a(alt_errno.o)
 .data          0x00000000030491fc        0x0 c:/Users/Robin/Documents/NHLStenden/FPGA/QuartusPrimeProjects/DE2-115_V.1.0.6_SystemCD/DE2_115_demonstrations/DE2_115_SD_Card_Audio_Player_Copy/Software/test3_bsp/\libhal_bsp.a(alt_fstat.o)
 .data          0x00000000030491fc        0x0 c:/Users/Robin/Documents/NHLStenden/FPGA/QuartusPrimeProjects/DE2-115_V.1.0.6_SystemCD/DE2_115_demonstrations/DE2_115_SD_Card_Audio_Player_Copy/Software/test3_bsp/\libhal_bsp.a(alt_isatty.o)
 .data          0x00000000030491fc        0x0 c:/Users/Robin/Documents/NHLStenden/FPGA/QuartusPrimeProjects/DE2-115_V.1.0.6_SystemCD/DE2_115_demonstrations/DE2_115_SD_Card_Audio_Player_Copy/Software/test3_bsp/\libhal_bsp.a(alt_load.o)
 .data          0x00000000030491fc        0x0 c:/Users/Robin/Documents/NHLStenden/FPGA/QuartusPrimeProjects/DE2-115_V.1.0.6_SystemCD/DE2_115_demonstrations/DE2_115_SD_Card_Audio_Player_Copy/Software/test3_bsp/\libhal_bsp.a(alt_lseek.o)
 .data          0x00000000030491fc        0x0 c:/Users/Robin/Documents/NHLStenden/FPGA/QuartusPrimeProjects/DE2-115_V.1.0.6_SystemCD/DE2_115_demonstrations/DE2_115_SD_Card_Audio_Player_Copy/Software/test3_bsp/\libhal_bsp.a(alt_main.o)
 .data          0x00000000030491fc        0x0 c:/Users/Robin/Documents/NHLStenden/FPGA/QuartusPrimeProjects/DE2-115_V.1.0.6_SystemCD/DE2_115_demonstrations/DE2_115_SD_Card_Audio_Player_Copy/Software/test3_bsp/\libhal_bsp.a(alt_malloc_lock.o)
 .data          0x00000000030491fc        0x0 c:/Users/Robin/Documents/NHLStenden/FPGA/QuartusPrimeProjects/DE2-115_V.1.0.6_SystemCD/DE2_115_demonstrations/DE2_115_SD_Card_Audio_Player_Copy/Software/test3_bsp/\libhal_bsp.a(alt_read.o)
 .data          0x00000000030491fc        0x0 c:/Users/Robin/Documents/NHLStenden/FPGA/QuartusPrimeProjects/DE2-115_V.1.0.6_SystemCD/DE2_115_demonstrations/DE2_115_SD_Card_Audio_Player_Copy/Software/test3_bsp/\libhal_bsp.a(alt_release_fd.o)
 .data          0x00000000030491fc        0x0 c:/Users/Robin/Documents/NHLStenden/FPGA/QuartusPrimeProjects/DE2-115_V.1.0.6_SystemCD/DE2_115_demonstrations/DE2_115_SD_Card_Audio_Player_Copy/Software/test3_bsp/\libhal_bsp.a(alt_sbrk.o)
 .data          0x00000000030491fc        0x0 c:/Users/Robin/Documents/NHLStenden/FPGA/QuartusPrimeProjects/DE2-115_V.1.0.6_SystemCD/DE2_115_demonstrations/DE2_115_SD_Card_Audio_Player_Copy/Software/test3_bsp/\libhal_bsp.a(alt_write.o)
 .data          0x00000000030491fc     0x1200 c:/Users/Robin/Documents/NHLStenden/FPGA/QuartusPrimeProjects/DE2-115_V.1.0.6_SystemCD/DE2_115_demonstrations/DE2_115_SD_Card_Audio_Player_Copy/Software/test3_bsp/\libhal_bsp.a(alt_sys_init.o)
 .data          0x000000000304a3fc        0x0 c:/Users/Robin/Documents/NHLStenden/FPGA/QuartusPrimeProjects/DE2-115_V.1.0.6_SystemCD/DE2_115_demonstrations/DE2_115_SD_Card_Audio_Player_Copy/Software/test3_bsp/\libhal_bsp.a(altera_avalon_cfi_flash.o)
 .data          0x000000000304a3fc        0x0 c:/Users/Robin/Documents/NHLStenden/FPGA/QuartusPrimeProjects/DE2-115_V.1.0.6_SystemCD/DE2_115_demonstrations/DE2_115_SD_Card_Audio_Player_Copy/Software/test3_bsp/\libhal_bsp.a(altera_avalon_cfi_flash_table.o)
 .data          0x000000000304a3fc        0x0 c:/Users/Robin/Documents/NHLStenden/FPGA/QuartusPrimeProjects/DE2-115_V.1.0.6_SystemCD/DE2_115_demonstrations/DE2_115_SD_Card_Audio_Player_Copy/Software/test3_bsp/\libhal_bsp.a(altera_avalon_jtag_uart_fd.o)
 .data          0x000000000304a3fc        0x0 c:/Users/Robin/Documents/NHLStenden/FPGA/QuartusPrimeProjects/DE2-115_V.1.0.6_SystemCD/DE2_115_demonstrations/DE2_115_SD_Card_Audio_Player_Copy/Software/test3_bsp/\libhal_bsp.a(altera_avalon_jtag_uart_init.o)
 .data          0x000000000304a3fc        0x0 c:/Users/Robin/Documents/NHLStenden/FPGA/QuartusPrimeProjects/DE2-115_V.1.0.6_SystemCD/DE2_115_demonstrations/DE2_115_SD_Card_Audio_Player_Copy/Software/test3_bsp/\libhal_bsp.a(altera_avalon_jtag_uart_ioctl.o)
 .data          0x000000000304a3fc        0x0 c:/Users/Robin/Documents/NHLStenden/FPGA/QuartusPrimeProjects/DE2-115_V.1.0.6_SystemCD/DE2_115_demonstrations/DE2_115_SD_Card_Audio_Player_Copy/Software/test3_bsp/\libhal_bsp.a(altera_avalon_jtag_uart_read.o)
 .data          0x000000000304a3fc        0x0 c:/Users/Robin/Documents/NHLStenden/FPGA/QuartusPrimeProjects/DE2-115_V.1.0.6_SystemCD/DE2_115_demonstrations/DE2_115_SD_Card_Audio_Player_Copy/Software/test3_bsp/\libhal_bsp.a(altera_avalon_jtag_uart_write.o)
 .data          0x000000000304a3fc        0x0 c:/Users/Robin/Documents/NHLStenden/FPGA/QuartusPrimeProjects/DE2-115_V.1.0.6_SystemCD/DE2_115_demonstrations/DE2_115_SD_Card_Audio_Player_Copy/Software/test3_bsp/\libhal_bsp.a(altera_avalon_timer_sc.o)
 .data          0x000000000304a3fc        0x0 c:/Users/Robin/Documents/NHLStenden/FPGA/QuartusPrimeProjects/DE2-115_V.1.0.6_SystemCD/DE2_115_demonstrations/DE2_115_SD_Card_Audio_Player_Copy/Software/test3_bsp/\libhal_bsp.a(altera_avalon_uart_fd.o)
 .data          0x000000000304a3fc        0x0 c:/Users/Robin/Documents/NHLStenden/FPGA/QuartusPrimeProjects/DE2-115_V.1.0.6_SystemCD/DE2_115_demonstrations/DE2_115_SD_Card_Audio_Player_Copy/Software/test3_bsp/\libhal_bsp.a(altera_avalon_uart_init.o)
 .data          0x000000000304a3fc        0x0 c:/Users/Robin/Documents/NHLStenden/FPGA/QuartusPrimeProjects/DE2-115_V.1.0.6_SystemCD/DE2_115_demonstrations/DE2_115_SD_Card_Audio_Player_Copy/Software/test3_bsp/\libhal_bsp.a(altera_avalon_uart_read.o)
 .data          0x000000000304a3fc        0x0 c:/Users/Robin/Documents/NHLStenden/FPGA/QuartusPrimeProjects/DE2-115_V.1.0.6_SystemCD/DE2_115_demonstrations/DE2_115_SD_Card_Audio_Player_Copy/Software/test3_bsp/\libhal_bsp.a(altera_avalon_uart_write.o)
 .data          0x000000000304a3fc        0x0 c:/Users/Robin/Documents/NHLStenden/FPGA/QuartusPrimeProjects/DE2-115_V.1.0.6_SystemCD/DE2_115_demonstrations/DE2_115_SD_Card_Audio_Player_Copy/Software/test3_bsp/\libhal_bsp.a(alt_alarm_start.o)
 .data          0x000000000304a3fc        0x0 c:/Users/Robin/Documents/NHLStenden/FPGA/QuartusPrimeProjects/DE2-115_V.1.0.6_SystemCD/DE2_115_demonstrations/DE2_115_SD_Card_Audio_Player_Copy/Software/test3_bsp/\libhal_bsp.a(alt_dcache_flush.o)
 .data          0x000000000304a3fc        0x0 c:/Users/Robin/Documents/NHLStenden/FPGA/QuartusPrimeProjects/DE2-115_V.1.0.6_SystemCD/DE2_115_demonstrations/DE2_115_SD_Card_Audio_Player_Copy/Software/test3_bsp/\libhal_bsp.a(alt_dcache_flush_all.o)
 .data          0x000000000304a3fc        0x0 c:/Users/Robin/Documents/NHLStenden/FPGA/QuartusPrimeProjects/DE2-115_V.1.0.6_SystemCD/DE2_115_demonstrations/DE2_115_SD_Card_Audio_Player_Copy/Software/test3_bsp/\libhal_bsp.a(alt_dev_llist_insert.o)
 .data          0x000000000304a3fc        0x0 c:/Users/Robin/Documents/NHLStenden/FPGA/QuartusPrimeProjects/DE2-115_V.1.0.6_SystemCD/DE2_115_demonstrations/DE2_115_SD_Card_Audio_Player_Copy/Software/test3_bsp/\libhal_bsp.a(alt_do_ctors.o)
 .data          0x000000000304a3fc        0x0 c:/Users/Robin/Documents/NHLStenden/FPGA/QuartusPrimeProjects/DE2-115_V.1.0.6_SystemCD/DE2_115_demonstrations/DE2_115_SD_Card_Audio_Player_Copy/Software/test3_bsp/\libhal_bsp.a(alt_do_dtors.o)
 .data          0x000000000304a3fc        0x0 c:/Users/Robin/Documents/NHLStenden/FPGA/QuartusPrimeProjects/DE2-115_V.1.0.6_SystemCD/DE2_115_demonstrations/DE2_115_SD_Card_Audio_Player_Copy/Software/test3_bsp/\libhal_bsp.a(alt_flash_dev.o)
 .data          0x000000000304a3fc        0x0 c:/Users/Robin/Documents/NHLStenden/FPGA/QuartusPrimeProjects/DE2-115_V.1.0.6_SystemCD/DE2_115_demonstrations/DE2_115_SD_Card_Audio_Player_Copy/Software/test3_bsp/\libhal_bsp.a(alt_icache_flush_all.o)
 .data          0x000000000304a3fc        0x0 c:/Users/Robin/Documents/NHLStenden/FPGA/QuartusPrimeProjects/DE2-115_V.1.0.6_SystemCD/DE2_115_demonstrations/DE2_115_SD_Card_Audio_Player_Copy/Software/test3_bsp/\libhal_bsp.a(alt_iic.o)
 .data          0x000000000304a3fc        0x0 c:/Users/Robin/Documents/NHLStenden/FPGA/QuartusPrimeProjects/DE2-115_V.1.0.6_SystemCD/DE2_115_demonstrations/DE2_115_SD_Card_Audio_Player_Copy/Software/test3_bsp/\libhal_bsp.a(alt_iic_isr_register.o)
 .data          0x000000000304a3fc        0x0 c:/Users/Robin/Documents/NHLStenden/FPGA/QuartusPrimeProjects/DE2-115_V.1.0.6_SystemCD/DE2_115_demonstrations/DE2_115_SD_Card_Audio_Player_Copy/Software/test3_bsp/\libhal_bsp.a(alt_io_redirect.o)
 .data          0x000000000304a3fc        0x0 c:/Users/Robin/Documents/NHLStenden/FPGA/QuartusPrimeProjects/DE2-115_V.1.0.6_SystemCD/DE2_115_demonstrations/DE2_115_SD_Card_Audio_Player_Copy/Software/test3_bsp/\libhal_bsp.a(alt_irq_entry.o)
 .data          0x000000000304a3fc        0x0 c:/Users/Robin/Documents/NHLStenden/FPGA/QuartusPrimeProjects/DE2-115_V.1.0.6_SystemCD/DE2_115_demonstrations/DE2_115_SD_Card_Audio_Player_Copy/Software/test3_bsp/\libhal_bsp.a(alt_irq_handler.o)
 .data          0x000000000304a3fc        0x0 c:/Users/Robin/Documents/NHLStenden/FPGA/QuartusPrimeProjects/DE2-115_V.1.0.6_SystemCD/DE2_115_demonstrations/DE2_115_SD_Card_Audio_Player_Copy/Software/test3_bsp/\libhal_bsp.a(alt_irq_vars.o)
 .data          0x000000000304a3fc        0x0 c:/Users/Robin/Documents/NHLStenden/FPGA/QuartusPrimeProjects/DE2-115_V.1.0.6_SystemCD/DE2_115_demonstrations/DE2_115_SD_Card_Audio_Player_Copy/Software/test3_bsp/\libhal_bsp.a(alt_open.o)
 .data          0x000000000304a3fc        0x0 c:/Users/Robin/Documents/NHLStenden/FPGA/QuartusPrimeProjects/DE2-115_V.1.0.6_SystemCD/DE2_115_demonstrations/DE2_115_SD_Card_Audio_Player_Copy/Software/test3_bsp/\libhal_bsp.a(alt_tick.o)
 .data          0x000000000304a3fc        0x0 c:/Users/Robin/Documents/NHLStenden/FPGA/QuartusPrimeProjects/DE2-115_V.1.0.6_SystemCD/DE2_115_demonstrations/DE2_115_SD_Card_Audio_Player_Copy/Software/test3_bsp/\libhal_bsp.a(altera_nios2_irq.o)
 .data          0x000000000304a3fc        0x0 c:/Users/Robin/Documents/NHLStenden/FPGA/QuartusPrimeProjects/DE2-115_V.1.0.6_SystemCD/DE2_115_demonstrations/DE2_115_SD_Card_Audio_Player_Copy/Software/test3_bsp/\libhal_bsp.a(altera_avalon_cfi_flash_amd.o)
 .data          0x000000000304a3fc        0x0 c:/Users/Robin/Documents/NHLStenden/FPGA/QuartusPrimeProjects/DE2-115_V.1.0.6_SystemCD/DE2_115_demonstrations/DE2_115_SD_Card_Audio_Player_Copy/Software/test3_bsp/\libhal_bsp.a(altera_avalon_cfi_flash_intel.o)
 .data          0x000000000304a3fc        0x0 c:/Users/Robin/Documents/NHLStenden/FPGA/QuartusPrimeProjects/DE2-115_V.1.0.6_SystemCD/DE2_115_demonstrations/DE2_115_SD_Card_Audio_Player_Copy/Software/test3_bsp/\libhal_bsp.a(alt_exception_entry.o)
 .data          0x000000000304a3fc        0x0 c:/Users/Robin/Documents/NHLStenden/FPGA/QuartusPrimeProjects/DE2-115_V.1.0.6_SystemCD/DE2_115_demonstrations/DE2_115_SD_Card_Audio_Player_Copy/Software/test3_bsp/\libhal_bsp.a(alt_find_dev.o)
 .data          0x000000000304a3fc        0x0 c:/Users/Robin/Documents/NHLStenden/FPGA/QuartusPrimeProjects/DE2-115_V.1.0.6_SystemCD/DE2_115_demonstrations/DE2_115_SD_Card_Audio_Player_Copy/Software/test3_bsp/\libhal_bsp.a(alt_find_file.o)
 .data          0x000000000304a3fc        0x0 c:/Users/Robin/Documents/NHLStenden/FPGA/QuartusPrimeProjects/DE2-115_V.1.0.6_SystemCD/DE2_115_demonstrations/DE2_115_SD_Card_Audio_Player_Copy/Software/test3_bsp/\libhal_bsp.a(alt_get_fd.o)
 .data          0x000000000304a3fc        0x0 c:/Users/Robin/Documents/NHLStenden/FPGA/QuartusPrimeProjects/DE2-115_V.1.0.6_SystemCD/DE2_115_demonstrations/DE2_115_SD_Card_Audio_Player_Copy/Software/test3_bsp/\libhal_bsp.a(alt_icache_flush.o)
 .data          0x000000000304a3fc        0x0 c:/Users/Robin/Documents/NHLStenden/FPGA/QuartusPrimeProjects/DE2-115_V.1.0.6_SystemCD/DE2_115_demonstrations/DE2_115_SD_Card_Audio_Player_Copy/Software/test3_bsp/\libhal_bsp.a(alt_usleep.o)
 .data          0x000000000304a3fc        0x0 c:/Users/Robin/Documents/NHLStenden/FPGA/QuartusPrimeProjects/DE2-115_V.1.0.6_SystemCD/DE2_115_demonstrations/DE2_115_SD_Card_Audio_Player_Copy/Software/test3_bsp/\libhal_bsp.a(alt_busy_sleep.o)
 .data          0x000000000304a3fc        0x0 c:/intelfpga_lite/21.1/nios2eds/bin/gnu/h-x86_64-mingw32/bin/../lib/gcc/nios2-elf/10.3.1/../../../../../H-x86_64-mingw32/nios2-elf/lib\libc.a(lib_a-atexit.o)
 .data          0x000000000304a3fc        0x0 c:/intelfpga_lite/21.1/nios2eds/bin/gnu/h-x86_64-mingw32/bin/../lib/gcc/nios2-elf/10.3.1/../../../../../H-x86_64-mingw32/nios2-elf/lib\libc.a(lib_a-exit.o)
 .data          0x000000000304a3fc        0x0 c:/intelfpga_lite/21.1/nios2eds/bin/gnu/h-x86_64-mingw32/bin/../lib/gcc/nios2-elf/10.3.1/../../../../../H-x86_64-mingw32/nios2-elf/lib\libc.a(lib_a-memcmp.o)
 .data          0x000000000304a3fc        0x0 c:/intelfpga_lite/21.1/nios2eds/bin/gnu/h-x86_64-mingw32/bin/../lib/gcc/nios2-elf/10.3.1/../../../../../H-x86_64-mingw32/nios2-elf/lib\libc.a(lib_a-__atexit.o)
 .data          0x000000000304a3fc        0x0 c:/intelfpga_lite/21.1/nios2eds/bin/gnu/h-x86_64-mingw32/bin/../lib/gcc/nios2-elf/10.3.1/../../../../../H-x86_64-mingw32/nios2-elf/lib\libc.a(lib_a-__call_atexit.o)
 .data          0x000000000304a3fc        0x0 c:/Users/Robin/Documents/NHLStenden/FPGA/QuartusPrimeProjects/DE2-115_V.1.0.6_SystemCD/DE2_115_demonstrations/DE2_115_SD_Card_Audio_Player_Copy/Software/test3_bsp/\libhal_bsp.a(alt_exit.o)
                0x00000000030523fc                _gp = ABSOLUTE ((. + 0x8000))
                [!provide]                        PROVIDE (gp = _gp)
 *(.rwdata .rwdata.*)
 *(.sdata .sdata.* .gnu.linkonce.s.*)
 .sdata._global_impure_ptr
                0x000000000304a3fc        0x4 c:/intelfpga_lite/21.1/nios2eds/bin/gnu/h-x86_64-mingw32/bin/../lib/gcc/nios2-elf/10.3.1/../../../../../H-x86_64-mingw32/nios2-elf/lib\libc.a(lib_a-impure.o)
                0x000000000304a3fc                _global_impure_ptr
 .sdata._impure_ptr
                0x000000000304a400        0x4 c:/intelfpga_lite/21.1/nios2eds/bin/gnu/h-x86_64-mingw32/bin/../lib/gcc/nios2-elf/10.3.1/../../../../../H-x86_64-mingw32/nios2-elf/lib\libc.a(lib_a-impure.o)
                0x000000000304a400                _impure_ptr
 .sdata.__malloc_sbrk_base
                0x000000000304a404        0x4 c:/intelfpga_lite/21.1/nios2eds/bin/gnu/h-x86_64-mingw32/bin/../lib/gcc/nios2-elf/10.3.1/../../../../../H-x86_64-mingw32/nios2-elf/lib\libc.a(lib_a-mallocr.o)
                0x000000000304a404                __malloc_sbrk_base
 .sdata.__malloc_trim_threshold
                0x000000000304a408        0x4 c:/intelfpga_lite/21.1/nios2eds/bin/gnu/h-x86_64-mingw32/bin/../lib/gcc/nios2-elf/10.3.1/../../../../../H-x86_64-mingw32/nios2-elf/lib\libc.a(lib_a-mallocr.o)
                0x000000000304a408                __malloc_trim_threshold
 .sdata         0x000000000304a40c       0x14 c:/Users/Robin/Documents/NHLStenden/FPGA/QuartusPrimeProjects/DE2-115_V.1.0.6_SystemCD/DE2_115_demonstrations/DE2_115_SD_Card_Audio_Player_Copy/Software/test3_bsp/\libhal_bsp.a(alt_dev.o)
                0x000000000304a40c                alt_fs_list
                0x000000000304a414                alt_dev_list
                0x000000000304a41c                alt_max_fd
 .sdata         0x000000000304a420        0x4 c:/Users/Robin/Documents/NHLStenden/FPGA/QuartusPrimeProjects/DE2-115_V.1.0.6_SystemCD/DE2_115_demonstrations/DE2_115_SD_Card_Audio_Player_Copy/Software/test3_bsp/\libhal_bsp.a(alt_errno.o)
                0x000000000304a420                alt_errno
 .sdata         0x000000000304a424        0x4 c:/Users/Robin/Documents/NHLStenden/FPGA/QuartusPrimeProjects/DE2-115_V.1.0.6_SystemCD/DE2_115_demonstrations/DE2_115_SD_Card_Audio_Player_Copy/Software/test3_bsp/\libhal_bsp.a(alt_sbrk.o)
 .sdata         0x000000000304a428        0x8 c:/Users/Robin/Documents/NHLStenden/FPGA/QuartusPrimeProjects/DE2-115_V.1.0.6_SystemCD/DE2_115_demonstrations/DE2_115_SD_Card_Audio_Player_Copy/Software/test3_bsp/\libhal_bsp.a(alt_flash_dev.o)
                0x000000000304a428                alt_flash_dev_list
 .sdata         0x000000000304a430        0x4 c:/Users/Robin/Documents/NHLStenden/FPGA/QuartusPrimeProjects/DE2-115_V.1.0.6_SystemCD/DE2_115_demonstrations/DE2_115_SD_Card_Audio_Player_Copy/Software/test3_bsp/\libhal_bsp.a(alt_irq_vars.o)
                0x000000000304a430                alt_priority_mask
 .sdata         0x000000000304a434        0x8 c:/Users/Robin/Documents/NHLStenden/FPGA/QuartusPrimeProjects/DE2-115_V.1.0.6_SystemCD/DE2_115_demonstrations/DE2_115_SD_Card_Audio_Player_Copy/Software/test3_bsp/\libhal_bsp.a(alt_tick.o)
                0x000000000304a434                alt_alarm_list
 *(.sdata2 .sdata2.* .gnu.linkonce.s2.*)
                0x000000000304a43c                . = ALIGN (0x4)
                0x000000000304a43c                _edata = ABSOLUTE (.)
                [!provide]                        PROVIDE (edata = ABSOLUTE (.))
                0x000000000304a43c                PROVIDE (__ram_rwdata_end = ABSOLUTE (.))
                0x000000000304a43c                PROVIDE (__flash_rwdata_start = LOADADDR (.rwdata))

.bss            0x000000000304c050      0x154
                0x000000000304c050                __bss_start = ABSOLUTE (.)
                [!provide]                        PROVIDE (__sbss_start = ABSOLUTE (.))
                [!provide]                        PROVIDE (___sbss_start = ABSOLUTE (.))
 *(.dynsbss)
 *(.sbss .sbss.* .gnu.linkonce.sb.*)
 .sbss.__malloc_max_total_mem
                0x000000000304c050        0x4 c:/intelfpga_lite/21.1/nios2eds/bin/gnu/h-x86_64-mingw32/bin/../lib/gcc/nios2-elf/10.3.1/../../../../../H-x86_64-mingw32/nios2-elf/lib\libc.a(lib_a-mallocr.o)
                0x000000000304c050                __malloc_max_total_mem
 .sbss.__malloc_max_sbrked_mem
                0x000000000304c054        0x4 c:/intelfpga_lite/21.1/nios2eds/bin/gnu/h-x86_64-mingw32/bin/../lib/gcc/nios2-elf/10.3.1/../../../../../H-x86_64-mingw32/nios2-elf/lib\libc.a(lib_a-mallocr.o)
                0x000000000304c054                __malloc_max_sbrked_mem
 .sbss.__malloc_top_pad
                0x000000000304c058        0x4 c:/intelfpga_lite/21.1/nios2eds/bin/gnu/h-x86_64-mingw32/bin/../lib/gcc/nios2-elf/10.3.1/../../../../../H-x86_64-mingw32/nios2-elf/lib\libc.a(lib_a-mallocr.o)
                0x000000000304c058                __malloc_top_pad
 .sbss.errno    0x000000000304c05c        0x4 c:/intelfpga_lite/21.1/nios2eds/bin/gnu/h-x86_64-mingw32/bin/../lib/gcc/nios2-elf/10.3.1/../../../../../H-x86_64-mingw32/nios2-elf/lib\libc.a(lib_a-int_errno.o)
                0x000000000304c05c                errno
 .sbss          0x000000000304c060        0xc c:/Users/Robin/Documents/NHLStenden/FPGA/QuartusPrimeProjects/DE2-115_V.1.0.6_SystemCD/DE2_115_demonstrations/DE2_115_SD_Card_Audio_Player_Copy/Software/test3_bsp/\libhal_bsp.a(alt_main.o)
                0x000000000304c060                alt_argc
                0x000000000304c064                alt_argv
                0x000000000304c068                alt_envp
 .sbss          0x000000000304c06c        0x4 c:/Users/Robin/Documents/NHLStenden/FPGA/QuartusPrimeProjects/DE2-115_V.1.0.6_SystemCD/DE2_115_demonstrations/DE2_115_SD_Card_Audio_Player_Copy/Software/test3_bsp/\libhal_bsp.a(alt_irq_vars.o)
                0x000000000304c06c                alt_irq_active
 .sbss          0x000000000304c070        0xc c:/Users/Robin/Documents/NHLStenden/FPGA/QuartusPrimeProjects/DE2-115_V.1.0.6_SystemCD/DE2_115_demonstrations/DE2_115_SD_Card_Audio_Player_Copy/Software/test3_bsp/\libhal_bsp.a(alt_tick.o)
                0x000000000304c070                _alt_tick_rate
                0x000000000304c074                _alt_nticks
 *(.sbss2 .sbss2.* .gnu.linkonce.sb2.*)
 *(.scommon)
                [!provide]                        PROVIDE (__sbss_end = ABSOLUTE (.))
                [!provide]                        PROVIDE (___sbss_end = ABSOLUTE (.))
 *(.dynbss)
 *(.bss .bss.* .gnu.linkonce.b.*)
 .bss           0x000000000304c07c        0x0 c:/Users/Robin/Documents/NHLStenden/FPGA/QuartusPrimeProjects/DE2-115_V.1.0.6_SystemCD/DE2_115_demonstrations/DE2_115_SD_Card_Audio_Player_Copy/Software/test3_bsp//obj/HAL/src/crt0.o
 .bss           0x000000000304c07c        0x0 obj/default/hello_world.o
 .bss           0x000000000304c07c        0x0 c:/intelfpga_lite/21.1/nios2eds/bin/gnu/h-x86_64-mingw32/bin/../lib/gcc/nios2-elf/10.3.1/../../../../../H-x86_64-mingw32/nios2-elf/lib\libc.a(lib_a-puts.o)
 .bss           0x000000000304c07c        0x0 c:/intelfpga_lite/21.1/nios2eds/bin/gnu/h-x86_64-mingw32/bin/../lib/gcc/nios2-elf/10.3.1/../../../../../H-x86_64-mingw32/nios2-elf/lib\libc.a(lib_a-strlen.o)
 .bss           0x000000000304c07c        0x0 c:/intelfpga_lite/21.1/nios2eds/bin/gnu/h-x86_64-mingw32/bin/../lib/gcc/nios2-elf/10.3.1/../../../../../H-x86_64-mingw32/nios2-elf/lib\libc.a(lib_a-findfp.o)
 .bss           0x000000000304c07c        0x0 c:/intelfpga_lite/21.1/nios2eds/bin/gnu/h-x86_64-mingw32/bin/../lib/gcc/nios2-elf/10.3.1/../../../../../H-x86_64-mingw32/nios2-elf/lib\libc.a(lib_a-fvwrite.o)
 .bss           0x000000000304c07c        0x0 c:/intelfpga_lite/21.1/nios2eds/bin/gnu/h-x86_64-mingw32/bin/../lib/gcc/nios2-elf/10.3.1/../../../../../H-x86_64-mingw32/nios2-elf/lib\libc.a(lib_a-fwalk.o)
 .bss           0x000000000304c07c        0x0 c:/intelfpga_lite/21.1/nios2eds/bin/gnu/h-x86_64-mingw32/bin/../lib/gcc/nios2-elf/10.3.1/../../../../../H-x86_64-mingw32/nios2-elf/lib\libc.a(lib_a-impure.o)
 .bss           0x000000000304c07c        0x0 c:/intelfpga_lite/21.1/nios2eds/bin/gnu/h-x86_64-mingw32/bin/../lib/gcc/nios2-elf/10.3.1/../../../../../H-x86_64-mingw32/nios2-elf/lib\libc.a(lib_a-mallocr.o)
 .bss.__malloc_current_mallinfo
                0x000000000304c07c       0x28 c:/intelfpga_lite/21.1/nios2eds/bin/gnu/h-x86_64-mingw32/bin/../lib/gcc/nios2-elf/10.3.1/../../../../../H-x86_64-mingw32/nios2-elf/lib\libc.a(lib_a-mallocr.o)
                0x000000000304c07c                __malloc_current_mallinfo
 .bss           0x000000000304c0a4        0x0 c:/intelfpga_lite/21.1/nios2eds/bin/gnu/h-x86_64-mingw32/bin/../lib/gcc/nios2-elf/10.3.1/../../../../../H-x86_64-mingw32/nios2-elf/lib\libc.a(lib_a-memchr.o)
 .bss           0x000000000304c0a4        0x0 c:/intelfpga_lite/21.1/nios2eds/bin/gnu/h-x86_64-mingw32/bin/../lib/gcc/nios2-elf/10.3.1/../../../../../H-x86_64-mingw32/nios2-elf/lib\libc.a(lib_a-memcpy.o)
 .bss           0x000000000304c0a4        0x0 c:/intelfpga_lite/21.1/nios2eds/bin/gnu/h-x86_64-mingw32/bin/../lib/gcc/nios2-elf/10.3.1/../../../../../H-x86_64-mingw32/nios2-elf/lib\libc.a(lib_a-memmove.o)
 .bss           0x000000000304c0a4        0x0 c:/intelfpga_lite/21.1/nios2eds/bin/gnu/h-x86_64-mingw32/bin/../lib/gcc/nios2-elf/10.3.1/../../../../../H-x86_64-mingw32/nios2-elf/lib\libc.a(lib_a-memset.o)
 .bss           0x000000000304c0a4        0x0 c:/intelfpga_lite/21.1/nios2eds/bin/gnu/h-x86_64-mingw32/bin/../lib/gcc/nios2-elf/10.3.1/../../../../../H-x86_64-mingw32/nios2-elf/lib\libc.a(lib_a-reallocr.o)
 .bss           0x000000000304c0a4        0x0 c:/intelfpga_lite/21.1/nios2eds/bin/gnu/h-x86_64-mingw32/bin/../lib/gcc/nios2-elf/10.3.1/../../../../../H-x86_64-mingw32/nios2-elf/lib\libc.a(lib_a-sbrkr.o)
 .bss           0x000000000304c0a4        0x0 c:/intelfpga_lite/21.1/nios2eds/bin/gnu/h-x86_64-mingw32/bin/../lib/gcc/nios2-elf/10.3.1/../../../../../H-x86_64-mingw32/nios2-elf/lib\libc.a(lib_a-stdio.o)
 .bss           0x000000000304c0a4        0x0 c:/intelfpga_lite/21.1/nios2eds/bin/gnu/h-x86_64-mingw32/bin/../lib/gcc/nios2-elf/10.3.1/../../../../../H-x86_64-mingw32/nios2-elf/lib\libc.a(lib_a-writer.o)
 .bss           0x000000000304c0a4        0x0 c:/intelfpga_lite/21.1/nios2eds/bin/gnu/h-x86_64-mingw32/bin/../lib/gcc/nios2-elf/10.3.1/../../../../../H-x86_64-mingw32/nios2-elf/lib\libc.a(lib_a-wsetup.o)
 .bss           0x000000000304c0a4        0x0 c:/intelfpga_lite/21.1/nios2eds/bin/gnu/h-x86_64-mingw32/bin/../lib/gcc/nios2-elf/10.3.1/../../../../../H-x86_64-mingw32/nios2-elf/lib\libc.a(closer.o)
 .bss           0x000000000304c0a4        0x0 c:/intelfpga_lite/21.1/nios2eds/bin/gnu/h-x86_64-mingw32/bin/../lib/gcc/nios2-elf/10.3.1/../../../../../H-x86_64-mingw32/nios2-elf/lib\libc.a(lib_a-fclose.o)
 .bss           0x000000000304c0a4        0x0 c:/intelfpga_lite/21.1/nios2eds/bin/gnu/h-x86_64-mingw32/bin/../lib/gcc/nios2-elf/10.3.1/../../../../../H-x86_64-mingw32/nios2-elf/lib\libc.a(lib_a-fflush.o)
 .bss           0x000000000304c0a4        0x0 c:/intelfpga_lite/21.1/nios2eds/bin/gnu/h-x86_64-mingw32/bin/../lib/gcc/nios2-elf/10.3.1/../../../../../H-x86_64-mingw32/nios2-elf/lib\libc.a(lib_a-freer.o)
 .bss           0x000000000304c0a4        0x0 c:/intelfpga_lite/21.1/nios2eds/bin/gnu/h-x86_64-mingw32/bin/../lib/gcc/nios2-elf/10.3.1/../../../../../H-x86_64-mingw32/nios2-elf/lib\libc.a(lib_a-int_errno.o)
 .bss           0x000000000304c0a4        0x0 c:/intelfpga_lite/21.1/nios2eds/bin/gnu/h-x86_64-mingw32/bin/../lib/gcc/nios2-elf/10.3.1/../../../../../H-x86_64-mingw32/nios2-elf/lib\libc.a(lib_a-lseekr.o)
 .bss           0x000000000304c0a4        0x0 c:/intelfpga_lite/21.1/nios2eds/bin/gnu/h-x86_64-mingw32/bin/../lib/gcc/nios2-elf/10.3.1/../../../../../H-x86_64-mingw32/nios2-elf/lib\libc.a(lib_a-makebuf.o)
 .bss           0x000000000304c0a4        0x0 c:/intelfpga_lite/21.1/nios2eds/bin/gnu/h-x86_64-mingw32/bin/../lib/gcc/nios2-elf/10.3.1/../../../../../H-x86_64-mingw32/nios2-elf/lib\libc.a(lib_a-readr.o)
 .bss           0x000000000304c0a4        0x0 c:/intelfpga_lite/21.1/nios2eds/bin/gnu/h-x86_64-mingw32/bin/../lib/gcc/nios2-elf/10.3.1/../../../../../H-x86_64-mingw32/nios2-elf/lib\libc.a(lib_a-fstatr.o)
 .bss           0x000000000304c0a4        0x0 c:/intelfpga_lite/21.1/nios2eds/bin/gnu/h-x86_64-mingw32/bin/../lib/gcc/nios2-elf/10.3.1/../../../../../H-x86_64-mingw32/nios2-elf/lib\libc.a(lib_a-isattyr.o)
 .bss           0x000000000304c0a4        0x0 c:/intelfpga_lite/21.1/nios2eds/bin/gnu/h-x86_64-mingw32/bin/../lib/gcc/nios2-elf/10.3.1\libgcc.a(lib2-divmod.o)
 .bss           0x000000000304c0a4        0x0 c:/Users/Robin/Documents/NHLStenden/FPGA/QuartusPrimeProjects/DE2-115_V.1.0.6_SystemCD/DE2_115_demonstrations/DE2_115_SD_Card_Audio_Player_Copy/Software/test3_bsp/\libhal_bsp.a(alt_close.o)
 .bss           0x000000000304c0a4        0x0 c:/Users/Robin/Documents/NHLStenden/FPGA/QuartusPrimeProjects/DE2-115_V.1.0.6_SystemCD/DE2_115_demonstrations/DE2_115_SD_Card_Audio_Player_Copy/Software/test3_bsp/\libhal_bsp.a(alt_dev.o)
 .bss           0x000000000304c0a4        0x0 c:/Users/Robin/Documents/NHLStenden/FPGA/QuartusPrimeProjects/DE2-115_V.1.0.6_SystemCD/DE2_115_demonstrations/DE2_115_SD_Card_Audio_Player_Copy/Software/test3_bsp/\libhal_bsp.a(alt_errno.o)
 .bss           0x000000000304c0a4        0x0 c:/Users/Robin/Documents/NHLStenden/FPGA/QuartusPrimeProjects/DE2-115_V.1.0.6_SystemCD/DE2_115_demonstrations/DE2_115_SD_Card_Audio_Player_Copy/Software/test3_bsp/\libhal_bsp.a(alt_fstat.o)
 .bss           0x000000000304c0a4        0x0 c:/Users/Robin/Documents/NHLStenden/FPGA/QuartusPrimeProjects/DE2-115_V.1.0.6_SystemCD/DE2_115_demonstrations/DE2_115_SD_Card_Audio_Player_Copy/Software/test3_bsp/\libhal_bsp.a(alt_isatty.o)
 .bss           0x000000000304c0a4        0x0 c:/Users/Robin/Documents/NHLStenden/FPGA/QuartusPrimeProjects/DE2-115_V.1.0.6_SystemCD/DE2_115_demonstrations/DE2_115_SD_Card_Audio_Player_Copy/Software/test3_bsp/\libhal_bsp.a(alt_load.o)
 .bss           0x000000000304c0a4        0x0 c:/Users/Robin/Documents/NHLStenden/FPGA/QuartusPrimeProjects/DE2-115_V.1.0.6_SystemCD/DE2_115_demonstrations/DE2_115_SD_Card_Audio_Player_Copy/Software/test3_bsp/\libhal_bsp.a(alt_lseek.o)
 .bss           0x000000000304c0a4        0x0 c:/Users/Robin/Documents/NHLStenden/FPGA/QuartusPrimeProjects/DE2-115_V.1.0.6_SystemCD/DE2_115_demonstrations/DE2_115_SD_Card_Audio_Player_Copy/Software/test3_bsp/\libhal_bsp.a(alt_main.o)
 .bss           0x000000000304c0a4        0x0 c:/Users/Robin/Documents/NHLStenden/FPGA/QuartusPrimeProjects/DE2-115_V.1.0.6_SystemCD/DE2_115_demonstrations/DE2_115_SD_Card_Audio_Player_Copy/Software/test3_bsp/\libhal_bsp.a(alt_malloc_lock.o)
 .bss           0x000000000304c0a4        0x0 c:/Users/Robin/Documents/NHLStenden/FPGA/QuartusPrimeProjects/DE2-115_V.1.0.6_SystemCD/DE2_115_demonstrations/DE2_115_SD_Card_Audio_Player_Copy/Software/test3_bsp/\libhal_bsp.a(alt_read.o)
 .bss           0x000000000304c0a4        0x0 c:/Users/Robin/Documents/NHLStenden/FPGA/QuartusPrimeProjects/DE2-115_V.1.0.6_SystemCD/DE2_115_demonstrations/DE2_115_SD_Card_Audio_Player_Copy/Software/test3_bsp/\libhal_bsp.a(alt_release_fd.o)
 .bss           0x000000000304c0a4        0x0 c:/Users/Robin/Documents/NHLStenden/FPGA/QuartusPrimeProjects/DE2-115_V.1.0.6_SystemCD/DE2_115_demonstrations/DE2_115_SD_Card_Audio_Player_Copy/Software/test3_bsp/\libhal_bsp.a(alt_sbrk.o)
 .bss           0x000000000304c0a4        0x0 c:/Users/Robin/Documents/NHLStenden/FPGA/QuartusPrimeProjects/DE2-115_V.1.0.6_SystemCD/DE2_115_demonstrations/DE2_115_SD_Card_Audio_Player_Copy/Software/test3_bsp/\libhal_bsp.a(alt_write.o)
 .bss           0x000000000304c0a4        0x0 c:/Users/Robin/Documents/NHLStenden/FPGA/QuartusPrimeProjects/DE2-115_V.1.0.6_SystemCD/DE2_115_demonstrations/DE2_115_SD_Card_Audio_Player_Copy/Software/test3_bsp/\libhal_bsp.a(alt_sys_init.o)
 .bss           0x000000000304c0a4        0x0 c:/Users/Robin/Documents/NHLStenden/FPGA/QuartusPrimeProjects/DE2-115_V.1.0.6_SystemCD/DE2_115_demonstrations/DE2_115_SD_Card_Audio_Player_Copy/Software/test3_bsp/\libhal_bsp.a(altera_avalon_cfi_flash.o)
 .bss           0x000000000304c0a4        0x0 c:/Users/Robin/Documents/NHLStenden/FPGA/QuartusPrimeProjects/DE2-115_V.1.0.6_SystemCD/DE2_115_demonstrations/DE2_115_SD_Card_Audio_Player_Copy/Software/test3_bsp/\libhal_bsp.a(altera_avalon_cfi_flash_table.o)
 .bss           0x000000000304c0a4        0x0 c:/Users/Robin/Documents/NHLStenden/FPGA/QuartusPrimeProjects/DE2-115_V.1.0.6_SystemCD/DE2_115_demonstrations/DE2_115_SD_Card_Audio_Player_Copy/Software/test3_bsp/\libhal_bsp.a(altera_avalon_jtag_uart_fd.o)
 .bss           0x000000000304c0a4        0x0 c:/Users/Robin/Documents/NHLStenden/FPGA/QuartusPrimeProjects/DE2-115_V.1.0.6_SystemCD/DE2_115_demonstrations/DE2_115_SD_Card_Audio_Player_Copy/Software/test3_bsp/\libhal_bsp.a(altera_avalon_jtag_uart_init.o)
 .bss           0x000000000304c0a4        0x0 c:/Users/Robin/Documents/NHLStenden/FPGA/QuartusPrimeProjects/DE2-115_V.1.0.6_SystemCD/DE2_115_demonstrations/DE2_115_SD_Card_Audio_Player_Copy/Software/test3_bsp/\libhal_bsp.a(altera_avalon_jtag_uart_ioctl.o)
 .bss           0x000000000304c0a4        0x0 c:/Users/Robin/Documents/NHLStenden/FPGA/QuartusPrimeProjects/DE2-115_V.1.0.6_SystemCD/DE2_115_demonstrations/DE2_115_SD_Card_Audio_Player_Copy/Software/test3_bsp/\libhal_bsp.a(altera_avalon_jtag_uart_read.o)
 .bss           0x000000000304c0a4        0x0 c:/Users/Robin/Documents/NHLStenden/FPGA/QuartusPrimeProjects/DE2-115_V.1.0.6_SystemCD/DE2_115_demonstrations/DE2_115_SD_Card_Audio_Player_Copy/Software/test3_bsp/\libhal_bsp.a(altera_avalon_jtag_uart_write.o)
 .bss           0x000000000304c0a4        0x0 c:/Users/Robin/Documents/NHLStenden/FPGA/QuartusPrimeProjects/DE2-115_V.1.0.6_SystemCD/DE2_115_demonstrations/DE2_115_SD_Card_Audio_Player_Copy/Software/test3_bsp/\libhal_bsp.a(altera_avalon_timer_sc.o)
 .bss           0x000000000304c0a4        0x0 c:/Users/Robin/Documents/NHLStenden/FPGA/QuartusPrimeProjects/DE2-115_V.1.0.6_SystemCD/DE2_115_demonstrations/DE2_115_SD_Card_Audio_Player_Copy/Software/test3_bsp/\libhal_bsp.a(altera_avalon_uart_fd.o)
 .bss           0x000000000304c0a4        0x0 c:/Users/Robin/Documents/NHLStenden/FPGA/QuartusPrimeProjects/DE2-115_V.1.0.6_SystemCD/DE2_115_demonstrations/DE2_115_SD_Card_Audio_Player_Copy/Software/test3_bsp/\libhal_bsp.a(altera_avalon_uart_init.o)
 .bss           0x000000000304c0a4        0x0 c:/Users/Robin/Documents/NHLStenden/FPGA/QuartusPrimeProjects/DE2-115_V.1.0.6_SystemCD/DE2_115_demonstrations/DE2_115_SD_Card_Audio_Player_Copy/Software/test3_bsp/\libhal_bsp.a(altera_avalon_uart_read.o)
 .bss           0x000000000304c0a4        0x0 c:/Users/Robin/Documents/NHLStenden/FPGA/QuartusPrimeProjects/DE2-115_V.1.0.6_SystemCD/DE2_115_demonstrations/DE2_115_SD_Card_Audio_Player_Copy/Software/test3_bsp/\libhal_bsp.a(altera_avalon_uart_write.o)
 .bss           0x000000000304c0a4        0x0 c:/Users/Robin/Documents/NHLStenden/FPGA/QuartusPrimeProjects/DE2-115_V.1.0.6_SystemCD/DE2_115_demonstrations/DE2_115_SD_Card_Audio_Player_Copy/Software/test3_bsp/\libhal_bsp.a(alt_alarm_start.o)
 .bss           0x000000000304c0a4        0x0 c:/Users/Robin/Documents/NHLStenden/FPGA/QuartusPrimeProjects/DE2-115_V.1.0.6_SystemCD/DE2_115_demonstrations/DE2_115_SD_Card_Audio_Player_Copy/Software/test3_bsp/\libhal_bsp.a(alt_dcache_flush.o)
 .bss           0x000000000304c0a4        0x0 c:/Users/Robin/Documents/NHLStenden/FPGA/QuartusPrimeProjects/DE2-115_V.1.0.6_SystemCD/DE2_115_demonstrations/DE2_115_SD_Card_Audio_Player_Copy/Software/test3_bsp/\libhal_bsp.a(alt_dcache_flush_all.o)
 .bss           0x000000000304c0a4        0x0 c:/Users/Robin/Documents/NHLStenden/FPGA/QuartusPrimeProjects/DE2-115_V.1.0.6_SystemCD/DE2_115_demonstrations/DE2_115_SD_Card_Audio_Player_Copy/Software/test3_bsp/\libhal_bsp.a(alt_dev_llist_insert.o)
 .bss           0x000000000304c0a4        0x0 c:/Users/Robin/Documents/NHLStenden/FPGA/QuartusPrimeProjects/DE2-115_V.1.0.6_SystemCD/DE2_115_demonstrations/DE2_115_SD_Card_Audio_Player_Copy/Software/test3_bsp/\libhal_bsp.a(alt_do_ctors.o)
 .bss           0x000000000304c0a4        0x0 c:/Users/Robin/Documents/NHLStenden/FPGA/QuartusPrimeProjects/DE2-115_V.1.0.6_SystemCD/DE2_115_demonstrations/DE2_115_SD_Card_Audio_Player_Copy/Software/test3_bsp/\libhal_bsp.a(alt_do_dtors.o)
 .bss           0x000000000304c0a4        0x0 c:/Users/Robin/Documents/NHLStenden/FPGA/QuartusPrimeProjects/DE2-115_V.1.0.6_SystemCD/DE2_115_demonstrations/DE2_115_SD_Card_Audio_Player_Copy/Software/test3_bsp/\libhal_bsp.a(alt_flash_dev.o)
 .bss           0x000000000304c0a4        0x0 c:/Users/Robin/Documents/NHLStenden/FPGA/QuartusPrimeProjects/DE2-115_V.1.0.6_SystemCD/DE2_115_demonstrations/DE2_115_SD_Card_Audio_Player_Copy/Software/test3_bsp/\libhal_bsp.a(alt_icache_flush_all.o)
 .bss           0x000000000304c0a4        0x0 c:/Users/Robin/Documents/NHLStenden/FPGA/QuartusPrimeProjects/DE2-115_V.1.0.6_SystemCD/DE2_115_demonstrations/DE2_115_SD_Card_Audio_Player_Copy/Software/test3_bsp/\libhal_bsp.a(alt_iic.o)
 .bss           0x000000000304c0a4        0x0 c:/Users/Robin/Documents/NHLStenden/FPGA/QuartusPrimeProjects/DE2-115_V.1.0.6_SystemCD/DE2_115_demonstrations/DE2_115_SD_Card_Audio_Player_Copy/Software/test3_bsp/\libhal_bsp.a(alt_iic_isr_register.o)
 .bss           0x000000000304c0a4        0x0 c:/Users/Robin/Documents/NHLStenden/FPGA/QuartusPrimeProjects/DE2-115_V.1.0.6_SystemCD/DE2_115_demonstrations/DE2_115_SD_Card_Audio_Player_Copy/Software/test3_bsp/\libhal_bsp.a(alt_io_redirect.o)
 .bss           0x000000000304c0a4        0x0 c:/Users/Robin/Documents/NHLStenden/FPGA/QuartusPrimeProjects/DE2-115_V.1.0.6_SystemCD/DE2_115_demonstrations/DE2_115_SD_Card_Audio_Player_Copy/Software/test3_bsp/\libhal_bsp.a(alt_irq_entry.o)